--------- beginning of crash
F/libc    ( 5303): Fatal signal 6 (SIGABRT), code -6 in tid 5303 (main)
I/DEBUG   (  265): *** *** *** *** *** *** *** *** *** *** *** *** *** *** *** ***
I/DEBUG   (  265): Build fingerprint: 'samsung/s3ve3gxx/s3ve3g:4.4.2/KOT49H/I9301IXXUANL1:user/release-keys'
I/DEBUG   (  265): Revision: '4'
I/DEBUG   (  265): ABI: 'arm'
I/DEBUG   (  265): pid: 5303, tid: 5303, name: main  >>> app_process <<<
I/DEBUG   (  265): signal 6 (SIGABRT), code -6 (SI_TKILL), fault addr --------
I/DEBUG   (  265): Abort message: 'art/runtime/thread.cc:1143] No pending exception expected: java.lang.ClassNotFoundException: Didn't find class "com.android.lmt.InputContext" on path: DexPathList[[zip file "/data/data/com.android.lmt/files/InputContext.jar"],nativeLibraryDirectories=[/vendor/lib, /system/lib]]'
I/DEBUG   (  265):     r0 00000000  r1 000014b7  r2 00000006  r3 00000000
I/DEBUG   (  265):     r4 b6f5ce38  r5 00000006  r6 00000002  r7 0000010c
I/DEBUG   (  265):     r8 00000000  r9 b7a888e8  sl b7a92568  fp 00000001
I/DEBUG   (  265):     ip 000014b7  sp beb71470  lr b6dee531  pc b6e13f1c  cpsr 600f0010
I/DEBUG   (  265): 
I/DEBUG   (  265): backtrace:
I/DEBUG   (  265):     #00 pc 00039f1c  /system/lib/libc.so (tgkill+12)
I/DEBUG   (  265):     #01 pc 0001452d  /system/lib/libc.so (pthread_kill+52)
I/DEBUG   (  265):     #02 pc 00015283  /system/lib/libc.so (raise+10)
I/DEBUG   (  265):     #03 pc 000118e5  /system/lib/libc.so (__libc_android_abort+36)
I/DEBUG   (  265):     #04 pc 0000f648  /system/lib/libc.so (abort+4)
I/DEBUG   (  265):     #05 pc 0022842f  /system/lib/libart.so (art::Runtime::Abort()+170)
I/DEBUG   (  265):     #06 pc 000a6951  /system/lib/libart.so (art::LogMessage::~LogMessage()+1360)
I/DEBUG   (  265):     #07 pc 00236509  /system/lib/libart.so (art::Thread::AssertNoPendingException() const+384)
I/DEBUG   (  265):     #08 pc 000da5d1  /system/lib/libart.so (art::ClassLinker::FindClass(art::Thread*, char const*, art::Handle<art::mirror::ClassLoader>)+24)
I/DEBUG   (  265):     #09 pc 001db01d  /system/lib/libart.so (art::JNI::FindClass(_JNIEnv*, char const*)+832)
I/DEBUG   (  265):     #10 pc 00001f2d  /system/lib/libnativehelper.so (jniRegisterNativeMethods+20)
I/DEBUG   (  265):     #11 pc 0005bc49  /system/lib/libandroid_runtime.so
I/DEBUG   (  265):     #12 pc 0005cd1d  /system/lib/libandroid_runtime.so (android::AndroidRuntime::startReg(_JNIEnv*)+28)
I/DEBUG   (  265):     #13 pc 0005ce61  /system/lib/libandroid_runtime.so (android::AndroidRuntime::start(char const*, android::Vector<android::String8> const&)+284)
I/DEBUG   (  265):     #14 pc 00001675  /system/bin/app_process32_original
I/DEBUG   (  265):     #15 pc 0000f505  /system/lib/libc.so (__libc_init+44)
I/DEBUG   (  265):     #16 pc 000017b0  /system/bin/app_process32_original
--------- beginning of system
D/ConnectivityService(  706): notifyType CAP_CHANGED for NetworkAgentInfo [MOBILE (HSPA) - 191]
D/ConnectivityService(  706): notifyType IP_CHANGED for NetworkAgentInfo [MOBILE (HSPA+) - 191]
D/ConnectivityService(  706): rematching NetworkAgentInfo [MOBILE (HSPA+) - 191]
D/ConnectivityService(  706): Network NetworkAgentInfo [MOBILE (HSPA+) - 191] was already satisfying request 1. No change.
D/ConnectivityService(  706): notifyType AVAILABLE for NetworkAgentInfo [MOBILE (HSPA+) - 191]
D/ConnectivityService(  706): notifyType CAP_CHANGED for NetworkAgentInfo [MOBILE (HSPA+) - 191]
D/ConnectivityService(  706): notifyType IP_CHANGED for NetworkAgentInfo [MOBILE (HSPA) - 191]
I/PowerManagerService(  706): Waking up from dozing (uid 1000)...
I/DisplayPowerController(  706): Blocking screen on until initial contents have been drawn.
I/ProcessStatsService(  706): Prepared write state in 8ms
E/ActivityThread(16917): Failed to find provider info for com.facebook.orca.notify.MessengerLoggedInUserProvider
I/DisplayPowerController(  706): Unblocked screen on after 198 ms
I/DisplayManagerService(  706): Display device changed: DisplayDeviceInfo{"מסך מובנה": uniqueId="local:0", 720 x 1280, 60.0 fps, supportedRefreshRates [60.0], density 320, 304.799 x 306.716 dpi, appVsyncOff 0, presDeadline 17666667, touch INTERNAL, rotation 0, type BUILT_IN, state ON, FLAG_DEFAULT_DISPLAY, FLAG_ROTATES_WITH_CONTENT, FLAG_SECURE, FLAG_SUPPORTS_PROTECTED_BUFFERS}
V/ActivityManager(  706): Display changed displayId=0
I/DreamManagerService(  706): Gently waking up from dream.
I/DreamManagerService(  706): Leaving dreamland.
I/DreamController(  706): Stopping dream: name=ComponentInfo{com.android.systemui/com.android.systemui.doze.DozeService}, isTest=false, canDoze=true, userId=0
W/InputMethodManagerService(  706): Window already focused, ignoring focus gain of: com.android.internal.view.IInputMethodClient$Stub$Proxy@3bb4b3a0 attribute=android.view.inputmethod.EditorInfo@86b6b59, token = android.os.BinderProxy@2b623472
I/ActivityManager(  706): Start proc 29913:eu.chainfire.supersu/u0a66 for broadcast eu.chainfire.supersu/.UserPresentReceiver
W/ResourcesManager(29913): Asset path '/system/framework/org.cyanogenmod.hardware.jar' does not exist or contains no resources.
I/ActivityManager(  706): Killing 28183:com.android.mms/u0a10 (adj 15): empty #17
D/ConnectivityService(  706): rematching NetworkAgentInfo [MOBILE (HSPA) - 191]
D/ConnectivityService(  706): Network NetworkAgentInfo [MOBILE (HSPA) - 191] was already satisfying request 1. No change.
D/ConnectivityService(  706): notifyType AVAILABLE for NetworkAgentInfo [MOBILE (HSPA) - 191]
D/ConnectivityService(  706): notifyType CAP_CHANGED for NetworkAgentInfo [MOBILE (HSPA) - 191]
D/ConnectivityService(  706): notifyType IP_CHANGED for NetworkAgentInfo [MOBILE (HSPA+) - 191]
I/ActivityManager(  706): Start proc 29943:com.linkedin.android/u0a128 for broadcast com.linkedin.android/.appwidget.ResponsiveWidgetService$ActiveUserListener
D/ConnectivityService(  706): registerNetworkAgent NetworkAgentInfo{ ni{[type: WIFI[], state: CONNECTING/CONNECTING, reason: (unspecified), extra: "WLAN-PUB", roaming: false, failover: false, isAvailable: true, isConnectedToProvisioningNetwork: false]}  network{null}  lp{{LinkAddresses: []  Routes: [] DnsAddresses: [] Domains: null MTU: 0 TcpBufferSizes: 524288,1048576,4525824,524288,1048576,4525824}}  nc{[ Transports: WIFI Capabilities: INTERNET&NOT_RESTRICTED&TRUSTED&NOT_VPN LinkUpBandwidth>=1048576Kbps LinkDnBandwidth>=1048576Kbps]}  Score{20}  everValidated{false}  lastValidated{false}  created{false}  explicitlySelected{false} }
D/ConnectivityService(  706): NetworkAgentInfo [WIFI () - 192] EVENT_NETWORK_INFO_CHANGED, going from null to CONNECTING
D/ConnectivityService(  706): updateNetworkScore for NetworkAgentInfo [WIFI () - 192] to 51
D/ConnectivityService(  706): rematching NetworkAgentInfo [MOBILE (HSPA+) - 191]
D/ConnectivityService(  706): Network NetworkAgentInfo [MOBILE (HSPA+) - 191] was already satisfying request 1. No change.
D/ConnectivityService(  706): notifyType AVAILABLE for NetworkAgentInfo [MOBILE (HSPA+) - 191]
I/ActivityManager(  706): START u0 {act=android.search.action.GLOBAL_SEARCH flg=0x10000000 cmp=com.google.android.googlequicksearchbox/com.google.android.search.queryentry.QueryEntryActivity bnds=[219,48][347,176] (has extras)} from uid 10069 on display 0
V/WindowManager(  706): addAppToken: AppWindowToken{3f028200 token=Token{17caf083 ActivityRecord{2fbcb32 u0 com.google.android.googlequicksearchbox/com.google.android.search.queryentry.QueryEntryActivity t631}}} to stack=1 task=631 at 0
I/ActivityManager(  706): Start proc 29968:com.google.android.googlequicksearchbox:search/u0a21 for activity com.google.android.googlequicksearchbox/com.google.android.search.queryentry.QueryEntryActivity
I/ActivityManager(  706): Start proc 30047:com.anydo/u0a81 for broadcast com.anydo/.receiver.NotificationsReviverReciever
D/ConnectivityService(  706): NetworkAgentInfo [WIFI () - 192] EVENT_NETWORK_INFO_CHANGED, going from CONNECTING to CONNECTED
D/ConnectivityService(  706): Adding iface wlan0 to network 192
E/ConnectivityService(  706): Unexpected mtu value: 0, wlan0
D/ConnectivityService(  706): Adding Route [fe80::/64 -> :: wlan0] to network 192
D/ConnectivityService(  706): Adding Route [192.168.80.0/22 -> 0.0.0.0 wlan0] to network 192
D/ConnectivityService(  706): Adding Route [0.0.0.0/0 -> 192.168.80.1 wlan0] to network 192
D/ConnectivityService(  706): Setting Dns servers for network 192 to [/80.179.52.100, /80.179.55.100]
I/ActivityManager(  706): Start proc 30072:com.google.android.partnersetup/u0a24 for content provider com.google.android.partnersetup/.RlzAppProvider
D/ConnectivityService(  706): notifyType IP_CHANGED for NetworkAgentInfo [WIFI () - 192]
D/ConnectivityService(  706): notifyType PRECHECK for NetworkAgentInfo [WIFI () - 192]
D/ConnectivityService(  706): rematching NetworkAgentInfo [WIFI () - 192]
V/ActivityManager(  706): killProcessGroupAsync took 7 ms for PID 28183 on thread 17
V/WindowManager(  706): Adding window Window{23397406 u0 com.google.android.googlequicksearchbox/com.google.android.search.queryentry.QueryEntryActivity} at 8 of 16 (after Window{250c179f u0 com.whatsapp/com.whatsapp.Conversation})
I/ActivityManager(  706): Killing 28214:com.cyanogenmod.lockclock/u0a48 (adj 15): empty #17
V/ActivityManager(  706): killProcessGroupAsync took 48 ms for PID 28214 on thread 17
D/ConnectivityService(  706): setProvNotificationVisibleIntent: E visible=false networkType=0 extraInfo=null
D/ConnectivityService(  706): Validated NetworkAgentInfo [WIFI () - 192]
D/ConnectivityService(  706): rematching NetworkAgentInfo [WIFI () - 192]
D/ConnectivityService(  706):    accepting network in place of NetworkAgentInfo [MOBILE (HSPA+) - 191]
D/ConnectivityService(  706): notifyType LOSING for NetworkAgentInfo [MOBILE (HSPA+) - 191]
D/ConnectivityService(  706): Switching to new default network: NetworkAgentInfo{ ni{[type: WIFI[], state: CONNECTED/CONNECTED, reason: (unspecified), extra: "WLAN-PUB", roaming: false, failover: false, isAvailable: true, isConnectedToProvisioningNetwork: false]}  network{192}  lp{{InterfaceName: wlan0 LinkAddresses: [fe80::1a3a:2dff:fe2c:d93f/64,192.168.80.157/22,]  Routes: [fe80::/64 -> :: wlan0,192.168.80.0/22 -> 0.0.0.0 wlan0,0.0.0.0/0 -> 192.168.80.1 wlan0,] DnsAddresses: [80.179.52.100,80.179.55.100,] Domains:  MTU: 0 TcpBufferSizes: 524288,1048576,4525824,524288,1048576,4525824}}  nc{[ Transports: WIFI Capabilities: INTERNET&NOT_RESTRICTED&TRUSTED&NOT_VPN LinkUpBandwidth>=1048576Kbps LinkDnBandwidth>=1048576Kbps]}  Score{51}  everValidated{true}  lastValidated{true}  created{true}  explicitlySelected{false} }
D/ConnectivityService(  706): Setting tx/rx TCP buffers to 524288,1048576,4525824,524288,1048576,4525824
D/ConnectivityService(  706): notifyType AVAILABLE for NetworkAgentInfo [WIFI () - 192]
D/CSLegacyTypeTracker(  706): Sending disconnected broadcast for type 0 NetworkAgentInfo [MOBILE (HSPA+) - 191] isDefaultNetwork=false
D/ConnectivityService(  706): sendStickyBroadcast: action=android.net.conn.CONNECTIVITY_CHANGE_IMMEDIATE
D/ConnectivityService(  706): sendStickyBroadcast: action=android.net.conn.CONNECTIVITY_CHANGE
D/CSLegacyTypeTracker(  706): Sending connected broadcast for type 1 NetworkAgentInfo [WIFI () - 192] isDefaultNetwork=true
D/ConnectivityService(  706): sendStickyBroadcast: action=android.net.conn.CONNECTIVITY_CHANGE_IMMEDIATE
D/ConnectivityService(  706): sendStickyBroadcast: action=android.net.conn.CONNECTIVITY_CHANGE
D/ConnectivityService(  706): Validated NetworkAgentInfo [WIFI () - 192]
D/ConnectivityService(  706): notifyType IP_CHANGED for NetworkAgentInfo [WIFI () - 192]
W/ActivityManager(  706): Unable to start service Intent { flg=0x4 cmp=com.nuance.swype.dtc/com.nuance.swype.input.IMEApplication (has extras) } U=0: not found
V/NotificationService(  706): pkg=com.anydo canInterrupt=false intercept=true
I/ActivityManager(  706): Start proc 30218:android.process.media/u0a7 for broadcast com.android.providers.downloads/.DownloadReceiver
I/ActivityManager(  706): Start proc 30255:com.android.mms/u0a10 for broadcast com.android.mms/.transaction.MmsSystemEventReceiver
I/ActivityManager(  706): Killing 28285:com.android.chrome/u0a97 (adj 15): empty #17
V/ActivityManager(  706): killProcessGroupAsync took 64 ms for PID 28285 on thread 17
D/WifiService(  706): New client listening to asynchronous messages
W/ResourcesManager(30255): Asset path '/system/framework/com.google.android.media.effects.jar' does not exist or contains no resources.
I/ActivityManager(  706): Start proc 30294:com.cyanogenmod.lockclock/u0a48 for broadcast com.cyanogenmod.lockclock/.ClockWidgetProvider
D/ConnectivityService(  706): updateNetworkScore for NetworkAgentInfo [WIFI () - 192] to 55
D/ConnectivityService(  706): rematching NetworkAgentInfo [WIFI () - 192]
D/ConnectivityService(  706): Network NetworkAgentInfo [WIFI () - 192] was already satisfying request 1. No change.
D/ConnectivityService(  706): notifyType AVAILABLE for NetworkAgentInfo [WIFI () - 192]
I/ActivityManager(  706): Killing 28306:com.mxtech.videoplayer.ad/u0a109 (adj 15): empty #17
V/ActivityManager(  706): killProcessGroupAsync took 59 ms for PID 28306 on thread 17
I/ValidateNoPeople(  706): skipping global notification
D/ZenLog  (  706): intercepted: -1|android|17040895|null|1000,none
V/NotificationService(  706): pkg=android canInterrupt=false intercept=true
I/ActivityManager(  706): Killing 28331:com.google.android.apps.unveil/u0a110 (adj 15): empty #17
I/ActivityManager(  706): Killing 28355:com.google.android.apps.magazines/u0a95 (adj 15): empty #17
V/ActivityManager(  706): killProcessGroupAsync took 86 ms for PID 28331 on thread 17
I/ActivityManager(  706): Start proc 30322:com.android.chrome/u0a97 for broadcast com.android.chrome/org.chromium.chrome.browser.precache.PrecacheServiceLauncher
V/ActivityManager(  706): killProcessGroupAsync took 374 ms for PID 28355 on thread 17
I/ActivityManager(  706): Start proc 30344:com.mxtech.videoplayer.ad/u0a109 for broadcast com.mxtech.videoplayer.ad/com.inmobi.commons.analytics.androidsdk.IMAdTrackerReceiver
I/ActivityManager(  706): Killing 26681:com.google.android.apps.maps/u0a71 (adj 15): empty #17
V/ActivityManager(  706): killProcessGroupAsync took 22 ms for PID 26681 on thread 17
I/ActivityManager(  706): Start proc 30367:com.google.android.apps.unveil/u0a110 for broadcast com.google.android.apps.unveil/.service.LaunchReceiver
I/ActivityManager(  706): Killing 28500:com.google.android.gms.wearable/u0a20 (adj 15): empty #17
V/ActivityManager(  706): killProcessGroupAsync took 27 ms for PID 28500 on thread 17
W/ResourcesManager(30367): Asset path '/system/framework/com.google.android.maps.jar' does not exist or contains no resources.
I/ActivityManager(  706): Killing 29077:com.quoord.tapatalkpro.activity/u0a83 (adj 15): empty #17
I/ActivityManager(  706): Start proc 30391:com.google.android.apps.magazines/u0a95 for broadcast com.google.android.apps.magazines/com.google.apps.dots.android.newsstand.appwidget.NewsWidgetProvider
V/ActivityManager(  706): killProcessGroupAsync took 48 ms for PID 29077 on thread 17
I/ActivityManager(  706): Start proc 30452:com.google.android.apps.maps/u0a71 for broadcast com.google.android.apps.maps/com.google.userfeedback.android.api.FeedbackConnectivityReceiver
I/ActivityManager(  706): Killing 29180:com.android.deskclock/u0a35 (adj 15): empty #17
V/ActivityManager(  706): killProcessGroupAsync took 26 ms for PID 29180 on thread 17
I/ActivityManager(  706): Killing 29913:eu.chainfire.supersu/u0a66 (adj 15): empty #17
V/ActivityManager(  706): killProcessGroupAsync took 46 ms for PID 29913 on thread 17
D/ConnectivityService(  706): rematching NetworkAgentInfo [MOBILE (HSPA+) - 191]
D/ConnectivityService(  706): rematching NetworkAgentInfo [WIFI () - 192]
D/ConnectivityService(  706): Network NetworkAgentInfo [WIFI () - 192] was already satisfying request 1. No change.
D/ConnectivityService(  706): notifyType AVAILABLE for NetworkAgentInfo [WIFI () - 192]
D/ConnectivityService(  706): notifyType CAP_CHANGED for NetworkAgentInfo [MOBILE (HSPA+) - 191]
D/ConnectivityService(  706): notifyType IP_CHANGED for NetworkAgentInfo [MOBILE (HSPA) - 191]
I/ValidateNoPeople(  706): skipping global notification
V/NotificationService(  706): pkg=android canInterrupt=false intercept=true
I/ActivityManager(  706): START u0 {act=android.intent.action.MAIN dat=search://חברים לרפואה flg=0x1c082000 cmp=com.google.android.googlequicksearchbox/com.google.android.apps.gsa.legacyui.VelvetActivity (has extras)} from uid 10021 on display 0
V/WindowManager(  706): addAppToken: AppWindowToken{183ab7f5 token=Token{288d212c ActivityRecord{2a6520df u0 com.google.android.googlequicksearchbox/com.google.android.apps.gsa.legacyui.VelvetActivity t632}}} to stack=1 task=632 at 0
V/WindowManager(  706): Adding window Window{294bde71 u0 com.google.android.googlequicksearchbox/com.google.android.apps.gsa.legacyui.VelvetActivity} at 9 of 17 (after Window{23397406 u0 com.google.android.googlequicksearchbox/com.google.android.search.queryentry.QueryEntryActivity})
W/ActivityManager(  706): Finishing task with all activities already finished
W/ActivityManager(  706): Duplicate finish request for ActivityRecord{2fbcb32 u0 com.google.android.googlequicksearchbox/com.google.android.search.queryentry.QueryEntryActivity t631 f}
D/ConnectivityService(  706): updateNetworkScore for NetworkAgentInfo [WIFI () - 192] to 51
D/ConnectivityService(  706): rematching NetworkAgentInfo [MOBILE (HSPA) - 191]
D/ConnectivityService(  706): rematching NetworkAgentInfo [WIFI () - 192]
D/ConnectivityService(  706): Network NetworkAgentInfo [WIFI () - 192] was already satisfying request 1. No change.
D/ConnectivityService(  706): notifyType AVAILABLE for NetworkAgentInfo [WIFI () - 192]
I/ActivityManager(  706): START u0 {act=android.intent.action.VIEW cat=[android.intent.category.BROWSABLE] dat=http://www.haverim.org.il/ cmp=com.android.browser/.BrowserActivity (has extras)} from uid 10021 on display 0
V/WindowManager(  706): addAppToken: AppWindowToken{20b068de token=Token{3ec2d019 ActivityRecord{346bb360 u0 com.android.browser/.BrowserActivity t633}}} to stack=1 task=633 at 0
V/WindowManager(  706): Adding window Window{34156951 u0 Starting com.android.browser} at 9 of 17 (after Window{294bde71 u0 com.google.android.googlequicksearchbox/com.google.android.apps.gsa.legacyui.VelvetActivity})
I/ActivityManager(  706): Start proc 30689:com.android.browser/u0a28 for activity com.android.browser/.BrowserActivity
W/ResourcesManager(29968): Asset path '/system/framework/com.android.media.remotedisplay.jar' does not exist or contains no resources.
W/ResourcesManager(29968): Asset path '/system/framework/com.android.location.provider.jar' does not exist or contains no resources.
V/WindowManager(  706): Adding window Window{816449f u0 com.android.browser/com.android.browser.BrowserActivity} at 9 of 18 (before Window{34156951 u0 Starting com.android.browser})
D/ConnectivityService(  706): updateNetworkScore for NetworkAgentInfo [WIFI () - 192] to 55
D/ConnectivityService(  706): rematching NetworkAgentInfo [WIFI () - 192]
D/ConnectivityService(  706): Network NetworkAgentInfo [WIFI () - 192] was already satisfying request 1. No change.
D/ConnectivityService(  706): notifyType AVAILABLE for NetworkAgentInfo [WIFI () - 192]
I/ActivityManager(  706): Killing 22771:com.devexpert.weather/u0a92 (adj 15): empty #17
V/ActivityManager(  706): killProcessGroupAsync took 22 ms for PID 22771 on thread 17
D/ConnectivityService(  706): updateNetworkScore for NetworkAgentInfo [WIFI () - 192] to 51
D/ConnectivityService(  706): rematching NetworkAgentInfo [MOBILE (HSPA) - 191]
D/ConnectivityService(  706): rematching NetworkAgentInfo [WIFI () - 192]
D/ConnectivityService(  706): Network NetworkAgentInfo [WIFI () - 192] was already satisfying request 1. No change.
D/ConnectivityService(  706): notifyType AVAILABLE for NetworkAgentInfo [WIFI () - 192]
W/ProcessCpuTracker(  706): Skipping unknown process pid 30844
W/ProcessCpuTracker(  706): Skipping unknown process pid 30845
W/ProcessCpuTracker(  706): Skipping unknown process pid 30853
D/ConnectivityService(  706): handleLingerComplete for NetworkAgentInfo [MOBILE (HSPA) - 191]
D/ConnectivityService(  706): NetworkAgentInfo [MOBILE (HSPA) - 191] got DISCONNECTED, was satisfying 1
D/ConnectivityService(  706): notifyType LOST for NetworkAgentInfo [MOBILE (HSPA) - 191]
W/ActivityThread(30452): ClassLoader.loadClass: The class loader returned by Thread.getContextClassLoader() may fail for processes that host multiple applications. You should explicitly specify a context class loader. For example: Thread.setContextClassLoader(getClass().getClassLoader());
I/ActivityManager(  706): Start proc 31094:com.devexpert.weather/u0a92 for broadcast com.devexpert.weather/.view.WidgetWeather2x1
I/ActivityManager(  706): Killing 29943:com.linkedin.android/u0a128 (adj 15): empty #17
V/ActivityManager(  706): killProcessGroupAsync took 164 ms for PID 29943 on thread 17
I/ActivityManager(  706): moveTaskToBack: TaskRecord{1dc57338 #633 A=android.task.browser U=0 sz=1}
I/ActivityManager(  706): START u0 {act=android.intent.action.VIEW cat=[android.intent.category.BROWSABLE] dat=http://www.haverim.org.il/ cmp=com.android.browser/.BrowserActivity (has extras)} from uid 10021 on display 0
I/ActivityManager(  706): moveTaskToBack: TaskRecord{1dc57338 #633 A=android.task.browser U=0 sz=1}
D/ConnectivityService(  706): updateNetworkScore for NetworkAgentInfo [WIFI () - 192] to 49
D/ConnectivityService(  706): rematching NetworkAgentInfo [WIFI () - 192]
D/ConnectivityService(  706): Network NetworkAgentInfo [WIFI () - 192] was already satisfying request 1. No change.
D/ConnectivityService(  706): notifyType AVAILABLE for NetworkAgentInfo [WIFI () - 192]
D/ConnectivityService(  706): setProvNotificationVisible: E visible=false networkType=0 action=com.android.internal.telephony.PROVISION0
D/ConnectivityService(  706): setProvNotificationVisibleIntent: E visible=false networkType=0 extraInfo=null
D/ConnectivityService(  706): registerNetworkAgent NetworkAgentInfo{ ni{[type: MOBILE[HSPA], state: CONNECTED/CONNECTED, reason: connected, extra: sphone.pelephone.net.il, roaming: false, failover: false, isAvailable: true, isConnectedToProvisioningNetwork: false]}  network{null}  lp{{InterfaceName: rmnet0 LinkAddresses: [10.25.178.57/32,]  Routes: [0.0.0.0/0 -> 10.25.178.58 rmnet0,] DnsAddresses: [91.135.104.8,91.135.102.8,] Domains: null MTU: 1500 TcpBufferSizes: 4094,87380,1220608,4096,16384,1220608}}  nc{[ Transports: CELLULAR Capabilities: SUPL&INTERNET&NOT_RESTRICTED&TRUSTED&NOT_VPN LinkUpBandwidth>=5898Kbps LinkDnBandwidth>=14336Kbps Specifier: <1>]}  Score{10}  everValidated{false}  lastValidated{false}  created{false}  explicitlySelected{false} }
D/ConnectivityService(  706): NetworkAgentInfo [MOBILE (HSPA) - 193] EVENT_NETWORK_INFO_CHANGED, going from null to CONNECTED
D/ConnectivityService(  706): Adding iface rmnet0 to network 193
D/ConnectivityService(  706): Setting MTU size: rmnet0, 1500
D/ConnectivityService(  706): Adding Route [0.0.0.0/0 -> 10.25.178.58 rmnet0] to network 193
D/ConnectivityService(  706): Setting Dns servers for network 193 to [/91.135.104.8, /91.135.102.8]
D/ConnectivityService(  706): notifyType IP_CHANGED for NetworkAgentInfo [MOBILE (HSPA) - 193]
D/ConnectivityService(  706): notifyType PRECHECK for NetworkAgentInfo [MOBILE (HSPA) - 193]
D/ConnectivityService(  706): rematching NetworkAgentInfo [MOBILE (HSPA) - 193]
D/ConnectivityService(  706): rematching NetworkAgentInfo [MOBILE (HSPA) - 193]
D/ConnectivityService(  706): rematching NetworkAgentInfo [WIFI () - 192]
D/ConnectivityService(  706): Network NetworkAgentInfo [WIFI () - 192] was already satisfying request 1. No change.
D/ConnectivityService(  706): notifyType AVAILABLE for NetworkAgentInfo [WIFI () - 192]
D/ConnectivityService(  706): notifyType CAP_CHANGED for NetworkAgentInfo [MOBILE (HSPA) - 193]
D/ConnectivityService(  706): notifyType IP_CHANGED for NetworkAgentInfo [MOBILE (HSPA+) - 193]
D/ConnectivityService(  706): updateNetworkScore for NetworkAgentInfo [WIFI () - 192] to 51
D/ConnectivityService(  706): rematching NetworkAgentInfo [WIFI () - 192]
D/ConnectivityService(  706): Network NetworkAgentInfo [WIFI () - 192] was already satisfying request 1. No change.
D/ConnectivityService(  706): notifyType AVAILABLE for NetworkAgentInfo [WIFI () - 192]
D/ConnectivityService(  706): Reaping NetworkAgentInfo [MOBILE (HSPA+) - 193]
D/ConnectivityService(  706): NetworkAgentInfo [MOBILE (HSPA+) - 193] got DISCONNECTED, was satisfying 1
D/ConnectivityService(  706): notifyType LOST for NetworkAgentInfo [MOBILE (HSPA+) - 193]
D/ConnectivityService(  706): setProvNotificationVisibleIntent: E visible=false networkType=0 extraInfo=null
I/UsageStatsService(  706): User[0] Flushing usage stats to disk
I/ActivityManager(  706): START u0 {act=android.intent.action.VIEW cat=[android.intent.category.BROWSABLE] dat=http://www.haverim.org.il/ cmp=com.android.browser/.BrowserActivity (has extras)} from uid 10021 on display 0
D/ConnectivityService(  706): updateNetworkScore for NetworkAgentInfo [WIFI () - 192] to 49
D/ConnectivityService(  706): rematching NetworkAgentInfo [WIFI () - 192]
D/ConnectivityService(  706): Network NetworkAgentInfo [WIFI () - 192] was already satisfying request 1. No change.
D/ConnectivityService(  706): notifyType AVAILABLE for NetworkAgentInfo [WIFI () - 192]
D/ConnectivityService(  706): setProvNotificationVisible: E visible=false networkType=0 action=com.android.internal.telephony.PROVISION0
D/ConnectivityService(  706): setProvNotificationVisibleIntent: E visible=false networkType=0 extraInfo=null
D/ConnectivityService(  706): registerNetworkAgent NetworkAgentInfo{ ni{[type: MOBILE[HSPA], state: CONNECTED/CONNECTED, reason: connected, extra: sphone.pelephone.net.il, roaming: false, failover: false, isAvailable: true, isConnectedToProvisioningNetwork: false]}  network{null}  lp{{InterfaceName: rmnet0 LinkAddresses: [10.25.247.5/32,]  Routes: [0.0.0.0/0 -> 10.25.247.6 rmnet0,] DnsAddresses: [91.135.104.8,91.135.102.8,] Domains: null MTU: 1500 TcpBufferSizes: 4094,87380,1220608,4096,16384,1220608}}  nc{[ Transports: CELLULAR Capabilities: SUPL&INTERNET&NOT_RESTRICTED&TRUSTED&NOT_VPN LinkUpBandwidth>=5898Kbps LinkDnBandwidth>=14336Kbps Specifier: <1>]}  Score{10}  everValidated{false}  lastValidated{false}  created{false}  explicitlySelected{false} }
D/ConnectivityService(  706): NetworkAgentInfo [MOBILE (HSPA) - 194] EVENT_NETWORK_INFO_CHANGED, going from null to CONNECTED
D/ConnectivityService(  706): Adding iface rmnet0 to network 194
D/ConnectivityService(  706): Setting MTU size: rmnet0, 1500
D/ConnectivityService(  706): Adding Route [0.0.0.0/0 -> 10.25.247.6 rmnet0] to network 194
D/ConnectivityService(  706): Setting Dns servers for network 194 to [/91.135.104.8, /91.135.102.8]
D/ConnectivityService(  706): notifyType IP_CHANGED for NetworkAgentInfo [MOBILE (HSPA) - 194]
D/ConnectivityService(  706): notifyType PRECHECK for NetworkAgentInfo [MOBILE (HSPA) - 194]
D/ConnectivityService(  706): rematching NetworkAgentInfo [MOBILE (HSPA) - 194]
D/ConnectivityService(  706): rematching NetworkAgentInfo [MOBILE (HSPA) - 194]
D/ConnectivityService(  706): rematching NetworkAgentInfo [WIFI () - 192]
D/ConnectivityService(  706): Network NetworkAgentInfo [WIFI () - 192] was already satisfying request 1. No change.
D/ConnectivityService(  706): notifyType AVAILABLE for NetworkAgentInfo [WIFI () - 192]
D/ConnectivityService(  706): notifyType CAP_CHANGED for NetworkAgentInfo [MOBILE (HSPA) - 194]
D/ConnectivityService(  706): notifyType IP_CHANGED for NetworkAgentInfo [MOBILE (HSPA+) - 194]
D/ConnectivityService(  706): updateNetworkScore for NetworkAgentInfo [WIFI () - 192] to 51
D/ConnectivityService(  706): rematching NetworkAgentInfo [WIFI () - 192]
D/ConnectivityService(  706): Network NetworkAgentInfo [WIFI () - 192] was already satisfying request 1. No change.
D/ConnectivityService(  706): notifyType AVAILABLE for NetworkAgentInfo [WIFI () - 192]
D/ConnectivityService(  706): Reaping NetworkAgentInfo [MOBILE (HSPA+) - 194]
D/ConnectivityService(  706): NetworkAgentInfo [MOBILE (HSPA+) - 194] got DISCONNECTED, was satisfying 1
D/ConnectivityService(  706): notifyType LOST for NetworkAgentInfo [MOBILE (HSPA+) - 194]
D/ConnectivityService(  706): setProvNotificationVisibleIntent: E visible=false networkType=0 extraInfo=null
D/ConnectivityService(  706): updateNetworkScore for NetworkAgentInfo [WIFI () - 192] to 49
D/ConnectivityService(  706): rematching NetworkAgentInfo [WIFI () - 192]
D/ConnectivityService(  706): Network NetworkAgentInfo [WIFI () - 192] was already satisfying request 1. No change.
D/ConnectivityService(  706): notifyType AVAILABLE for NetworkAgentInfo [WIFI () - 192]
I/ActivityManager(  706): moveTaskToBack: TaskRecord{1dc57338 #633 A=android.task.browser U=0 sz=1}
D/ConnectivityService(  706): registerNetworkAgent NetworkAgentInfo{ ni{[type: MOBILE[HSPA], state: CONNECTED/CONNECTED, reason: connected, extra: sphone.pelephone.net.il, roaming: false, failover: false, isAvailable: true, isConnectedToProvisioningNetwork: false]}  network{null}  lp{{InterfaceName: rmnet0 LinkAddresses: [10.39.60.25/32,]  Routes: [0.0.0.0/0 -> 10.39.60.26 rmnet0,] DnsAddresses: [91.135.104.8,91.135.102.8,] Domains: null MTU: 1500 TcpBufferSizes: 4094,87380,1220608,4096,16384,1220608}}  nc{[ Transports: CELLULAR Capabilities: SUPL&INTERNET&NOT_RESTRICTED&TRUSTED&NOT_VPN LinkUpBandwidth>=5898Kbps LinkDnBandwidth>=14336Kbps Specifier: <1>]}  Score{10}  everValidated{false}  lastValidated{false}  created{false}  explicitlySelected{false} }
D/ConnectivityService(  706): NetworkAgentInfo [MOBILE (HSPA) - 195] EVENT_NETWORK_INFO_CHANGED, going from null to CONNECTED
D/ConnectivityService(  706): Adding iface rmnet0 to network 195
D/ConnectivityService(  706): setProvNotificationVisible: E visible=false networkType=0 action=com.android.internal.telephony.PROVISION0
D/ConnectivityService(  706): setProvNotificationVisibleIntent: E visible=false networkType=0 extraInfo=null
D/ConnectivityService(  706): Setting MTU size: rmnet0, 1500
D/ConnectivityService(  706): Adding Route [0.0.0.0/0 -> 10.39.60.26 rmnet0] to network 195
D/ConnectivityService(  706): Setting Dns servers for network 195 to [/91.135.104.8, /91.135.102.8]
D/ConnectivityService(  706): notifyType IP_CHANGED for NetworkAgentInfo [MOBILE (HSPA) - 195]
D/ConnectivityService(  706): notifyType PRECHECK for NetworkAgentInfo [MOBILE (HSPA) - 195]
D/ConnectivityService(  706): rematching NetworkAgentInfo [MOBILE (HSPA) - 195]
D/ConnectivityService(  706): rematching NetworkAgentInfo [MOBILE (HSPA) - 195]
D/ConnectivityService(  706): rematching NetworkAgentInfo [WIFI () - 192]
D/ConnectivityService(  706): Network NetworkAgentInfo [WIFI () - 192] was already satisfying request 1. No change.
D/ConnectivityService(  706): notifyType AVAILABLE for NetworkAgentInfo [WIFI () - 192]
D/ConnectivityService(  706): notifyType CAP_CHANGED for NetworkAgentInfo [MOBILE (HSPA) - 195]
D/ConnectivityService(  706): notifyType IP_CHANGED for NetworkAgentInfo [MOBILE (HSPA+) - 195]
D/ConnectivityService(  706): updateNetworkScore for NetworkAgentInfo [WIFI () - 192] to 51
D/ConnectivityService(  706): rematching NetworkAgentInfo [WIFI () - 192]
D/ConnectivityService(  706): Network NetworkAgentInfo [WIFI () - 192] was already satisfying request 1. No change.
D/ConnectivityService(  706): notifyType AVAILABLE for NetworkAgentInfo [WIFI () - 192]
D/ConnectivityService(  706): Reaping NetworkAgentInfo [MOBILE (HSPA+) - 195]
D/ConnectivityService(  706): NetworkAgentInfo [MOBILE (HSPA+) - 195] got DISCONNECTED, was satisfying 1
D/ConnectivityService(  706): notifyType LOST for NetworkAgentInfo [MOBILE (HSPA+) - 195]
I/ActivityManager(  706): START u0 {act=android.intent.action.VIEW cat=[android.intent.category.BROWSABLE] dat=http://www.haverim.org.il/about_us cmp=com.android.browser/.BrowserActivity (has extras)} from uid 10021 on display 0
D/ConnectivityService(  706): setProvNotificationVisibleIntent: E visible=false networkType=0 extraInfo=null
D/ConnectivityService(  706): updateNetworkScore for NetworkAgentInfo [WIFI () - 192] to 55
D/ConnectivityService(  706): rematching NetworkAgentInfo [WIFI () - 192]
D/ConnectivityService(  706): Network NetworkAgentInfo [WIFI () - 192] was already satisfying request 1. No change.
D/ConnectivityService(  706): notifyType AVAILABLE for NetworkAgentInfo [WIFI () - 192]
D/ConnectivityService(  706): updateNetworkScore for NetworkAgentInfo [WIFI () - 192] to 51
D/ConnectivityService(  706): rematching NetworkAgentInfo [WIFI () - 192]
D/ConnectivityService(  706): Network NetworkAgentInfo [WIFI () - 192] was already satisfying request 1. No change.
D/ConnectivityService(  706): notifyType AVAILABLE for NetworkAgentInfo [WIFI () - 192]
W/InputMethodManagerService(  706): Window already focused, ignoring focus gain of: com.android.internal.view.IInputMethodClient$Stub$Proxy@1fbb505c attribute=null, token = android.os.BinderProxy@725ae3e
D/ConnectivityService(  706): updateNetworkScore for NetworkAgentInfo [WIFI () - 192] to 49
D/ConnectivityService(  706): rematching NetworkAgentInfo [WIFI () - 192]
D/ConnectivityService(  706): Network NetworkAgentInfo [WIFI () - 192] was already satisfying request 1. No change.
D/ConnectivityService(  706): notifyType AVAILABLE for NetworkAgentInfo [WIFI () - 192]
D/ConnectivityService(  706): setProvNotificationVisible: E visible=false networkType=0 action=com.android.internal.telephony.PROVISION0
D/ConnectivityService(  706): setProvNotificationVisibleIntent: E visible=false networkType=0 extraInfo=null
D/ConnectivityService(  706): registerNetworkAgent NetworkAgentInfo{ ni{[type: MOBILE[HSPA], state: CONNECTED/CONNECTED, reason: connected, extra: sphone.pelephone.net.il, roaming: false, failover: false, isAvailable: true, isConnectedToProvisioningNetwork: false]}  network{null}  lp{{InterfaceName: rmnet0 LinkAddresses: [10.45.156.242/32,]  Routes: [0.0.0.0/0 -> 10.45.156.241 rmnet0,] DnsAddresses: [91.135.104.8,91.135.102.8,] Domains: null MTU: 1500 TcpBufferSizes: 4094,87380,1220608,4096,16384,1220608}}  nc{[ Transports: CELLULAR Capabilities: SUPL&INTERNET&NOT_RESTRICTED&TRUSTED&NOT_VPN LinkUpBandwidth>=5898Kbps LinkDnBandwidth>=14336Kbps Specifier: <1>]}  Score{10}  everValidated{false}  lastValidated{false}  created{false}  explicitlySelected{false} }
D/ConnectivityService(  706): NetworkAgentInfo [MOBILE (HSPA) - 196] EVENT_NETWORK_INFO_CHANGED, going from null to CONNECTED
D/ConnectivityService(  706): Adding iface rmnet0 to network 196
D/ConnectivityService(  706): Setting MTU size: rmnet0, 1500
D/ConnectivityService(  706): Adding Route [0.0.0.0/0 -> 10.45.156.241 rmnet0] to network 196
D/ConnectivityService(  706): Setting Dns servers for network 196 to [/91.135.104.8, /91.135.102.8]
D/ConnectivityService(  706): notifyType IP_CHANGED for NetworkAgentInfo [MOBILE (HSPA) - 196]
D/ConnectivityService(  706): notifyType PRECHECK for NetworkAgentInfo [MOBILE (HSPA) - 196]
D/ConnectivityService(  706): rematching NetworkAgentInfo [MOBILE (HSPA) - 196]
D/ConnectivityService(  706): rematching NetworkAgentInfo [MOBILE (HSPA) - 196]
D/ConnectivityService(  706): rematching NetworkAgentInfo [WIFI () - 192]
D/ConnectivityService(  706): Network NetworkAgentInfo [WIFI () - 192] was already satisfying request 1. No change.
D/ConnectivityService(  706): notifyType AVAILABLE for NetworkAgentInfo [WIFI () - 192]
D/ConnectivityService(  706): notifyType CAP_CHANGED for NetworkAgentInfo [MOBILE (HSPA) - 196]
D/ConnectivityService(  706): notifyType IP_CHANGED for NetworkAgentInfo [MOBILE (HSPA+) - 196]
D/ConnectivityService(  706): updateNetworkScore for NetworkAgentInfo [WIFI () - 192] to 51
D/ConnectivityService(  706): rematching NetworkAgentInfo [WIFI () - 192]
D/ConnectivityService(  706): Network NetworkAgentInfo [WIFI () - 192] was already satisfying request 1. No change.
D/ConnectivityService(  706): notifyType AVAILABLE for NetworkAgentInfo [WIFI () - 192]
D/ConnectivityService(  706): Reaping NetworkAgentInfo [MOBILE (HSPA+) - 196]
D/ConnectivityService(  706): NetworkAgentInfo [MOBILE (HSPA+) - 196] got DISCONNECTED, was satisfying 1
D/ConnectivityService(  706): notifyType LOST for NetworkAgentInfo [MOBILE (HSPA+) - 196]
D/ConnectivityService(  706): setProvNotificationVisibleIntent: E visible=false networkType=0 extraInfo=null
I/PowerManagerService(  706): Going to sleep due to screen timeout (uid 1000)...
I/DisplayManagerService(  706): Display device changed: DisplayDeviceInfo{"מסך מובנה": uniqueId="local:0", 720 x 1280, 60.0 fps, supportedRefreshRates [60.0], density 320, 304.799 x 306.716 dpi, appVsyncOff 0, presDeadline 17666667, touch INTERNAL, rotation 0, type BUILT_IN, state OFF, FLAG_DEFAULT_DISPLAY, FLAG_ROTATES_WITH_CONTENT, FLAG_SECURE, FLAG_SUPPORTS_PROTECTED_BUFFERS}
V/ActivityManager(  706): Display changed displayId=0
I/DreamManagerService(  706): Entering dreamland.
I/PowerManagerService(  706): Dozing...
I/DreamController(  706): Starting dream: name=ComponentInfo{com.android.systemui/com.android.systemui.doze.DozeService}, isTest=false, canDoze=true, userId=0
I/PowerManagerService(  706): Waking up from dozing (uid 1000)...
I/DisplayPowerController(  706): Blocking screen on until initial contents have been drawn.
E/ActivityThread(16917): Failed to find provider info for com.facebook.orca.notify.MessengerLoggedInUserProvider
I/DisplayManagerService(  706): Display device changed: DisplayDeviceInfo{"מסך מובנה": uniqueId="local:0", 720 x 1280, 60.0 fps, supportedRefreshRates [60.0], density 320, 304.799 x 306.716 dpi, appVsyncOff 0, presDeadline 17666667, touch INTERNAL, rotation 0, type BUILT_IN, state ON, FLAG_DEFAULT_DISPLAY, FLAG_ROTATES_WITH_CONTENT, FLAG_SECURE, FLAG_SUPPORTS_PROTECTED_BUFFERS}
I/DisplayPowerController(  706): Unblocked screen on after 206 ms
V/ActivityManager(  706): Display changed displayId=0
I/DreamManagerService(  706): Gently waking up from dream.
I/DreamManagerService(  706): Leaving dreamland.
I/DreamController(  706): Stopping dream: name=ComponentInfo{com.android.systemui/com.android.systemui.doze.DozeService}, isTest=false, canDoze=true, userId=0
D/ConnectivityService(  706): updateNetworkScore for NetworkAgentInfo [WIFI () - 192] to 49
D/ConnectivityService(  706): rematching NetworkAgentInfo [WIFI () - 192]
D/ConnectivityService(  706): Network NetworkAgentInfo [WIFI () - 192] was already satisfying request 1. No change.
D/ConnectivityService(  706): notifyType AVAILABLE for NetworkAgentInfo [WIFI () - 192]
D/ConnectivityService(  706): setProvNotificationVisible: E visible=false networkType=0 action=com.android.internal.telephony.PROVISION0
D/ConnectivityService(  706): setProvNotificationVisibleIntent: E visible=false networkType=0 extraInfo=null
D/ConnectivityService(  706): registerNetworkAgent NetworkAgentInfo{ ni{[type: MOBILE[HSPA], state: CONNECTED/CONNECTED, reason: connected, extra: sphone.pelephone.net.il, roaming: false, failover: false, isAvailable: true, isConnectedToProvisioningNetwork: false]}  network{null}  lp{{InterfaceName: rmnet0 LinkAddresses: [10.47.30.224/32,]  Routes: [0.0.0.0/0 -> 10.47.30.225 rmnet0,] DnsAddresses: [91.135.104.8,91.135.102.8,] Domains: null MTU: 1500 TcpBufferSizes: 4094,87380,1220608,4096,16384,1220608}}  nc{[ Transports: CELLULAR Capabilities: SUPL&INTERNET&NOT_RESTRICTED&TRUSTED&NOT_VPN LinkUpBandwidth>=5898Kbps LinkDnBandwidth>=14336Kbps Specifier: <1>]}  Score{10}  everValidated{false}  lastValidated{false}  created{false}  explicitlySelected{false} }
D/ConnectivityService(  706): NetworkAgentInfo [MOBILE (HSPA) - 197] EVENT_NETWORK_INFO_CHANGED, going from null to CONNECTED
D/ConnectivityService(  706): Adding iface rmnet0 to network 197
D/ConnectivityService(  706): Setting MTU size: rmnet0, 1500
D/ConnectivityService(  706): Adding Route [0.0.0.0/0 -> 10.47.30.225 rmnet0] to network 197
D/ConnectivityService(  706): Setting Dns servers for network 197 to [/91.135.104.8, /91.135.102.8]
D/ConnectivityService(  706): notifyType IP_CHANGED for NetworkAgentInfo [MOBILE (HSPA) - 197]
D/ConnectivityService(  706): notifyType PRECHECK for NetworkAgentInfo [MOBILE (HSPA) - 197]
D/ConnectivityService(  706): rematching NetworkAgentInfo [MOBILE (HSPA) - 197]
D/ConnectivityService(  706): rematching NetworkAgentInfo [MOBILE (HSPA) - 197]
D/ConnectivityService(  706): rematching NetworkAgentInfo [WIFI () - 192]
D/ConnectivityService(  706): Network NetworkAgentInfo [WIFI () - 192] was already satisfying request 1. No change.
D/ConnectivityService(  706): notifyType AVAILABLE for NetworkAgentInfo [WIFI () - 192]
D/ConnectivityService(  706): notifyType CAP_CHANGED for NetworkAgentInfo [MOBILE (HSPA) - 197]
D/ConnectivityService(  706): notifyType IP_CHANGED for NetworkAgentInfo [MOBILE (HSPA+) - 197]
D/ConnectivityService(  706): updateNetworkScore for NetworkAgentInfo [WIFI () - 192] to 51
D/ConnectivityService(  706): rematching NetworkAgentInfo [WIFI () - 192]
D/ConnectivityService(  706): Network NetworkAgentInfo [WIFI () - 192] was already satisfying request 1. No change.
D/ConnectivityService(  706): notifyType AVAILABLE for NetworkAgentInfo [WIFI () - 192]
D/ConnectivityService(  706): Reaping NetworkAgentInfo [MOBILE (HSPA+) - 197]
D/ConnectivityService(  706): NetworkAgentInfo [MOBILE (HSPA+) - 197] got DISCONNECTED, was satisfying 1
D/ConnectivityService(  706): notifyType LOST for NetworkAgentInfo [MOBILE (HSPA+) - 197]
D/ConnectivityService(  706): setProvNotificationVisibleIntent: E visible=false networkType=0 extraInfo=null
I/ActivityManager(  706): moveTaskToBack: TaskRecord{1dc57338 #633 A=android.task.browser U=0 sz=1}
I/ActivityManager(  706): START u0 {act=android.intent.action.VIEW cat=[android.intent.category.BROWSABLE] dat=http://www.haverim.org.il/about_us cmp=com.android.browser/.BrowserActivity (has extras)} from uid 10021 on display 0
W/InputMethodManagerService(  706): Starting input on non-focused client com.android.internal.view.IInputMethodClient$Stub$Proxy@3aae7223 (uid=10028 pid=30689)
W/InputMethodManagerService(  706): Starting input on non-focused client com.android.internal.view.IInputMethodClient$Stub$Proxy@3aae7223 (uid=10028 pid=30689)
W/InputMethodManagerService(  706): Starting input on non-focused client com.android.internal.view.IInputMethodClient$Stub$Proxy@3aae7223 (uid=10028 pid=30689)
W/InputMethodManagerService(  706): Starting input on non-focused client com.android.internal.view.IInputMethodClient$Stub$Proxy@3aae7223 (uid=10028 pid=30689)
I/PowerManagerService(  706): Going to sleep due to screen timeout (uid 1000)...
I/DisplayManagerService(  706): Display device changed: DisplayDeviceInfo{"מסך מובנה": uniqueId="local:0", 720 x 1280, 60.0 fps, supportedRefreshRates [60.0], density 320, 304.799 x 306.716 dpi, appVsyncOff 0, presDeadline 17666667, touch INTERNAL, rotation 0, type BUILT_IN, state OFF, FLAG_DEFAULT_DISPLAY, FLAG_ROTATES_WITH_CONTENT, FLAG_SECURE, FLAG_SUPPORTS_PROTECTED_BUFFERS}
V/ActivityManager(  706): Display changed displayId=0
I/DreamManagerService(  706): Entering dreamland.
I/PowerManagerService(  706): Dozing...
I/DreamController(  706): Starting dream: name=ComponentInfo{com.android.systemui/com.android.systemui.doze.DozeService}, isTest=false, canDoze=true, userId=0
D/ConnectivityService(  706): updateNetworkScore for NetworkAgentInfo [WIFI () - 192] to 49
D/ConnectivityService(  706): rematching NetworkAgentInfo [WIFI () - 192]
D/ConnectivityService(  706): Network NetworkAgentInfo [WIFI () - 192] was already satisfying request 1. No change.
D/ConnectivityService(  706): notifyType AVAILABLE for NetworkAgentInfo [WIFI () - 192]
D/ConnectivityService(  706): setProvNotificationVisible: E visible=false networkType=0 action=com.android.internal.telephony.PROVISION0
D/ConnectivityService(  706): setProvNotificationVisibleIntent: E visible=false networkType=0 extraInfo=null
D/ConnectivityService(  706): registerNetworkAgent NetworkAgentInfo{ ni{[type: MOBILE[HSPA], state: CONNECTED/CONNECTED, reason: connected, extra: sphone.pelephone.net.il, roaming: false, failover: false, isAvailable: true, isConnectedToProvisioningNetwork: false]}  network{null}  lp{{InterfaceName: rmnet0 LinkAddresses: [10.67.104.69/32,]  Routes: [0.0.0.0/0 -> 10.67.104.70 rmnet0,] DnsAddresses: [91.135.104.8,91.135.102.8,] Domains: null MTU: 1500 TcpBufferSizes: 4094,87380,1220608,4096,16384,1220608}}  nc{[ Transports: CELLULAR Capabilities: SUPL&INTERNET&NOT_RESTRICTED&TRUSTED&NOT_VPN LinkUpBandwidth>=5898Kbps LinkDnBandwidth>=14336Kbps Specifier: <1>]}  Score{10}  everValidated{false}  lastValidated{false}  created{false}  explicitlySelected{false} }
D/ConnectivityService(  706): NetworkAgentInfo [MOBILE (HSPA) - 198] EVENT_NETWORK_INFO_CHANGED, going from null to CONNECTED
D/ConnectivityService(  706): Adding iface rmnet0 to network 198
D/ConnectivityService(  706): Setting MTU size: rmnet0, 1500
D/ConnectivityService(  706): Adding Route [0.0.0.0/0 -> 10.67.104.70 rmnet0] to network 198
D/ConnectivityService(  706): Setting Dns servers for network 198 to [/91.135.104.8, /91.135.102.8]
D/ConnectivityService(  706): notifyType IP_CHANGED for NetworkAgentInfo [MOBILE (HSPA) - 198]
D/ConnectivityService(  706): notifyType PRECHECK for NetworkAgentInfo [MOBILE (HSPA) - 198]
D/ConnectivityService(  706): rematching NetworkAgentInfo [MOBILE (HSPA) - 198]
D/ConnectivityService(  706): rematching NetworkAgentInfo [MOBILE (HSPA) - 198]
D/ConnectivityService(  706): rematching NetworkAgentInfo [WIFI () - 192]
D/ConnectivityService(  706): Network NetworkAgentInfo [WIFI () - 192] was already satisfying request 1. No change.
D/ConnectivityService(  706): notifyType AVAILABLE for NetworkAgentInfo [WIFI () - 192]
D/ConnectivityService(  706): notifyType CAP_CHANGED for NetworkAgentInfo [MOBILE (HSPA) - 198]
D/ConnectivityService(  706): notifyType IP_CHANGED for NetworkAgentInfo [MOBILE (HSPA+) - 198]
D/ConnectivityService(  706): setProvNotificationVisibleIntent: E visible=false networkType=0 extraInfo=null
D/ConnectivityService(  706): Validated NetworkAgentInfo [MOBILE (HSPA+) - 198]
D/ConnectivityService(  706): rematching NetworkAgentInfo [MOBILE (HSPA+) - 198]
D/ConnectivityService(  706):    accepting network in place of NetworkAgentInfo [WIFI () - 192]
D/ConnectivityService(  706): notifyType LOSING for NetworkAgentInfo [WIFI () - 192]
D/ConnectivityService(  706): Switching to new default network: NetworkAgentInfo{ ni{[type: MOBILE[HSPA+], state: CONNECTED/CONNECTED, reason: connected, extra: sphone.pelephone.net.il, roaming: false, failover: false, isAvailable: true, isConnectedToProvisioningNetwork: false]}  network{198}  lp{{InterfaceName: rmnet0 LinkAddresses: [10.67.104.69/32,]  Routes: [0.0.0.0/0 -> 10.67.104.70 rmnet0,] DnsAddresses: [91.135.104.8,91.135.102.8,] Domains: null MTU: 1500 TcpBufferSizes: 4094,87380,1220608,4096,16384,1220608}}  nc{[ Transports: CELLULAR Capabilities: SUPL&INTERNET&NOT_RESTRICTED&TRUSTED&NOT_VPN LinkUpBandwidth>=11264Kbps LinkDnBandwidth>=43008Kbps Specifier: <1>]}  Score{50}  everValidated{true}  lastValidated{true}  created{true}  explicitlySelected{false} }
D/ConnectivityService(  706): Setting tx/rx TCP buffers to 4094,87380,1220608,4096,16384,1220608
D/ConnectivityService(  706): notifyType AVAILABLE for NetworkAgentInfo [MOBILE (HSPA+) - 198]
D/CSLegacyTypeTracker(  706): Sending disconnected broadcast for type 1 NetworkAgentInfo [WIFI () - 192] isDefaultNetwork=false
D/ConnectivityService(  706): sendStickyBroadcast: action=android.net.conn.CONNECTIVITY_CHANGE_IMMEDIATE
D/ConnectivityService(  706): sendStickyBroadcast: action=android.net.conn.CONNECTIVITY_CHANGE
D/CSLegacyTypeTracker(  706): Sending connected broadcast for type 0 NetworkAgentInfo [MOBILE (HSPA+) - 198] isDefaultNetwork=true
D/ConnectivityService(  706): sendStickyBroadcast: action=android.net.conn.CONNECTIVITY_CHANGE_IMMEDIATE
D/ConnectivityService(  706): sendStickyBroadcast: action=android.net.conn.CONNECTIVITY_CHANGE
D/ConnectivityService(  706): Validated NetworkAgentInfo [MOBILE (HSPA+) - 198]
W/ActivityManager(  706): Unable to start service Intent { flg=0x4 cmp=com.nuance.swype.dtc/com.nuance.swype.input.IMEApplication (has extras) } U=0: not found
W/ResourcesManager(30255): Asset path '/system/framework/com.google.android.media.effects.jar' does not exist or contains no resources.
W/ProcessCpuTracker(  706): Skipping unknown process pid 31866
W/ProcessCpuTracker(  706): Skipping unknown process pid 31867
W/ProcessCpuTracker(  706): Skipping unknown process pid 31881
W/ProcessCpuTracker(  706): Skipping unknown process pid 31898
W/ProcessCpuTracker(  706): Skipping unknown process pid 31956
D/ConnectivityService(  706): rematching NetworkAgentInfo [MOBILE (HSPA+) - 198]
D/ConnectivityService(  706): Network NetworkAgentInfo [MOBILE (HSPA+) - 198] was already satisfying request 1. No change.
D/ConnectivityService(  706): notifyType AVAILABLE for NetworkAgentInfo [MOBILE (HSPA+) - 198]
D/ConnectivityService(  706): rematching NetworkAgentInfo [WIFI () - 192]
D/ConnectivityService(  706): notifyType CAP_CHANGED for NetworkAgentInfo [MOBILE (HSPA+) - 198]
D/ConnectivityService(  706): notifyType IP_CHANGED for NetworkAgentInfo [MOBILE (HSPA) - 198]
