I/ActivityManager(  706): START u0 {flg=0x10840000 cmp=com.android.dialer/com.android.incallui.CircularRevealActivity (has extras)} from uid 10006 on display 0
V/WindowManager(  706): addAppToken: AppWindowToken{aff5fc3 token=Token{3e0b6f72 ActivityRecord{3baa447d u0 com.android.dialer/com.android.incallui.CircularRevealActivity t635}}} to stack=1 task=635 at 0
I/Telecom (  706): CallAudioManager: changing audio state from [AudioState isMuted: false, route; EARPIECE, supportedRouteMask: EARPIECE, SPEAKER] to [AudioState isMuted: false, route; EARPIECE, supportedRouteMask: EARPIECE, SPEAKER]
I/Telecom (  706): InCallController: onConnected to ComponentInfo{com.google.android.gms/com.google.android.gms.car.InCallServiceImpl}
I/Telecom (  706): InCallController: Adding 1 calls to InCallService after onConnected: ComponentInfo{com.google.android.gms/com.google.android.gms.car.InCallServiceImpl}
I/Telecom (  706): InCallController: addCall after binding: [695765006, CONNECTING, null, *********, 0, childs(0), has_parent(false), [[Capabilities:]], false, ComponentInfo{com.android.phone/com.android.services.telephony.TelephonyConnectionService}, [356a192b7913b04c54574d18c28d46e6395428ab], UserHandle{0} 0]
I/Telecom (  706): InCallController: Calling onAudioStateChanged, audioState: null -> [AudioState isMuted: false, route; EARPIECE, supportedRouteMask: EARPIECE, SPEAKER]
I/Telecom (  706): InCallController: onCanAddCallChanged : false
I/Telecom (  706): Call: CallerInfo received for *********: com.android.internal.telephony.CallerInfo@3a1d10be { name non-null, phoneNumber non-null }
I/Telecom (  706): InCallController: onConnected to ComponentInfo{com.android.dialer/com.android.incallui.InCallServiceImpl}
I/Telecom (  706): InCallController: Adding 1 calls to InCallService after onConnected: ComponentInfo{com.android.dialer/com.android.incallui.InCallServiceImpl}
I/Telecom (  706): InCallController: addCall after binding: [695765006, CONNECTING, null, *********, 0, childs(0), has_parent(false), [[Capabilities:]], false, ComponentInfo{com.android.phone/com.android.services.telephony.TelephonyConnectionService}, [356a192b7913b04c54574d18c28d46e6395428ab], UserHandle{0} 0]
I/Telecom (  706): InCallController: Calling onAudioStateChanged, audioState: null -> [AudioState isMuted: false, route; EARPIECE, supportedRouteMask: EARPIECE, SPEAKER]
I/Telecom (  706): InCallController: onCanAddCallChanged : false
V/WindowManager(  706): Adding window Window{3a16406c u0 com.android.dialer/com.android.incallui.CircularRevealActivity} at 9 of 17 (after Window{11ec4337 u0 com.android.dialer/com.android.dialer.DialtactsActivity})
I/Telecom (  706): CallsManager: Creating a new outgoing call with handle: *********
I/Telecom (  706): CallsManager: updateLchStatus subInConversation: 1
I/Telecom (  706): CreateConnectionProcessor: Trying attempt CallAttemptRecord(ComponentInfo{com.android.phone/com.android.services.telephony.TelephonyConnectionService}, [356a192b7913b04c54574d18c28d46e6395428ab], UserHandle{0},ComponentInfo{com.android.phone/com.android.services.telephony.TelephonyConnectionService}, [356a192b7913b04c54574d18c28d46e6395428ab], UserHandle{0})
I/Telecom (  706): CreateConnectionProcessor: Attempting to call from ComponentInfo{com.android.phone/com.android.services.telephony.TelephonyConnectionService}
I/Telecom (  706): ServiceBinderConnection: Service bound ComponentInfo{com.android.phone/com.android.services.telephony.TelephonyConnectionService}
W/BroadcastQueue(  706): Permission Denial: receiving Intent { act=android.intent.action.PHONE_STATE flg=0x10 (has extras) } to ProcessRecord{3df54f4c 20653:com.ionicframework.medicycle956787/u0a134} (pid=20653, uid=10134) requires android.permission.READ_PHONE_STATE due to sender android (uid 1001)
W/BroadcastQueue(  706): Permission Denial: receiving Intent { act=android.intent.action.PHONE_STATE flg=0x10 (has extras) } to ProcessRecord{641b95 24425:com.ionicframework.tomertest562758/u0a135} (pid=24425, uid=10135) requires android.permission.READ_PHONE_STATE due to sender android (uid 1001)
I/ActivityManager(  706): Start proc 6409:com.android.deskclock/u0a35 for broadcast com.android.deskclock/.alarms.PhoneStateReceiver
I/Telecom (  706): CallAudioManager: updateAudioStreamAndMode, mIsRinging: false, mIsTonePlaying: false
I/Telecom (  706): CallAudioManager: requestAudioFocusAndSetMode, stream: 0 -> 0, mode: 2
I/Telecom (  706): CallsManager: setCallState CONNECTING -> DIALING, call: [695765006, CONNECTING, com.android.phone/com.android.services.telephony.TelephonyConnectionService, *********, 0, childs(0), has_parent(false), [[Capabilities: CAPABILITY_SUPPORT_HOLD CAPABILITY_MERGE_CONFERENCE CAPABILITY_MUTE]], false, ComponentInfo{com.android.phone/com.android.services.telephony.TelephonyConnectionService}, [356a192b7913b04c54574d18c28d46e6395428ab], UserHandle{0} 0]
I/Telecom (  706): CallAudioManager: updateAudioStreamAndMode, mIsRinging: false, mIsTonePlaying: false
I/Telecom (  706): CallAudioManager: requestAudioFocusAndSetMode, stream: 0 -> 0, mode: 2
I/Telecom (  706): PhoneStateBroadcaster: Broadcasted state change: 2
I/Telecom (  706): CallsManager:  entered manageMSimInCallTones 
W/BroadcastQueue(  706): Permission Denial: receiving Intent { act=android.intent.action.PHONE_STATE flg=0x10 (has extras) } to ProcessRecord{3df54f4c 20653:com.ionicframework.medicycle956787/u0a134} (pid=20653, uid=10134) requires android.permission.READ_PHONE_STATE due to sender android (uid 1000)
W/BroadcastQueue(  706): Permission Denial: receiving Intent { act=android.intent.action.PHONE_STATE flg=0x10 (has extras) } to ProcessRecord{641b95 24425:com.ionicframework.tomertest562758/u0a135} (pid=24425, uid=10135) requires android.permission.READ_PHONE_STATE due to sender android (uid 1000)
I/ActivityManager(  706): START u0 {act=android.intent.action.MAIN flg=0x10840000 cmp=com.android.dialer/com.android.incallui.InCallActivity (has extras)} from uid 10006 on display 0
V/WindowManager(  706): addAppToken: AppWindowToken{1d563104 token=Token{125ba917 ActivityRecord{32787996 u0 com.android.dialer/com.android.incallui.InCallActivity t636}}} to stack=1 task=636 at 0
I/Telecom (  706): CallsManager: setCallState DIALING -> DIALING, call: [695765006, DIALING, com.android.phone/com.android.services.telephony.TelephonyConnectionService, *********, 0, childs(0), has_parent(false), [[Capabilities: CAPABILITY_SUPPORT_HOLD CAPABILITY_MERGE_CONFERENCE CAPABILITY_MUTE]], false, ComponentInfo{com.android.phone/com.android.services.telephony.TelephonyConnectionService}, [356a192b7913b04c54574d18c28d46e6395428ab], UserHandle{0} 0]
I/Telecom (  706): CallsManager:  entered manageMSimInCallTones 
I/Telecom (  706): CallsManager: setActiveSubscription = 1
I/Telecom (  706): ProximitySensorManager: Acquiring proximity wake lock
I/Telecom (  706): ProximitySensorManager: Proximity wake lock already acquired
I/ActivityManager(  706): Killing 4845:com.android.chrome/u0a97 (adj 15): empty #17
V/WindowManager(  706): Adding window Window{10d256e u0 com.android.dialer/com.android.incallui.InCallActivity} at 10 of 18 (after Window{3a16406c u0 com.android.dialer/com.android.incallui.CircularRevealActivity})
I/ValidateNoPeople(  706): Validating: 0|com.android.dialer|1|null|10006
I/ValidateNoPeople(  706): Executing: validation for: 0|com.android.dialer|1|null|10006
D/ZenLog  (  706): intercepted: 0|com.android.dialer|1|null|10006,none
V/NotificationService(  706): pkg=com.android.dialer canInterrupt=false intercept=true
I/Telecom (  706): ProximitySensorManager: Proximity wake lock already acquired
I/ValidateNoPeople(  706): final affinity: 1.0
I/Telecom (  706): ProximitySensorManager: Proximity wake lock already acquired
V/ActivityManager(  706): killProcessGroupAsync took 61 ms for PID 4845 on thread 17
I/ValidateNoPeople(  706): Validating: 0|com.android.dialer|1|null|10006
I/ValidateNoPeople(  706): Executing: validation for: 0|com.android.dialer|1|null|10006
D/ZenLog  (  706): intercepted: 0|com.android.dialer|1|null|10006,none
V/NotificationService(  706): pkg=com.android.dialer canInterrupt=false intercept=true
I/ValidateNoPeople(  706): final affinity: 1.0
I/Telecom (  706): ProximitySensorManager: Proximity wake lock already acquired
D/TaskPersister(  706): removeObsoleteFile: deleting file=627_task.xml
D/TaskPersister(  706): removeObsoleteFile: deleting file=627_task_thumbnail.png
D/TaskPersister(  706): removeObsoleteFile: deleting file=635_task_thumbnail.png
I/Telecom (  706): ProximitySensorManager: Proximity wake lock already acquired
I/DisplayManagerService(  706): Display device changed: DisplayDeviceInfo{"מסך מובנה": uniqueId="local:0", 720 x 1280, 60.0 fps, supportedRefreshRates [60.0], density 320, 304.799 x 306.716 dpi, appVsyncOff 0, presDeadline 17666667, touch INTERNAL, rotation 0, type BUILT_IN, state OFF, FLAG_DEFAULT_DISPLAY, FLAG_ROTATES_WITH_CONTENT, FLAG_SECURE, FLAG_SUPPORTS_PROTECTED_BUFFERS}
V/ActivityManager(  706): Display changed displayId=0
W/InputMethodManagerService(  706): Window already focused, ignoring focus gain of: com.android.internal.view.IInputMethodClient$Stub$Proxy@1514a40f attribute=null, token = android.os.BinderProxy@88164e9
I/DisplayPowerController(  706): Blocking screen on until initial contents have been drawn.
I/DisplayManagerService(  706): Display device changed: DisplayDeviceInfo{"מסך מובנה": uniqueId="local:0", 720 x 1280, 60.0 fps, supportedRefreshRates [60.0], density 320, 304.799 x 306.716 dpi, appVsyncOff 0, presDeadline 17666667, touch INTERNAL, rotation 0, type BUILT_IN, state ON, FLAG_DEFAULT_DISPLAY, FLAG_ROTATES_WITH_CONTENT, FLAG_SECURE, FLAG_SUPPORTS_PROTECTED_BUFFERS}
V/ActivityManager(  706): Display changed displayId=0
I/DisplayPowerController(  706): Unblocked screen on after 195 ms
I/Telecom (  706): ProximitySensorManager: Releasing proximity wake lock
I/Telecom (  706): ProximitySensorManager: Acquiring proximity wake lock
I/DisplayManagerService(  706): Display device changed: DisplayDeviceInfo{"מסך מובנה": uniqueId="local:0", 720 x 1280, 60.0 fps, supportedRefreshRates [60.0], density 320, 304.799 x 306.716 dpi, appVsyncOff 0, presDeadline 17666667, touch INTERNAL, rotation 0, type BUILT_IN, state OFF, FLAG_DEFAULT_DISPLAY, FLAG_ROTATES_WITH_CONTENT, FLAG_SECURE, FLAG_SUPPORTS_PROTECTED_BUFFERS}
V/ActivityManager(  706): Display changed displayId=0
I/Telecom (  706): CallsManager: setCallState DIALING -> ACTIVE, call: [695765006, DIALING, com.android.phone/com.android.services.telephony.TelephonyConnectionService, *********, 0, childs(0), has_parent(false), [[Capabilities: CAPABILITY_SUPPORT_HOLD CAPABILITY_MERGE_CONFERENCE CAPABILITY_MUTE]], false, ComponentInfo{com.android.phone/com.android.services.telephony.TelephonyConnectionService}, [356a192b7913b04c54574d18c28d46e6395428ab], UserHandle{0} 0]
I/Telecom (  706): CallAudioManager: updateAudioStreamAndMode, mIsRinging: false, mIsTonePlaying: false
I/Telecom (  706): CallAudioManager: requestAudioFocusAndSetMode, stream: 0 -> 0, mode: 2
I/Telecom (  706): InCallController: onCanAddCallChanged : true
I/Telecom (  706): CallsManager:  entered manageMSimInCallTones 
I/DisplayPowerController(  706): Blocking screen on until initial contents have been drawn.
I/DisplayManagerService(  706): Display device changed: DisplayDeviceInfo{"מסך מובנה": uniqueId="local:0", 720 x 1280, 60.0 fps, supportedRefreshRates [60.0], density 320, 304.799 x 306.716 dpi, appVsyncOff 0, presDeadline 17666667, touch INTERNAL, rotation 0, type BUILT_IN, state ON, FLAG_DEFAULT_DISPLAY, FLAG_ROTATES_WITH_CONTENT, FLAG_SECURE, FLAG_SUPPORTS_PROTECTED_BUFFERS}
V/ActivityManager(  706): Display changed displayId=0
I/DisplayPowerController(  706): Unblocked screen on after 212 ms
I/DisplayManagerService(  706): Display device changed: DisplayDeviceInfo{"מסך מובנה": uniqueId="local:0", 720 x 1280, 60.0 fps, supportedRefreshRates [60.0], density 320, 304.799 x 306.716 dpi, appVsyncOff 0, presDeadline 17666667, touch INTERNAL, rotation 0, type BUILT_IN, state OFF, FLAG_DEFAULT_DISPLAY, FLAG_ROTATES_WITH_CONTENT, FLAG_SECURE, FLAG_SUPPORTS_PROTECTED_BUFFERS}
V/ActivityManager(  706): Display changed displayId=0
I/DisplayPowerController(  706): Blocking screen on until initial contents have been drawn.
I/DisplayManagerService(  706): Display device changed: DisplayDeviceInfo{"מסך מובנה": uniqueId="local:0", 720 x 1280, 60.0 fps, supportedRefreshRates [60.0], density 320, 304.799 x 306.716 dpi, appVsyncOff 0, presDeadline 17666667, touch INTERNAL, rotation 0, type BUILT_IN, state ON, FLAG_DEFAULT_DISPLAY, FLAG_ROTATES_WITH_CONTENT, FLAG_SECURE, FLAG_SUPPORTS_PROTECTED_BUFFERS}
V/ActivityManager(  706): Display changed displayId=0
I/DisplayPowerController(  706): Unblocked screen on after 248 ms
I/Telecom (  706): ProximitySensorManager: Releasing proximity wake lock
I/Telecom (  706): ProximitySensorManager: Proximity wake lock already released
I/Telecom (  706): Call: Send disconnect to connection service for call: [695765006, ACTIVE, com.android.phone/com.android.services.telephony.TelephonyConnectionService, *********, 0, childs(0), has_parent(false), [[Capabilities: CAPABILITY_HOLD CAPABILITY_SUPPORT_HOLD CAPABILITY_MERGE_CONFERENCE CAPABILITY_MUTE]], false, ComponentInfo{com.android.phone/com.android.services.telephony.TelephonyConnectionService}, [356a192b7913b04c54574d18c28d46e6395428ab], UserHandle{0} 0]
W/BroadcastQueue(  706): Permission Denial: receiving Intent { act=android.intent.action.PHONE_STATE flg=0x10 (has extras) } to ProcessRecord{3df54f4c 20653:com.ionicframework.medicycle956787/u0a134} (pid=20653, uid=10134) requires android.permission.READ_PHONE_STATE due to sender android (uid 1001)
W/BroadcastQueue(  706): Permission Denial: receiving Intent { act=android.intent.action.PHONE_STATE flg=0x10 (has extras) } to ProcessRecord{641b95 24425:com.ionicframework.tomertest562758/u0a135} (pid=24425, uid=10135) requires android.permission.READ_PHONE_STATE due to sender android (uid 1001)
I/Telecom (  706): CallsManager: setCallState ACTIVE -> DISCONNECTED, call: [695765006, ACTIVE, com.android.phone/com.android.services.telephony.TelephonyConnectionService, *********, 0, childs(0), has_parent(false), [[Capabilities: CAPABILITY_HOLD CAPABILITY_SUPPORT_HOLD CAPABILITY_MERGE_CONFERENCE CAPABILITY_MUTE]], false, ComponentInfo{com.android.phone/com.android.services.telephony.TelephonyConnectionService}, [356a192b7913b04c54574d18c28d46e6395428ab], UserHandle{0} 0]
I/Telecom (  706): CallAudioManager: updateAudioStreamAndMode, mIsRinging: false, mIsTonePlaying: true
I/Telecom (  706): CallAudioManager: requestAudioFocusAndSetMode, stream: 0 -> 0, mode: 2
I/Telecom (  706): CallAudioManager: updateAudioStreamAndMode, mIsRinging: false, mIsTonePlaying: true
I/Telecom (  706): CallAudioManager: requestAudioFocusAndSetMode, stream: 0 -> 0, mode: 2
W/ContextImpl(  706): Calling a method in the system process without a qualified user: android.app.ContextImpl.sendBroadcast:1376 android.content.ContextWrapper.sendBroadcast:388 com.android.server.telecom.CallLogManager.sendAddCallBroadcast:296 com.android.server.telecom.CallLogManager.logCall:185 com.android.server.telecom.CallLogManager.logCall:148 
I/Telecom (  706): CallAudioManager: updateAudioStreamAndMode, mIsRinging: false, mIsTonePlaying: true
I/Telecom (  706): CallAudioManager: requestAudioFocusAndSetMode, stream: 0 -> 0, mode: 2
I/Telecom (  706): CallsManager:  entered manageMSimInCallTones 
I/Telecom (  706): ConnectionServiceWrapper: Service unbound ComponentInfo{com.android.phone/com.android.services.telephony.TelephonyConnectionService}, from unbind.
I/Telecom (  706): InCallController: onCallRemoved: [695765006, DISCONNECTED, null, *********, 0, childs(0), has_parent(false), [[Capabilities: CAPABILITY_HOLD CAPABILITY_SUPPORT_HOLD CAPABILITY_MERGE_CONFERENCE CAPABILITY_MUTE]], false, ComponentInfo{com.android.phone/com.android.services.telephony.TelephonyConnectionService}, [356a192b7913b04c54574d18c28d46e6395428ab], UserHandle{0} 0]
I/Telecom (  706): InCallController: Unbinding from InCallService %s
I/Telecom (  706): InCallController: Unbinding from InCallService %s
I/Telecom (  706): CallAudioManager: updateAudioStreamAndMode, mIsRinging: false, mIsTonePlaying: true
I/Telecom (  706): CallAudioManager: requestAudioFocusAndSetMode, stream: 0 -> 0, mode: 2
I/Telecom (  706): ProximitySensorManager: All calls removed, resetting proximity sensor to default state
I/Telecom (  706): ProximitySensorManager: Proximity wake lock already released
I/Telecom (  706): PhoneStateBroadcaster: Broadcasted state change: 0
I/Telecom (  706): CallsManager: updateLchStatus subInConversation: null
I/Telecom (  706): CallsManager: setActiveSubscription = null
I/Telecom (  706): CallsManager:  entered manageMSimInCallTones 
W/BroadcastQueue(  706): Permission Denial: receiving Intent { act=android.intent.action.PHONE_STATE flg=0x10 (has extras) } to ProcessRecord{3df54f4c 20653:com.ionicframework.medicycle956787/u0a134} (pid=20653, uid=10134) requires android.permission.READ_PHONE_STATE due to sender android (uid 1000)
W/BroadcastQueue(  706): Permission Denial: receiving Intent { act=android.intent.action.PHONE_STATE flg=0x10 (has extras) } to ProcessRecord{641b95 24425:com.ionicframework.tomertest562758/u0a135} (pid=24425, uid=10135) requires android.permission.READ_PHONE_STATE due to sender android (uid 1000)
I/Telecom (  706): ProximitySensorManager: Proximity wake lock already released
I/ActivityManager(  706): Killing 4865:com.mxtech.videoplayer.ad/u0a109 (adj 15): empty #17
V/ActivityManager(  706): killProcessGroupAsync took 21 ms for PID 4865 on thread 17
I/Telecom (  706): CallAudioManager: updateAudioStreamAndMode, mIsRinging: false, mIsTonePlaying: false
W/ResourcesManager(25198): Asset path '/system/framework/com.google.android.media.effects.jar' does not exist or contains no resources.
D/TaskPersister(  706): removeObsoleteFile: deleting file=636_task_thumbnail.png
I/PowerManagerService(  706): Going to sleep due to screen timeout (uid 1000)...
I/DisplayManagerService(  706): Display device changed: DisplayDeviceInfo{"מסך מובנה": uniqueId="local:0", 720 x 1280, 60.0 fps, supportedRefreshRates [60.0], density 320, 304.799 x 306.716 dpi, appVsyncOff 0, presDeadline 17666667, touch INTERNAL, rotation 0, type BUILT_IN, state OFF, FLAG_DEFAULT_DISPLAY, FLAG_ROTATES_WITH_CONTENT, FLAG_SECURE, FLAG_SUPPORTS_PROTECTED_BUFFERS}
V/ActivityManager(  706): Display changed displayId=0
I/DreamManagerService(  706): Entering dreamland.
I/PowerManagerService(  706): Dozing...
I/DreamController(  706): Starting dream: name=ComponentInfo{com.android.systemui/com.android.systemui.doze.DozeService}, isTest=false, canDoze=true, userId=0
I/ActivityManager(  706): Start proc 6863:com.quoord.tapatalkpro.activity/u0a83 for broadcast com.quoord.tapatalkpro.activity/com.google.android.gcm.GCMBroadcastReceiver
I/ActivityManager(  706): Killing 4914:com.google.android.apps.unveil/u0a110 (adj 15): empty #17
V/ActivityManager(  706): killProcessGroupAsync took 11 ms for PID 4914 on thread 17
E/ActivityThread(16917): Failed to find provider info for com.facebook.orca.notify.MessengerLoggedInUserProvider
I/PowerManagerService(  706): Waking up from dozing (uid 1000)...
I/DisplayPowerController(  706): Blocking screen on until initial contents have been drawn.
E/ActivityThread(16917): Failed to find provider info for com.facebook.orca.notify.MessengerLoggedInUserProvider
I/DisplayManagerService(  706): Display device changed: DisplayDeviceInfo{"מסך מובנה": uniqueId="local:0", 720 x 1280, 60.0 fps, supportedRefreshRates [60.0], density 320, 304.799 x 306.716 dpi, appVsyncOff 0, presDeadline 17666667, touch INTERNAL, rotation 0, type BUILT_IN, state ON, FLAG_DEFAULT_DISPLAY, FLAG_ROTATES_WITH_CONTENT, FLAG_SECURE, FLAG_SUPPORTS_PROTECTED_BUFFERS}
V/ActivityManager(  706): Display changed displayId=0
I/DisplayPowerController(  706): Unblocked screen on after 220 ms
I/DreamManagerService(  706): Gently waking up from dream.
I/DreamManagerService(  706): Leaving dreamland.
I/DreamController(  706): Stopping dream: name=ComponentInfo{com.android.systemui/com.android.systemui.doze.DozeService}, isTest=false, canDoze=true, userId=0
W/InputMethodManagerService(  706): Window already focused, ignoring focus gain of: com.android.internal.view.IInputMethodClient$Stub$Proxy@1a1aa2a9 attribute=android.view.inputmethod.EditorInfo@329cf02e, token = android.os.BinderProxy@2520a836
I/ActivityManager(  706): START u0 {act=android.intent.action.MAIN cat=[android.intent.category.HOME] flg=0x10200000 cmp=com.teslacoilsw.launcher/.NovaLauncher} from uid 1000 on display 0
I/ActivityManager(  706): START u0 {act=android.intent.action.MAIN cat=[android.intent.category.LAUNCHER] flg=0x10200000 cmp=com.whatsapp/.Main bnds=[360,746][540,937] (has extras)} from uid 10069 on display 0
V/WindowManager(  706): addAppToken: AppWindowToken{e0fe3f4 token=Token{325191c7 ActivityRecord{1246d706 u0 com.whatsapp/.Main t637}}} to stack=1 task=637 at 0
V/WindowManager(  706): Adding window Window{1968f2bf u0 Starting com.whatsapp} at 9 of 17 (after Window{11ec4337 u0 com.android.dialer/com.android.dialer.DialtactsActivity})
I/ActivityManager(  706): START u0 {cmp=com.whatsapp/.HomeActivity} from uid 10104 on display 0
V/WindowManager(  706): addAppToken: AppWindowToken{37bf0cea token=Token{3ccc8cd5 ActivityRecord{a5fbd8c u0 com.whatsapp/.HomeActivity t637}}} to stack=1 task=637 at 1
V/WindowManager(  706): Based on layer: Adding window Window{1968f2bf u0 Starting com.whatsapp} at 9 of 17
V/WindowManager(  706): Adding window Window{1f112678 u0 com.whatsapp/com.whatsapp.HomeActivity} at 9 of 18 (before Window{1968f2bf u0 Starting com.whatsapp})
W/ProcessCpuTracker(  706): Skipping unknown process pid 7001
W/ProcessCpuTracker(  706): Skipping unknown process pid 7002
W/ProcessCpuTracker(  706): Skipping unknown process pid 7004
I/ActivityManager(  706): START u0 {flg=0x14000000 cmp=com.whatsapp/.Conversation (has extras)} from uid 10104 on display 0
V/WindowManager(  706): addAppToken: AppWindowToken{a481d8e token=Token{1daaa989 ActivityRecord{3c6e4c90 u0 com.whatsapp/.Conversation t637}}} to stack=1 task=637 at 1
V/WindowManager(  706): Adding window Window{3d13a1bc u0 com.whatsapp/com.whatsapp.Conversation} at 10 of 18 (after Window{1f112678 u0 com.whatsapp/com.whatsapp.HomeActivity})
D/TaskPersister(  706): removeObsoleteFile: deleting file=620_task.xml
D/TaskPersister(  706): removeObsoleteFile: deleting file=620_task_thumbnail.png
I/ActivityManager(  706): START u0 {act=android.intent.action.MAIN cat=[android.intent.category.HOME] flg=0x10200000 cmp=com.teslacoilsw.launcher/.NovaLauncher} from uid 1000 on display 0
I/PowerManagerService(  706): Going to sleep due to screen timeout (uid 1000)...
I/DisplayManagerService(  706): Display device changed: DisplayDeviceInfo{"מסך מובנה": uniqueId="local:0", 720 x 1280, 60.0 fps, supportedRefreshRates [60.0], density 320, 304.799 x 306.716 dpi, appVsyncOff 0, presDeadline 17666667, touch INTERNAL, rotation 0, type BUILT_IN, state OFF, FLAG_DEFAULT_DISPLAY, FLAG_ROTATES_WITH_CONTENT, FLAG_SECURE, FLAG_SUPPORTS_PROTECTED_BUFFERS}
V/ActivityManager(  706): Display changed displayId=0
I/DreamManagerService(  706): Entering dreamland.
I/PowerManagerService(  706): Dozing...
I/DreamController(  706): Starting dream: name=ComponentInfo{com.android.systemui/com.android.systemui.doze.DozeService}, isTest=false, canDoze=true, userId=0
I/PowerManagerService(  706): Waking up from dozing (uid 1000)...
I/DisplayPowerController(  706): Blocking screen on until initial contents have been drawn.
E/ActivityThread(16917): Failed to find provider info for com.facebook.orca.notify.MessengerLoggedInUserProvider
I/DisplayManagerService(  706): Display device changed: DisplayDeviceInfo{"מסך מובנה": uniqueId="local:0", 720 x 1280, 60.0 fps, supportedRefreshRates [60.0], density 320, 304.799 x 306.716 dpi, appVsyncOff 0, presDeadline 17666667, touch INTERNAL, rotation 0, type BUILT_IN, state ON, FLAG_DEFAULT_DISPLAY, FLAG_ROTATES_WITH_CONTENT, FLAG_SECURE, FLAG_SUPPORTS_PROTECTED_BUFFERS}
V/ActivityManager(  706): Display changed displayId=0
I/DisplayPowerController(  706): Unblocked screen on after 267 ms
I/DreamManagerService(  706): Gently waking up from dream.
I/DreamManagerService(  706): Leaving dreamland.
I/DreamController(  706): Stopping dream: name=ComponentInfo{com.android.systemui/com.android.systemui.doze.DozeService}, isTest=false, canDoze=true, userId=0
I/PowerManagerService(  706): Going to sleep due to power button (uid 1000)...
I/DisplayManagerService(  706): Display device changed: DisplayDeviceInfo{"מסך מובנה": uniqueId="local:0", 720 x 1280, 60.0 fps, supportedRefreshRates [60.0], density 320, 304.799 x 306.716 dpi, appVsyncOff 0, presDeadline 17666667, touch INTERNAL, rotation 0, type BUILT_IN, state OFF, FLAG_DEFAULT_DISPLAY, FLAG_ROTATES_WITH_CONTENT, FLAG_SECURE, FLAG_SUPPORTS_PROTECTED_BUFFERS}
V/ActivityManager(  706): Display changed displayId=0
I/DreamManagerService(  706): Entering dreamland.
I/PowerManagerService(  706): Dozing...
I/DreamController(  706): Starting dream: name=ComponentInfo{com.android.systemui/com.android.systemui.doze.DozeService}, isTest=false, canDoze=true, userId=0
D/ZenLog  (  706): intercepted: 0|com.whatsapp|1|972522474669-1435742563@g.us|10104,none
V/NotificationService(  706): pkg=com.whatsapp canInterrupt=false intercept=true
D/ZenLog  (  706): intercepted: 0|com.whatsapp|1|972523413196-1438070395@g.us|10104,none
V/NotificationService(  706): pkg=com.whatsapp canInterrupt=false intercept=true
D/ZenLog  (  706): intercepted: 0|com.whatsapp|1|null|10104,none
V/NotificationService(  706): pkg=com.whatsapp canInterrupt=false intercept=true
W/BackupManagerService(  706): dataChanged but no participant pkg='com.android.providers.settings' uid=10015
I/DisplayPowerController(  706): Blocking screen on until initial contents have been drawn.
I/DisplayManagerService(  706): Display device changed: DisplayDeviceInfo{"מסך מובנה": uniqueId="local:0", 720 x 1280, 60.0 fps, supportedRefreshRates [60.0], density 320, 304.799 x 306.716 dpi, appVsyncOff 0, presDeadline 17666667, touch INTERNAL, rotation 0, type BUILT_IN, state ON, FLAG_DEFAULT_DISPLAY, FLAG_ROTATES_WITH_CONTENT, FLAG_SECURE, FLAG_SUPPORTS_PROTECTED_BUFFERS}
V/ActivityManager(  706): Display changed displayId=0
I/DisplayPowerController(  706): Unblocked screen on after 224 ms
I/DisplayManagerService(  706): Display device changed: DisplayDeviceInfo{"מסך מובנה": uniqueId="local:0", 720 x 1280, 60.0 fps, supportedRefreshRates [60.0], density 320, 304.799 x 306.716 dpi, appVsyncOff 0, presDeadline 17666667, touch INTERNAL, rotation 0, type BUILT_IN, state OFF, FLAG_DEFAULT_DISPLAY, FLAG_ROTATES_WITH_CONTENT, FLAG_SECURE, FLAG_SUPPORTS_PROTECTED_BUFFERS}
V/ActivityManager(  706): Display changed displayId=0
I/DisplayPowerController(  706): Blocking screen on until initial contents have been drawn.
I/DisplayManagerService(  706): Display device changed: DisplayDeviceInfo{"מסך מובנה": uniqueId="local:0", 720 x 1280, 60.0 fps, supportedRefreshRates [60.0], density 320, 304.799 x 306.716 dpi, appVsyncOff 0, presDeadline 17666667, touch INTERNAL, rotation 0, type BUILT_IN, state ON, FLAG_DEFAULT_DISPLAY, FLAG_ROTATES_WITH_CONTENT, FLAG_SECURE, FLAG_SUPPORTS_PROTECTED_BUFFERS}
I/DisplayPowerController(  706): Unblocked screen on after 209 ms
V/ActivityManager(  706): Display changed displayId=0
I/DisplayManagerService(  706): Display device changed: DisplayDeviceInfo{"מסך מובנה": uniqueId="local:0", 720 x 1280, 60.0 fps, supportedRefreshRates [60.0], density 320, 304.799 x 306.716 dpi, appVsyncOff 0, presDeadline 17666667, touch INTERNAL, rotation 0, type BUILT_IN, state OFF, FLAG_DEFAULT_DISPLAY, FLAG_ROTATES_WITH_CONTENT, FLAG_SECURE, FLAG_SUPPORTS_PROTECTED_BUFFERS}
V/ActivityManager(  706): Display changed displayId=0
V/NotificationService(  706): pkg=com.whatsapp canInterrupt=false intercept=true
I/DisplayPowerController(  706): Blocking screen on until initial contents have been drawn.
I/DisplayManagerService(  706): Display device changed: DisplayDeviceInfo{"מסך מובנה": uniqueId="local:0", 720 x 1280, 60.0 fps, supportedRefreshRates [60.0], density 320, 304.799 x 306.716 dpi, appVsyncOff 0, presDeadline 17666667, touch INTERNAL, rotation 0, type BUILT_IN, state ON, FLAG_DEFAULT_DISPLAY, FLAG_ROTATES_WITH_CONTENT, FLAG_SECURE, FLAG_SUPPORTS_PROTECTED_BUFFERS}
I/DisplayPowerController(  706): Unblocked screen on after 215 ms
V/ActivityManager(  706): Display changed displayId=0
I/DisplayManagerService(  706): Display device changed: DisplayDeviceInfo{"מסך מובנה": uniqueId="local:0", 720 x 1280, 60.0 fps, supportedRefreshRates [60.0], density 320, 304.799 x 306.716 dpi, appVsyncOff 0, presDeadline 17666667, touch INTERNAL, rotation 0, type BUILT_IN, state OFF, FLAG_DEFAULT_DISPLAY, FLAG_ROTATES_WITH_CONTENT, FLAG_SECURE, FLAG_SUPPORTS_PROTECTED_BUFFERS}
V/ActivityManager(  706): Display changed displayId=0
I/DisplayPowerController(  706): Blocking screen on until initial contents have been drawn.
I/DisplayManagerService(  706): Display device changed: DisplayDeviceInfo{"מסך מובנה": uniqueId="local:0", 720 x 1280, 60.0 fps, supportedRefreshRates [60.0], density 320, 304.799 x 306.716 dpi, appVsyncOff 0, presDeadline 17666667, touch INTERNAL, rotation 0, type BUILT_IN, state ON, FLAG_DEFAULT_DISPLAY, FLAG_ROTATES_WITH_CONTENT, FLAG_SECURE, FLAG_SUPPORTS_PROTECTED_BUFFERS}
I/DisplayPowerController(  706): Unblocked screen on after 203 ms
V/ActivityManager(  706): Display changed displayId=0
I/DisplayManagerService(  706): Display device changed: DisplayDeviceInfo{"מסך מובנה": uniqueId="local:0", 720 x 1280, 60.0 fps, supportedRefreshRates [60.0], density 320, 304.799 x 306.716 dpi, appVsyncOff 0, presDeadline 17666667, touch INTERNAL, rotation 0, type BUILT_IN, state OFF, FLAG_DEFAULT_DISPLAY, FLAG_ROTATES_WITH_CONTENT, FLAG_SECURE, FLAG_SUPPORTS_PROTECTED_BUFFERS}
V/ActivityManager(  706): Display changed displayId=0
I/DisplayPowerController(  706): Blocking screen on until initial contents have been drawn.
I/DisplayPowerController(  706): Unblocked screen on after 217 ms
I/DisplayManagerService(  706): Display device changed: DisplayDeviceInfo{"מסך מובנה": uniqueId="local:0", 720 x 1280, 60.0 fps, supportedRefreshRates [60.0], density 320, 304.799 x 306.716 dpi, appVsyncOff 0, presDeadline 17666667, touch INTERNAL, rotation 0, type BUILT_IN, state ON, FLAG_DEFAULT_DISPLAY, FLAG_ROTATES_WITH_CONTENT, FLAG_SECURE, FLAG_SUPPORTS_PROTECTED_BUFFERS}
V/ActivityManager(  706): Display changed displayId=0
I/DisplayManagerService(  706): Display device changed: DisplayDeviceInfo{"מסך מובנה": uniqueId="local:0", 720 x 1280, 60.0 fps, supportedRefreshRates [60.0], density 320, 304.799 x 306.716 dpi, appVsyncOff 0, presDeadline 17666667, touch INTERNAL, rotation 0, type BUILT_IN, state OFF, FLAG_DEFAULT_DISPLAY, FLAG_ROTATES_WITH_CONTENT, FLAG_SECURE, FLAG_SUPPORTS_PROTECTED_BUFFERS}
V/ActivityManager(  706): Display changed displayId=0
E/ActivityThread(16917): Failed to find provider info for com.facebook.orca.notify.MessengerLoggedInUserProvider
V/NotificationService(  706): pkg=com.whatsapp canInterrupt=false intercept=true
I/DisplayPowerController(  706): Blocking screen on until initial contents have been drawn.
I/DisplayPowerController(  706): Unblocked screen on after 212 ms
I/DisplayManagerService(  706): Display device changed: DisplayDeviceInfo{"מסך מובנה": uniqueId="local:0", 720 x 1280, 60.0 fps, supportedRefreshRates [60.0], density 320, 304.799 x 306.716 dpi, appVsyncOff 0, presDeadline 17666667, touch INTERNAL, rotation 0, type BUILT_IN, state ON, FLAG_DEFAULT_DISPLAY, FLAG_ROTATES_WITH_CONTENT, FLAG_SECURE, FLAG_SUPPORTS_PROTECTED_BUFFERS}
V/ActivityManager(  706): Display changed displayId=0
I/DisplayManagerService(  706): Display device changed: DisplayDeviceInfo{"מסך מובנה": uniqueId="local:0", 720 x 1280, 60.0 fps, supportedRefreshRates [60.0], density 320, 304.799 x 306.716 dpi, appVsyncOff 0, presDeadline 17666667, touch INTERNAL, rotation 0, type BUILT_IN, state OFF, FLAG_DEFAULT_DISPLAY, FLAG_ROTATES_WITH_CONTENT, FLAG_SECURE, FLAG_SUPPORTS_PROTECTED_BUFFERS}
V/ActivityManager(  706): Display changed displayId=0
I/DisplayPowerController(  706): Blocking screen on until initial contents have been drawn.
I/DisplayManagerService(  706): Display device changed: DisplayDeviceInfo{"מסך מובנה": uniqueId="local:0", 720 x 1280, 60.0 fps, supportedRefreshRates [60.0], density 320, 304.799 x 306.716 dpi, appVsyncOff 0, presDeadline 17666667, touch INTERNAL, rotation 0, type BUILT_IN, state ON, FLAG_DEFAULT_DISPLAY, FLAG_ROTATES_WITH_CONTENT, FLAG_SECURE, FLAG_SUPPORTS_PROTECTED_BUFFERS}
V/ActivityManager(  706): Display changed displayId=0
I/DisplayPowerController(  706): Unblocked screen on after 216 ms
I/DisplayManagerService(  706): Display device changed: DisplayDeviceInfo{"מסך מובנה": uniqueId="local:0", 720 x 1280, 60.0 fps, supportedRefreshRates [60.0], density 320, 304.799 x 306.716 dpi, appVsyncOff 0, presDeadline 17666667, touch INTERNAL, rotation 0, type BUILT_IN, state OFF, FLAG_DEFAULT_DISPLAY, FLAG_ROTATES_WITH_CONTENT, FLAG_SECURE, FLAG_SUPPORTS_PROTECTED_BUFFERS}
V/ActivityManager(  706): Display changed displayId=0
V/NotificationService(  706): pkg=com.whatsapp canInterrupt=false intercept=true
I/PowerManagerService(  706): Waking up from dozing (uid 1000)...
I/DisplayPowerController(  706): Blocking screen on until initial contents have been drawn.
E/ActivityThread(16917): Failed to find provider info for com.facebook.orca.notify.MessengerLoggedInUserProvider
I/DisplayManagerService(  706): Display device changed: DisplayDeviceInfo{"מסך מובנה": uniqueId="local:0", 720 x 1280, 60.0 fps, supportedRefreshRates [60.0], density 320, 304.799 x 306.716 dpi, appVsyncOff 0, presDeadline 17666667, touch INTERNAL, rotation 0, type BUILT_IN, state ON, FLAG_DEFAULT_DISPLAY, FLAG_ROTATES_WITH_CONTENT, FLAG_SECURE, FLAG_SUPPORTS_PROTECTED_BUFFERS}
V/ActivityManager(  706): Display changed displayId=0
I/DisplayPowerController(  706): Unblocked screen on after 209 ms
I/DreamManagerService(  706): Gently waking up from dream.
I/DreamManagerService(  706): Leaving dreamland.
I/DreamController(  706): Stopping dream: name=ComponentInfo{com.android.systemui/com.android.systemui.doze.DozeService}, isTest=false, canDoze=true, userId=0
I/ActivityManager(  706): START u0 {cmp=com.whatsapp/.HomeActivity} from uid 10104 on display 0
W/ActivityManager(  706): startActivity called from non-Activity context; forcing Intent.FLAG_ACTIVITY_NEW_TASK for: Intent { cmp=com.whatsapp/.HomeActivity }
W/BackupManagerService(  706): dataChanged but no participant pkg='com.android.providers.settings' uid=10015
I/ActivityManager(  706): START u0 {flg=0x14000000 cmp=com.whatsapp/.Conversation (has extras)} from uid 10104 on display 0
V/WindowManager(  706): addAppToken: AppWindowToken{38b6b268 token=Token{2f79818b ActivityRecord{18c55b5a u0 com.whatsapp/.Conversation t637}}} to stack=1 task=637 at 1
V/WindowManager(  706): Adding window Window{33edd326 u0 com.whatsapp/com.whatsapp.Conversation} at 10 of 18 (after Window{1f112678 u0 com.whatsapp/com.whatsapp.HomeActivity})
I/ActivityManager(  706): START u0 {act=android.intent.action.MAIN cat=[android.intent.category.HOME] flg=0x10200000 cmp=com.teslacoilsw.launcher/.NovaLauncher} from uid 1000 on display 0
I/ActivityManager(  706): START u0 {act=android.intent.action.MAIN cat=[android.intent.category.LAUNCHER] flg=0x10200000 cmp=com.whatsapp/.Main bnds=[360,746][540,937] (has extras)} from uid 10069 on display 0
I/ActivityManager(  706): START u0 {act=android.intent.action.MAIN cat=[android.intent.category.HOME] flg=0x10200000 cmp=com.teslacoilsw.launcher/.NovaLauncher} from uid 1000 on display 0
I/ActivityManager(  706): START u0 {act=android.intent.action.MAIN cat=[android.intent.category.LAUNCHER] flg=0x10200000 cmp=com.android.dialer/.DialtactsActivity bnds=[576,1152][720,1280] (has extras)} from uid 10069 on display 0
V/WindowManager(  706): addAppToken: AppWindowToken{9a33b12 token=Token{d197a9d ActivityRecord{1c882574 u0 com.android.dialer/.DialtactsActivity t627}}} to stack=1 task=627 at 2
W/ResourcesManager(25198): Asset path '/system/framework/com.google.android.media.effects.jar' does not exist or contains no resources.
V/WindowManager(  706): Adding window Window{2e7eba3f u0 com.android.dialer/com.android.dialer.DialtactsActivity} at 10 of 18 (after Window{b7f9aa0 u0 com.android.dialer/com.android.dialer.calllog.CallLogActivity})
I/PowerManagerService(  706): Going to sleep due to screen timeout (uid 1000)...
I/DisplayManagerService(  706): Display device changed: DisplayDeviceInfo{"מסך מובנה": uniqueId="local:0", 720 x 1280, 60.0 fps, supportedRefreshRates [60.0], density 320, 304.799 x 306.716 dpi, appVsyncOff 0, presDeadline 17666667, touch INTERNAL, rotation 0, type BUILT_IN, state OFF, FLAG_DEFAULT_DISPLAY, FLAG_ROTATES_WITH_CONTENT, FLAG_SECURE, FLAG_SUPPORTS_PROTECTED_BUFFERS}
V/ActivityManager(  706): Display changed displayId=0
I/DreamManagerService(  706): Entering dreamland.
I/PowerManagerService(  706): Dozing...
I/DreamController(  706): Starting dream: name=ComponentInfo{com.android.systemui/com.android.systemui.doze.DozeService}, isTest=false, canDoze=true, userId=0
W/ProcessCpuTracker(  706): Skipping unknown process pid 7896
E/ActivityThread(16917): Failed to find provider info for com.facebook.orca.notify.MessengerLoggedInUserProvider
I/PowerManagerService(  706): Waking up from dozing (uid 1000)...
I/DisplayPowerController(  706): Blocking screen on until initial contents have been drawn.
E/ActivityThread(16917): Failed to find provider info for com.facebook.orca.notify.MessengerLoggedInUserProvider
I/DisplayManagerService(  706): Display device changed: DisplayDeviceInfo{"מסך מובנה": uniqueId="local:0", 720 x 1280, 60.0 fps, supportedRefreshRates [60.0], density 320, 304.799 x 306.716 dpi, appVsyncOff 0, presDeadline 17666667, touch INTERNAL, rotation 0, type BUILT_IN, state ON, FLAG_DEFAULT_DISPLAY, FLAG_ROTATES_WITH_CONTENT, FLAG_SECURE, FLAG_SUPPORTS_PROTECTED_BUFFERS}
V/ActivityManager(  706): Display changed displayId=0
I/DisplayPowerController(  706): Unblocked screen on after 222 ms
I/DreamManagerService(  706): Gently waking up from dream.
I/DreamManagerService(  706): Leaving dreamland.
I/DreamController(  706): Stopping dream: name=ComponentInfo{com.android.systemui/com.android.systemui.doze.DozeService}, isTest=false, canDoze=true, userId=0
I/PowerManagerService(  706): Going to sleep due to screen timeout (uid 1000)...
I/DisplayManagerService(  706): Display device changed: DisplayDeviceInfo{"מסך מובנה": uniqueId="local:0", 720 x 1280, 60.0 fps, supportedRefreshRates [60.0], density 320, 304.799 x 306.716 dpi, appVsyncOff 0, presDeadline 17666667, touch INTERNAL, rotation 0, type BUILT_IN, state OFF, FLAG_DEFAULT_DISPLAY, FLAG_ROTATES_WITH_CONTENT, FLAG_SECURE, FLAG_SUPPORTS_PROTECTED_BUFFERS}
V/ActivityManager(  706): Display changed displayId=0
I/DreamManagerService(  706): Entering dreamland.
I/PowerManagerService(  706): Dozing...
I/DreamController(  706): Starting dream: name=ComponentInfo{com.android.systemui/com.android.systemui.doze.DozeService}, isTest=false, canDoze=true, userId=0
I/ProcessStatsService(  706): Prepared write state in 7ms
E/ActivityThread(16917): Failed to find provider info for com.facebook.orca.notify.MessengerLoggedInUserProvider
I/UsageStatsService(  706): User[0] Flushing usage stats to disk
I/ActivityManager(  706): Start proc 8296:com.cyanogenmod.lockclock/u0a48 for service com.cyanogenmod.lockclock/.weather.WeatherUpdateService
I/ActivityManager(  706): Killing 4938:com.google.android.apps.magazines/u0a95 (adj 15): empty #17
V/ActivityManager(  706): killProcessGroupAsync took 14 ms for PID 4938 on thread 17
I/PowerManagerService(  706): Waking up from dozing (uid 1000)...
I/DisplayPowerController(  706): Blocking screen on until initial contents have been drawn.
E/ActivityThread(16917): Failed to find provider info for com.facebook.orca.notify.MessengerLoggedInUserProvider
I/DisplayManagerService(  706): Display device changed: DisplayDeviceInfo{"מסך מובנה": uniqueId="local:0", 720 x 1280, 60.0 fps, supportedRefreshRates [60.0], density 320, 304.799 x 306.716 dpi, appVsyncOff 0, presDeadline 17666667, touch INTERNAL, rotation 0, type BUILT_IN, state ON, FLAG_DEFAULT_DISPLAY, FLAG_ROTATES_WITH_CONTENT, FLAG_SECURE, FLAG_SUPPORTS_PROTECTED_BUFFERS}
I/DisplayPowerController(  706): Unblocked screen on after 203 ms
V/ActivityManager(  706): Display changed displayId=0
I/DreamManagerService(  706): Gently waking up from dream.
I/DreamManagerService(  706): Leaving dreamland.
I/DreamController(  706): Stopping dream: name=ComponentInfo{com.android.systemui/com.android.systemui.doze.DozeService}, isTest=false, canDoze=true, userId=0
I/PowerManagerService(  706): Going to sleep due to screen timeout (uid 1000)...
I/DisplayManagerService(  706): Display device changed: DisplayDeviceInfo{"מסך מובנה": uniqueId="local:0", 720 x 1280, 60.0 fps, supportedRefreshRates [60.0], density 320, 304.799 x 306.716 dpi, appVsyncOff 0, presDeadline 17666667, touch INTERNAL, rotation 0, type BUILT_IN, state OFF, FLAG_DEFAULT_DISPLAY, FLAG_ROTATES_WITH_CONTENT, FLAG_SECURE, FLAG_SUPPORTS_PROTECTED_BUFFERS}
V/ActivityManager(  706): Display changed displayId=0
I/DreamManagerService(  706): Entering dreamland.
I/PowerManagerService(  706): Dozing...
I/DreamController(  706): Starting dream: name=ComponentInfo{com.android.systemui/com.android.systemui.doze.DozeService}, isTest=false, canDoze=true, userId=0
I/PowerManagerService(  706): Waking up from dozing (uid 1000)...
I/DisplayPowerController(  706): Blocking screen on until initial contents have been drawn.
E/ActivityThread(16917): Failed to find provider info for com.facebook.orca.notify.MessengerLoggedInUserProvider
I/DisplayManagerService(  706): Display device changed: DisplayDeviceInfo{"מסך מובנה": uniqueId="local:0", 720 x 1280, 60.0 fps, supportedRefreshRates [60.0], density 320, 304.799 x 306.716 dpi, appVsyncOff 0, presDeadline 17666667, touch INTERNAL, rotation 0, type BUILT_IN, state ON, FLAG_DEFAULT_DISPLAY, FLAG_ROTATES_WITH_CONTENT, FLAG_SECURE, FLAG_SUPPORTS_PROTECTED_BUFFERS}
V/ActivityManager(  706): Display changed displayId=0
I/DisplayPowerController(  706): Unblocked screen on after 206 ms
I/DreamManagerService(  706): Gently waking up from dream.
I/DreamManagerService(  706): Leaving dreamland.
I/DreamController(  706): Stopping dream: name=ComponentInfo{com.android.systemui/com.android.systemui.doze.DozeService}, isTest=false, canDoze=true, userId=0
I/PowerManagerService(  706): Going to sleep due to power button (uid 1000)...
I/DisplayManagerService(  706): Display device changed: DisplayDeviceInfo{"מסך מובנה": uniqueId="local:0", 720 x 1280, 60.0 fps, supportedRefreshRates [60.0], density 320, 304.799 x 306.716 dpi, appVsyncOff 0, presDeadline 17666667, touch INTERNAL, rotation 0, type BUILT_IN, state OFF, FLAG_DEFAULT_DISPLAY, FLAG_ROTATES_WITH_CONTENT, FLAG_SECURE, FLAG_SUPPORTS_PROTECTED_BUFFERS}
V/ActivityManager(  706): Display changed displayId=0
I/DreamManagerService(  706): Entering dreamland.
I/PowerManagerService(  706): Dozing...
I/DreamController(  706): Starting dream: name=ComponentInfo{com.android.systemui/com.android.systemui.doze.DozeService}, isTest=false, canDoze=true, userId=0
I/PowerManagerService(  706): Waking up from dozing (uid 1000)...
I/DisplayPowerController(  706): Blocking screen on until initial contents have been drawn.
E/ActivityThread(16917): Failed to find provider info for com.facebook.orca.notify.MessengerLoggedInUserProvider
I/DisplayManagerService(  706): Display device changed: DisplayDeviceInfo{"מסך מובנה": uniqueId="local:0", 720 x 1280, 60.0 fps, supportedRefreshRates [60.0], density 320, 304.799 x 306.716 dpi, appVsyncOff 0, presDeadline 17666667, touch INTERNAL, rotation 0, type BUILT_IN, state ON, FLAG_DEFAULT_DISPLAY, FLAG_ROTATES_WITH_CONTENT, FLAG_SECURE, FLAG_SUPPORTS_PROTECTED_BUFFERS}
V/ActivityManager(  706): Display changed displayId=0
I/DisplayPowerController(  706): Unblocked screen on after 223 ms
I/DreamManagerService(  706): Gently waking up from dream.
I/DreamManagerService(  706): Leaving dreamland.
I/DreamController(  706): Stopping dream: name=ComponentInfo{com.android.systemui/com.android.systemui.doze.DozeService}, isTest=false, canDoze=true, userId=0
W/InputMethodManagerService(  706): Window already focused, ignoring focus gain of: com.android.internal.view.IInputMethodClient$Stub$Proxy@eef47f2 attribute=android.view.inputmethod.EditorInfo@1af98e43, token = android.os.BinderProxy@12f5f65e
I/ActivityManager(  706): START u0 {act=android.intent.action.MAIN cat=[android.intent.category.HOME] flg=0x10200000 cmp=com.teslacoilsw.launcher/.NovaLauncher} from uid 1000 on display 0
W/InputMethodManagerService(  706): Starting input on non-focused client com.android.internal.view.IInputMethodClient$Stub$Proxy@1b529f93 (uid=10006 pid=25198)
I/PowerManagerService(  706): Going to sleep due to power button (uid 1000)...
I/DisplayManagerService(  706): Display device changed: DisplayDeviceInfo{"מסך מובנה": uniqueId="local:0", 720 x 1280, 60.0 fps, supportedRefreshRates [60.0], density 320, 304.799 x 306.716 dpi, appVsyncOff 0, presDeadline 17666667, touch INTERNAL, rotation 0, type BUILT_IN, state OFF, FLAG_DEFAULT_DISPLAY, FLAG_ROTATES_WITH_CONTENT, FLAG_SECURE, FLAG_SUPPORTS_PROTECTED_BUFFERS}
V/ActivityManager(  706): Display changed displayId=0
I/DreamManagerService(  706): Entering dreamland.
I/PowerManagerService(  706): Dozing...
I/DreamController(  706): Starting dream: name=ComponentInfo{com.android.systemui/com.android.systemui.doze.DozeService}, isTest=false, canDoze=true, userId=0
I/ActivityManager(  706): Killing 5063:com.google.android.apps.maps/u0a71 (adj 15): empty for 1800s
V/ActivityManager(  706): killProcessGroupAsync took 82 ms for PID 5063 on thread 17
D/ConnectivityService(  706): reportBadNetwork(NetworkAgentInfo [WIFI () - 202]) by 10020
D/ConnectivityService(  706): setProvNotificationVisibleIntent: E visible=false networkType=0 extraInfo=null
D/ConnectivityService(  706): sendStickyBroadcast: action=android.net.conn.INET_CONDITION_ACTION
D/ConnectivityService(  706): NetworkAgentInfo [WIFI () - 202] EVENT_NETWORK_INFO_CHANGED, going from CONNECTED to DISCONNECTED
D/ConnectivityService(  706): NetworkAgentInfo [WIFI () - 202] got DISCONNECTED, was satisfying 2
I/ActivityManager(  706): Killing 5748:com.android.cellbroadcastreceiver/u0a3 (adj 15): empty for 1801s
V/ActivityManager(  706): killProcessGroupAsync took 47 ms for PID 5748 on thread 17
D/ConnectivityService(  706): notifyType LOST for NetworkAgentInfo [WIFI () - 202]
D/CSLegacyTypeTracker(  706): Sending disconnected broadcast for type 1 NetworkAgentInfo [WIFI () - 202] isDefaultNetwork=true
D/ConnectivityService(  706): sendStickyBroadcast: action=android.net.conn.CONNECTIVITY_CHANGE_IMMEDIATE
D/ConnectivityService(  706): sendStickyBroadcast: action=android.net.conn.CONNECTIVITY_CHANGE
D/ConnectivityService(  706): sendStickyBroadcast: action=android.net.conn.CONNECTIVITY_CHANGE_IMMEDIATE
I/ActivityManager(  706): Start proc 9111:com.google.android.music:main/u0a77 for broadcast com.google.android.music/.leanback.notifications.LeanbackRecommendationsService$LeanbackRecommendationReceiver
D/ConnectivityService(  706): sendStickyBroadcast: action=android.net.conn.CONNECTIVITY_CHANGE
D/ConnectivityService(  706): Checking for replacement network to handle request NetworkRequest [ id=1, legacyType=-1, [ Capabilities: INTERNET&NOT_RESTRICTED&TRUSTED&NOT_VPN] ]
W/ResourcesManager( 9111): Asset path '/system/framework/com.android.media.remotedisplay.jar' does not exist or contains no resources.
W/ResourcesManager( 9111): Asset path '/system/framework/com.android.location.provider.jar' does not exist or contains no resources.
I/ActivityManager(  706): Start proc 9158:com.android.mms/u0a10 for broadcast com.android.mms/.transaction.MmsSystemEventReceiver
W/ResourcesManager( 9158): Asset path '/system/framework/com.google.android.media.effects.jar' does not exist or contains no resources.
W/ResourcesManager( 9158): Asset path '/system/framework/com.google.android.media.effects.jar' does not exist or contains no resources.
I/ActivityManager(  706): Start proc 9198:com.unicell.pangoandroid/u0a87 for broadcast com.unicell.pangoandroid/.events.NetworkStateReceiver
W/ResourcesManager( 9198): Asset path '/system/framework/com.google.android.maps.jar' does not exist or contains no resources.
W/ResourcesManager( 9198): Asset path '/system/framework/com.google.android.maps.jar' does not exist or contains no resources.
I/ActivityManager(  706): Start proc 9239:com.android.chrome/u0a97 for broadcast com.android.chrome/org.chromium.chrome.browser.precache.PrecacheServiceLauncher
I/ActivityManager(  706): Killing 6146:com.android.vending/u0a25 (adj 15): empty #17
V/ActivityManager(  706): killProcessGroupAsync took 90 ms for PID 6146 on thread 17
I/ActivityManager(  706): Start proc 9262:com.mxtech.videoplayer.ad/u0a109 for broadcast com.mxtech.videoplayer.ad/com.inmobi.commons.analytics.androidsdk.IMAdTrackerReceiver
I/ActivityManager(  706): Killing 6221:com.google.android.gms.wearable/u0a20 (adj 15): empty #17
