D/IccSmsInterfaceManager( 1317): [IccSmsInterfaceManager] Failed to add cdma broadcast subscription for MID range 4099 to 4099 from client com.android.cellbroadcastreceiver
D/IccSmsInterfaceManager( 1317): [IccSmsInterfaceManager] Failed to add cdma broadcast subscription for MID range 4096 to 4096 from client com.android.cellbroadcastreceiver
D/CellBroadcastConfigService( 9286): enabled emergency cell broadcast channels
D/CellBroadcastConfigService( 9286): disabling cell broadcast channel 50
D/IccSmsInterfaceManager( 1317): [IccSmsInterfaceManager] Failed to remove GSM cell broadcast subscription for MID range 50 to 50 from client com.android.cellbroadcastreceiver
D/CellBroadcastConfigService( 9286): enabling channels 919-928 for Israel
D/CellBroadcastConfigService( 9286): disabling cell broadcast ETWS test messages
D/IccSmsInterfaceManager( 1317): [IccSmsInterfaceManager] Failed to remove GSM cell broadcast subscription for MID range 4355 to 4355 from client com.android.cellbroadcastreceiver
D/CellBroadcastConfigService( 9286): disabling cell broadcast CMAS test messages
D/IccSmsInterfaceManager( 1317): [IccSmsInterfaceManager] Failed to remove GSM cell broadcast subscription for MID range 4380 to 4382 from client com.android.cellbroadcastreceiver
D/IccSmsInterfaceManager( 1317): [IccSmsInterfaceManager] Failed to remove cdma broadcast subscription for MID range 4100 to 4100 from client com.android.cellbroadcastreceiver
I/chromium(24425): [INFO:CONSOLE(173)] "No Content-Security-Policy meta tag found. Please add one when using the cordova-plugin-whitelist plugin.", source: file:///android_asset/www/plugins/cordova-plugin-console/www/console-via-logger.js (173)
D/PluginManager(24425): exec() call to unknown plugin: Console
I/chromium(24425): [INFO:CONSOLE(173)] "No Content-Security-Policy meta tag found. Please add one when using the cordova-plugin-whitelist plugin.", source: file:///android_asset/www/plugins/cordova-plugin-console/www/console-via-logger.js (173)
D/PluginManager(24425): exec() call to unknown plugin: Console
I/chromium(24425): [INFO:CONSOLE(173)] "No Content-Security-Policy meta tag found. Please add one when using the cordova-plugin-whitelist plugin.", source: file:///android_asset/www/plugins/cordova-plugin-console/www/console-via-logger.js (173)
D/PluginManager(24425): exec() call to unknown plugin: Console
I/chromium(22177): [INFO:CONSOLE(0)] "Application Cache Checking event", source: https://googleads.g.doubleclick.net/mads/static/mad/sdk/native/sdk-core-v40.html (0)
D/AlarmManagerService(  706): Kernel timezone updated to -180 minutes west of GMT
D/ConnectivityService(  706): rematching NetworkAgentInfo [MOBILE (HSPA) - 203]
D/ConnectivityService(  706): Network NetworkAgentInfo [MOBILE (HSPA) - 203] was already satisfying request 1. No change.
D/ConnectivityService(  706): notifyType AVAILABLE for NetworkAgentInfo [MOBILE (HSPA) - 203]
D/ConnectivityService(  706): notifyType CAP_CHANGED for NetworkAgentInfo [MOBILE (HSPA) - 203]
D/ConnectivityService(  706): notifyType IP_CHANGED for NetworkAgentInfo [MOBILE (HSPA+) - 203]
D/ConnectivityManager.CallbackHandler(  940): CM callback handler got msg 524290
D/ConnectivityManager.CallbackHandler(  940): CM callback handler got msg 524294
D/ConnectivityManager.CallbackHandler(  940): CM callback handler got msg 524295
D/CellBroadcastReceiver( 9286): onReceive Intent { act=android.intent.action.SERVICE_STATE flg=0x10 cmp=com.android.cellbroadcastreceiver/.CellBroadcastReceiver (has extras) }
D/CellBroadcastReceiver( 9286): Intent ACTION_SERVICE_STATE_CHANGED
D/CellBroadcastReceiver( 9286): Service state changed! 0 Full: 0 0 voice home data home Pelephone Pelephone 42503 Pelephone Pelephone 42503  UMTS HSPAP CSS not supported -1 -1 RoamInd=-1 DefRoamInd=-1 EmergOnly=false Current state=-1
D/CellBroadcastConfigService( 9286): enabling emergency cell broadcast channels
D/IccSmsInterfaceManager( 1317): [IccSmsInterfaceManager] Failed to add cdma broadcast subscription for MID range 4097 to 4097 from client com.android.cellbroadcastreceiver
D/IccSmsInterfaceManager( 1317): [IccSmsInterfaceManager] Failed to add cdma broadcast subscription for MID range 4098 to 4098 from client com.android.cellbroadcastreceiver
D/IccSmsInterfaceManager( 1317): [IccSmsInterfaceManager] Failed to add cdma broadcast subscription for MID range 4099 to 4099 from client com.android.cellbroadcastreceiver
D/IccSmsInterfaceManager( 1317): [IccSmsInterfaceManager] Failed to add cdma broadcast subscription for MID range 4096 to 4096 from client com.android.cellbroadcastreceiver
D/CellBroadcastConfigService( 9286): enabled emergency cell broadcast channels
D/CellBroadcastConfigService( 9286): disabling cell broadcast channel 50
D/IccSmsInterfaceManager( 1317): [IccSmsInterfaceManager] Failed to remove GSM cell broadcast subscription for MID range 50 to 50 from client com.android.cellbroadcastreceiver
D/CellBroadcastConfigService( 9286): enabling channels 919-928 for Israel
D/CellBroadcastConfigService( 9286): disabling cell broadcast ETWS test messages
D/IccSmsInterfaceManager( 1317): [IccSmsInterfaceManager] Failed to remove GSM cell broadcast subscription for MID range 4355 to 4355 from client com.android.cellbroadcastreceiver
D/CellBroadcastConfigService( 9286): disabling cell broadcast CMAS test messages
D/IccSmsInterfaceManager( 1317): [IccSmsInterfaceManager] Failed to remove GSM cell broadcast subscription for MID range 4380 to 4382 from client com.android.cellbroadcastreceiver
D/IccSmsInterfaceManager( 1317): [IccSmsInterfaceManager] Failed to remove cdma broadcast subscription for MID range 4100 to 4100 from client com.android.cellbroadcastreceiver
I/chromium(22177): [INFO:CONSOLE(0)] "Application Cache NoUpdate event", source: https://googleads.g.doubleclick.net/mads/static/mad/sdk/native/sdk-core-v40.html (0)
E/ActivityThread(16917): Failed to find provider info for com.facebook.orca.notify.MessengerLoggedInUserProvider
I/art     (  706): Background sticky concurrent mark sweep GC freed 123681(7MB) AllocSpace objects, 1(16KB) LOS objects, 13% free, 44MB/52MB, paused 2.111ms total 123.762ms
I/chromium(24425): [INFO:CONSOLE(173)] "No Content-Security-Policy meta tag found. Please add one when using the cordova-plugin-whitelist plugin.", source: file:///android_asset/www/plugins/cordova-plugin-console/www/console-via-logger.js (173)
D/PluginManager(24425): exec() call to unknown plugin: Console
D/AlarmManagerService(  706): Kernel timezone updated to -180 minutes west of GMT
D/ConnectivityService(  706): rematching NetworkAgentInfo [MOBILE (HSPA+) - 203]
D/ConnectivityService(  706): Network NetworkAgentInfo [MOBILE (HSPA+) - 203] was already satisfying request 1. No change.
D/ConnectivityService(  706): notifyType AVAILABLE for NetworkAgentInfo [MOBILE (HSPA+) - 203]
D/ConnectivityService(  706): notifyType CAP_CHANGED for NetworkAgentInfo [MOBILE (HSPA+) - 203]
D/ConnectivityManager.CallbackHandler(  940): CM callback handler got msg 524290
D/ConnectivityManager.CallbackHandler(  940): CM callback handler got msg 524294
D/ConnectivityService(  706): notifyType IP_CHANGED for NetworkAgentInfo [MOBILE (HSPA) - 203]
D/ConnectivityManager.CallbackHandler(  940): CM callback handler got msg 524295
D/CellBroadcastReceiver( 9286): onReceive Intent { act=android.intent.action.SERVICE_STATE flg=0x10 cmp=com.android.cellbroadcastreceiver/.CellBroadcastReceiver (has extras) }
D/CellBroadcastReceiver( 9286): Intent ACTION_SERVICE_STATE_CHANGED
D/CellBroadcastReceiver( 9286): Service state changed! 0 Full: 0 0 voice home data home Pelephone Pelephone 42503 Pelephone Pelephone 42503  UMTS HSPA CSS not supported -1 -1 RoamInd=-1 DefRoamInd=-1 EmergOnly=false Current state=-1
D/CellBroadcastConfigService( 9286): enabling emergency cell broadcast channels
D/IccSmsInterfaceManager( 1317): [IccSmsInterfaceManager] Failed to add cdma broadcast subscription for MID range 4097 to 4097 from client com.android.cellbroadcastreceiver
D/IccSmsInterfaceManager( 1317): [IccSmsInterfaceManager] Failed to add cdma broadcast subscription for MID range 4098 to 4098 from client com.android.cellbroadcastreceiver
D/IccSmsInterfaceManager( 1317): [IccSmsInterfaceManager] Failed to add cdma broadcast subscription for MID range 4099 to 4099 from client com.android.cellbroadcastreceiver
D/IccSmsInterfaceManager( 1317): [IccSmsInterfaceManager] Failed to add cdma broadcast subscription for MID range 4096 to 4096 from client com.android.cellbroadcastreceiver
D/CellBroadcastConfigService( 9286): enabled emergency cell broadcast channels
D/CellBroadcastConfigService( 9286): disabling cell broadcast channel 50
D/IccSmsInterfaceManager( 1317): [IccSmsInterfaceManager] Failed to remove GSM cell broadcast subscription for MID range 50 to 50 from client com.android.cellbroadcastreceiver
D/CellBroadcastConfigService( 9286): enabling channels 919-928 for Israel
D/CellBroadcastConfigService( 9286): disabling cell broadcast ETWS test messages
D/IccSmsInterfaceManager( 1317): [IccSmsInterfaceManager] Failed to remove GSM cell broadcast subscription for MID range 4355 to 4355 from client com.android.cellbroadcastreceiver
D/CellBroadcastConfigService( 9286): disabling cell broadcast CMAS test messages
D/IccSmsInterfaceManager( 1317): [IccSmsInterfaceManager] Failed to remove GSM cell broadcast subscription for MID range 4380 to 4382 from client com.android.cellbroadcastreceiver
D/IccSmsInterfaceManager( 1317): [IccSmsInterfaceManager] Failed to remove cdma broadcast subscription for MID range 4100 to 4100 from client com.android.cellbroadcastreceiver
I/chromium(24425): [INFO:CONSOLE(173)] "No Content-Security-Policy meta tag found. Please add one when using the cordova-plugin-whitelist plugin.", source: file:///android_asset/www/plugins/cordova-plugin-console/www/console-via-logger.js (173)
D/PluginManager(24425): exec() call to unknown plugin: Console
I/chromium(24425): [INFO:CONSOLE(173)] "No Content-Security-Policy meta tag found. Please add one when using the cordova-plugin-whitelist plugin.", source: file:///android_asset/www/plugins/cordova-plugin-console/www/console-via-logger.js (173)
D/PluginManager(24425): exec() call to unknown plugin: Console
I/chromium(24425): [INFO:CONSOLE(173)] "No Content-Security-Policy meta tag found. Please add one when using the cordova-plugin-whitelist plugin.", source: file:///android_asset/www/plugins/cordova-plugin-console/www/console-via-logger.js (173)
D/PluginManager(24425): exec() call to unknown plugin: Console
I/chromium(24425): [INFO:CONSOLE(173)] "No Content-Security-Policy meta tag found. Please add one when using the cordova-plugin-whitelist plugin.", source: file:///android_asset/www/plugins/cordova-plugin-console/www/console-via-logger.js (173)
D/PluginManager(24425): exec() call to unknown plugin: Console
I/chromium(24425): [INFO:CONSOLE(173)] "No Content-Security-Policy meta tag found. Please add one when using the cordova-plugin-whitelist plugin.", source: file:///android_asset/www/plugins/cordova-plugin-console/www/console-via-logger.js (173)
D/PluginManager(24425): exec() call to unknown plugin: Console
I/chromium(24425): [INFO:CONSOLE(173)] "No Content-Security-Policy meta tag found. Please add one when using the cordova-plugin-whitelist plugin.", source: file:///android_asset/www/plugins/cordova-plugin-console/www/console-via-logger.js (173)
D/PluginManager(24425): exec() call to unknown plugin: Console
I/chromium(24425): [INFO:CONSOLE(173)] "No Content-Security-Policy meta tag found. Please add one when using the cordova-plugin-whitelist plugin.", source: file:///android_asset/www/plugins/cordova-plugin-console/www/console-via-logger.js (173)
D/PluginManager(24425): exec() call to unknown plugin: Console
I/chromium(24425): [INFO:CONSOLE(173)] "No Content-Security-Policy meta tag found. Please add one when using the cordova-plugin-whitelist plugin.", source: file:///android_asset/www/plugins/cordova-plugin-console/www/console-via-logger.js (173)
D/PluginManager(24425): exec() call to unknown plugin: Console
I/chromium(24425): [INFO:CONSOLE(173)] "No Content-Security-Policy meta tag found. Please add one when using the cordova-plugin-whitelist plugin.", source: file:///android_asset/www/plugins/cordova-plugin-console/www/console-via-logger.js (173)
D/PluginManager(24425): exec() call to unknown plugin: Console
I/PowerManagerService(  706): Waking up from dozing (uid 1000)...
V/KeyguardServiceDelegate(  706): onScreenTurnedOn(showListener = com.android.internal.policy.impl.PhoneWindowManager$2@38863cf6)
I/DisplayPowerController(  706): Blocking screen on until initial contents have been drawn.
V/KeyguardServiceDelegate(  706): **** SHOWN CALLED ****
D/PowerHAL_H_Ext(  706): cm_power_set_interactive_ext: enabling input devices
E/ActivityThread(16917): Failed to find provider info for com.facebook.orca.notify.MessengerLoggedInUserProvider
I/QCOM PowerHAL(  706): Got set_interactive hint
D/PowerManagerService-JNI(  706): Excessive delay in setInteractive(true) while turning screen on: 179ms
W/art     (  706): Long monitor contention event with owner method=void com.android.server.power.PowerManagerService$2.onDisplayStateChange(int) from PowerManagerService.java:2215 waiters=1 for 151ms
D/SurfaceFlinger(  258): Set power mode=2, type=0 flinger=0xb8bc45e0
D/qdhwcomposer(  258): hwc_setPowerMode: Setting mode 2 on display: 0
I/DisplayManagerService(  706): Display device changed: DisplayDeviceInfo{"מסך מובנה": uniqueId="local:0", 720 x 1280, 60.0 fps, supportedRefreshRates [60.0], density 320, 304.799 x 306.716 dpi, appVsyncOff 0, presDeadline 17666667, touch INTERNAL, rotation 0, type BUILT_IN, state ON, FLAG_DEFAULT_DISPLAY, FLAG_ROTATES_WITH_CONTENT, FLAG_SECURE, FLAG_SUPPORTS_PROTECTED_BUFFERS}
V/ActivityManager(  706): Display changed displayId=0
I/DisplayPowerController(  706): Unblocked screen on after 195 ms
D/audio_hw_primary(  268): adev_set_parameters: enter: screen_state=on
E/WifiStateMachine(  706): cancelDelayedScan -> 2181
E/AnagogPD( 4946): anagog.pd.service.MobilityService mainLoop exit - 314375
D/qdhwcomposer(  258): hwc_setPowerMode: Done setting mode 2 on display 0
D/SurfaceControl(  706): Excessive delay in setPowerMode(): 318ms
I/qdhwcomposer(  258): handle_blank_event: dpy:0 panel power state: 1
I/DreamManagerService(  706): Gently waking up from dream.
I/DreamManagerService(  706): Leaving dreamland.
I/DreamController(  706): Stopping dream: name=ComponentInfo{com.android.systemui/com.android.systemui.doze.DozeService}, isTest=false, canDoze=true, userId=0
D/LightsService(  706): Excessive delay setting light: 63ms
D/LightsService(  706): Excessive delay setting light: 65ms
D/LightsService(  706): Excessive delay setting light: 82ms
D/AlarmManagerService(  706): Kernel timezone updated to -180 minutes west of GMT
E/WifiStateMachine(  706): WifiStateMachine shouldSwitchNetwork  txSuccessRate=22303.50 rxSuccessRate=35526.88 delta 1000 -> 1
E/WifiConfigStore(  706):  rewrite network history for "WLAN-PUB"-WPA_PSK
D/ConnectivityService(  706): rematching NetworkAgentInfo [MOBILE (HSPA) - 203]
D/ConnectivityService(  706): Network NetworkAgentInfo [MOBILE (HSPA) - 203] was already satisfying request 1. No change.
D/ConnectivityService(  706): notifyType AVAILABLE for NetworkAgentInfo [MOBILE (HSPA) - 203]
D/ConnectivityService(  706): notifyType CAP_CHANGED for NetworkAgentInfo [MOBILE (HSPA) - 203]
D/ConnectivityManager.CallbackHandler(  940): CM callback handler got msg 524290
D/ConnectivityManager.CallbackHandler(  940): CM callback handler got msg 524294
D/ConnectivityService(  706): notifyType IP_CHANGED for NetworkAgentInfo [MOBILE (HSPA+) - 203]
D/ConnectivityManager.CallbackHandler(  940): CM callback handler got msg 524295
D/CellBroadcastReceiver( 9286): onReceive Intent { act=android.intent.action.SERVICE_STATE flg=0x10 cmp=com.android.cellbroadcastreceiver/.CellBroadcastReceiver (has extras) }
D/CellBroadcastReceiver( 9286): Intent ACTION_SERVICE_STATE_CHANGED
D/CellBroadcastReceiver( 9286): Service state changed! 0 Full: 0 0 voice home data home Pelephone Pelephone 42503 Pelephone Pelephone 42503  UMTS HSPAP CSS not supported -1 -1 RoamInd=-1 DefRoamInd=-1 EmergOnly=false Current state=-1
E/WifiConfigStore(  706): writeKnownNetworkHistory write linked 1
E/WifiStateMachine(  706): CMD_AUTO_CONNECT sup state ScanState my state DisconnectedState nid=2 roam=3
E/WifiStateMachine(  706): CMD_AUTO_CONNECT will save config -> "WLAN-PUB" nid=2
E/wifi_gbk2utf(  706): g_pItemList is NULL
D/CellBroadcastConfigService( 9286): enabling emergency cell broadcast channels
E/WifiConfigStore(  706): Setting BSSID for "WLAN-PUB"-WPA_PSK to any
E/wifi_gbk2utf(  706): g_pItemList is NULL
E/wifi_gbk2utf(  706): g_pItemList is NULL
E/wifi_gbk2utf(  706): g_pItemList is NULL
E/wifi_gbk2utf(  706): g_pItemList is NULL
E/wifi_gbk2utf(  706): g_pItemList is NULL
E/wifi_gbk2utf(  706): g_pItemList is NULL
E/wifi_gbk2utf(  706): g_pItemList is NULL
E/WifiConfigStore(  706): will read network variables netId=2
E/WifiStateMachine(  706): CMD_AUTO_CONNECT did save config ->  nid=2
E/wifi_gbk2utf(  706): g_pItemList is NULL
E/WifiConfigStore(  706): will read network variables netId=2
I/wpa_supplicant( 1085): wlan0: Trying to associate with SSID 'WLAN-PUB'
D/IccSmsInterfaceManager( 1317): [IccSmsInterfaceManager] Failed to add cdma broadcast subscription for MID range 4097 to 4097 from client com.android.cellbroadcastreceiver
E/AnagogPD( 4946): anagog.pd.service.MobilityService mainLoop exit - 316511
E/AnagogPD( 4946): anagog.pd.service.MobilityService mainLoop exit - 9787604
D/IccSmsInterfaceManager( 1317): [IccSmsInterfaceManager] Failed to add cdma broadcast subscription for MID range 4098 to 4098 from client com.android.cellbroadcastreceiver
D/IccSmsInterfaceManager( 1317): [IccSmsInterfaceManager] Failed to add cdma broadcast subscription for MID range 4099 to 4099 from client com.android.cellbroadcastreceiver
D/IccSmsInterfaceManager( 1317): [IccSmsInterfaceManager] Failed to add cdma broadcast subscription for MID range 4096 to 4096 from client com.android.cellbroadcastreceiver
I/wpa_supplicant( 1085): wlan0: Associated with 40:a6:e8:95:93:2d
D/Tethering(  706): sendTetherStateChangedBroadcast 1, 0, 0
I/wpa_supplicant( 1085): wlan0: WPA: Key negotiation completed with 40:a6:e8:95:93:2d [PTK=CCMP GTK=CCMP]
I/wpa_supplicant( 1085): wlan0: CTRL-EVENT-CONNECTED - Connection to 40:a6:e8:95:93:2d completed [id=2 id_str=]
D/CellBroadcastConfigService( 9286): enabled emergency cell broadcast channels
D/CellBroadcastConfigService( 9286): disabling cell broadcast channel 50
E/AnagogPD( 4946): anagog.pd.service.MobilityService mainLoop exit - 336458
D/ConnectivityService(  706): registerNetworkAgent NetworkAgentInfo{ ni{[type: WIFI[], state: CONNECTING/CONNECTING, reason: (unspecified), extra: "WLAN-PUB", roaming: false, failover: false, isAvailable: true, isConnectedToProvisioningNetwork: false]}  network{null}  lp{{InterfaceName: wlan0 LinkAddresses: [fe80::1a3a:2dff:fe2c:d93f/64,]  Routes: [] DnsAddresses: [] Domains: null MTU: 0 TcpBufferSizes: 524288,1048576,4525824,524288,1048576,4525824}}  nc{[ Transports: WIFI Capabilities: INTERNET&NOT_RESTRICTED&TRUSTED&NOT_VPN LinkUpBandwidth>=1048576Kbps LinkDnBandwidth>=1048576Kbps]}  Score{20}  everValidated{false}  lastValidated{false}  created{false}  explicitlySelected{false} }
E/WifiConfigStore(  706): saveWifiConfigBSSID Setting BSSID for "WLAN-PUB"-WPA_PSK to any
E/wifi_gbk2utf(  706): g_pItemList is NULL
E/AnagogPD( 4946): anagog.pd.service.MobilityService mainLoop exit - 299532
E/WifiConfigStore(  706): saveWifiConfigBSSID Setting BSSID for "WLAN-PUB"-WPA_PSK to any
D/ConnectivityService(  706): NetworkAgentInfo [WIFI () - 204] EVENT_NETWORK_INFO_CHANGED, going from null to CONNECTING
E/wifi_gbk2utf(  706): g_pItemList is NULL
D/IccSmsInterfaceManager( 1317): [IccSmsInterfaceManager] Failed to remove GSM cell broadcast subscription for MID range 50 to 50 from client com.android.cellbroadcastreceiver
E/AnagogPD( 4946): anagog.pd.service.MobilityService mainLoop exit - 354323
D/CommandListener(  264): Setting iface cfg
E/WifiStateMachine(  706): Start Dhcp Watchdog 53
D/CellBroadcastConfigService( 9286): enabling channels 919-928 for Israel
D/ConnectivityService(  706): updateNetworkScore for NetworkAgentInfo [WIFI () - 204] to 60
D/ConnectivityService(  706): rematching NetworkAgentInfo [MOBILE (HSPA+) - 203]
D/ConnectivityService(  706): Network NetworkAgentInfo [MOBILE (HSPA+) - 203] was already satisfying request 1. No change.
D/ConnectivityService(  706): notifyType AVAILABLE for NetworkAgentInfo [MOBILE (HSPA+) - 203]
D/ConnectivityManager.CallbackHandler(  940): CM callback handler got msg 524290
E/wpa_supplicant( 1085): wpa_driver_nl80211_driver_cmd: failed to issue private commands
E/WifiStateMachine(  706): Unexpected BatchedScanResults :null
E/wpa_supplicant( 1085): wpa_driver_nl80211_driver_cmd: failed to issue private commands
D/CellBroadcastConfigService( 9286): disabling cell broadcast ETWS test messages
E/AnagogPD( 4946): anagog.pd.service.MobilityService mainLoop exit - 12655417
E/AnagogPD( 4946): anagog.pd.service.MobilityService mainLoop exit - 275052
D/IccSmsInterfaceManager( 1317): [IccSmsInterfaceManager] Failed to remove GSM cell broadcast subscription for MID range 4355 to 4355 from client com.android.cellbroadcastreceiver
D/CellBroadcastConfigService( 9286): disabling cell broadcast CMAS test messages
D/IccSmsInterfaceManager( 1317): [IccSmsInterfaceManager] Failed to remove GSM cell broadcast subscription for MID range 4380 to 4382 from client com.android.cellbroadcastreceiver
D/IccSmsInterfaceManager( 1317): [IccSmsInterfaceManager] Failed to remove cdma broadcast subscription for MID range 4100 to 4100 from client com.android.cellbroadcastreceiver
I/dhcpcd  ( 9824): version 5.5.6 starting
I/dhcpcd  ( 9824): wlan0: rebinding lease of 192.168.80.157
I/dhcpcd  ( 9824): wlan0: acknowledged 192.168.80.157 from 1.1.1.1
I/dhcpcd  ( 9824): wlan0: leased 192.168.80.157 for 28800 seconds
D/PhoneStatusBar(  940): disable: < expand ICONS alerts SYSTEM_INFO back HOME RECENT clock SEARCH >
D/PhoneStatusBar(  940): disable: < expand icons* alerts system_info* back HOME RECENT clock SEARCH >
D/BluetoothAdapter(  940): 486001873: getState() :  mService = null. Returning STATE_OFF
D/BluetoothAdapter(  940): 486001873: getState() :  mService = null. Returning STATE_OFF
I/Timeline( 3173): Timeline: Activity_idle id: android.os.BinderProxy@2b5b84e9 time:49926349
W/InputMethodManagerService(  706): Window already focused, ignoring focus gain of: com.android.internal.view.IInputMethodClient$Stub$Proxy@15a73608 attribute=android.view.inputmethod.EditorInfo@3cd8a1a1, token = android.os.BinderProxy@2b623472
D/PhoneStatusBar(  940): disable: < expand icons alerts system_info back home* recent* clock search* >
I/ActivityManager(  706): Start proc 9850:eu.chainfire.supersu/u0a66 for broadcast eu.chainfire.supersu/.UserPresentReceiver
W/ResourcesManager( 9850): Asset path '/system/framework/org.cyanogenmod.hardware.jar' does not exist or contains no resources.
I/ActivityManager(  706): Killing 5509:com.anydo/u0a81 (adj 15): empty #17
V/UserPresentBroadcastReceiver(22956): Received Intent { act=android.intent.action.USER_PRESENT flg=0x24000010 cmp=com.google.android.gms/.auth.trustagent.UserPresentBroadcastReceiver }.
V/ActivityManager(  706): killProcessGroupAsync took 29 ms for PID 5509 on thread 17
D/ConnectivityService(  706): NetworkAgentInfo [WIFI () - 204] EVENT_NETWORK_INFO_CHANGED, going from CONNECTING to CONNECTED
D/ConnectivityService(  706): Adding iface wlan0 to network 204
W/auditd  (  352): type=1325 audit(0.0:4075): table=mangle family=2 entries=19
W/iptables( 9881): type=1300 audit(0.0:4075): arch=40000028 syscall=294 per=800000 success=yes exit=0 a0=4 a1=0 a2=40 a3=b80deb88 items=0 ppid=264 auid=4294967295 uid=0 gid=0 euid=0 suid=0 fsuid=0 egid=0 sgid=0 fsgid=0 tty=(none) ses=4294967295 exe="/system/bin/iptables" subj=u:r:netd:s0 key=(null)
W/auditd  (  352): type=1320 audit(0.0:4075): 
E/AnagogPD( 4946): anagog.pd.service.MobilityService mainLoop exit - 365990
E/AnagogPD( 4946): anagog.pd.service.MobilityService mainLoop exit - 2515312
E/WifiStateMachine(  706): Did not find remoteAddress {192.168.80.1} in /proc/net/arp
W/auditd  (  352): type=1325 audit(0.0:4076): table=mangle family=10 entries=15
W/ip6tables( 9882): type=1300 audit(0.0:4076): arch=40000028 syscall=294 per=800000 success=yes exit=0 a0=4 a1=29 a2=40 a3=b8763b88 items=0 ppid=264 auid=4294967295 uid=0 gid=0 euid=0 suid=0 fsuid=0 egid=0 sgid=0 fsgid=0 tty=(none) ses=4294967295 exe="/system/bin/ip6tables" subj=u:r:netd:s0 key=(null)
W/auditd  (  352): type=1320 audit(0.0:4076): 
E/ConnectivityService(  706): Unexpected mtu value: 0, wlan0
D/ConnectivityService(  706): Adding Route [fe80::/64 -> :: wlan0] to network 204
D/ConnectivityService(  706): Adding Route [192.168.80.0/22 -> 0.0.0.0 wlan0] to network 204
D/ConnectivityService(  706): Adding Route [0.0.0.0/0 -> 192.168.80.1 wlan0] to network 204
E/AnagogPD( 4946): anagog.pd.service.MobilityService mainLoop exit - 21176510
D/ConnectivityService(  706): Setting Dns servers for network 204 to [/80.179.52.100, /80.179.55.100]
E/AnagogPD( 4946): anagog.pd.service.MobilityService mainLoop exit - 343906
D/ConnectivityService(  706): notifyType IP_CHANGED for NetworkAgentInfo [WIFI () - 204]
D/ConnectivityService(  706): notifyType PRECHECK for NetworkAgentInfo [WIFI () - 204]
D/NetworkMonitor/NetworkAgentInfo [WIFI () - 204](  706): DefaultState{ when=0 what=532481 target=com.android.internal.util.StateMachine$SmHandler }
D/NetworkMonitor/NetworkAgentInfo [WIFI () - 204](  706): Connected
D/NetworkMonitor/NetworkAgentInfo [WIFI () - 204](  706): EvaluatingState{ when=0 what=532486 arg1=1 target=com.android.internal.util.StateMachine$SmHandler }
D/ConnectivityService(  706): rematching NetworkAgentInfo [WIFI () - 204]
D/NetworkMonitor/NetworkAgentInfo [WIFI () - 204](  706): Checking http://connectivitycheck.android.com/generate_204 on "WLAN-PUB"
I/ActivityManager(  706): Start proc 9888:com.linkedin.android/u0a128 for broadcast com.linkedin.android/.appwidget.ResponsiveWidgetService$ActiveUserListener
I/art     (  706): Background partial concurrent mark sweep GC freed 61294(3MB) AllocSpace objects, 72(10MB) LOS objects, 29% free, 38MB/54MB, paused 2.387ms total 272.293ms
I/LiConfigParser( 9888): Avail updated for feature [bluesteel_profile_background_animation] to:true
I/LiConfigParser( 9888): Avail updated for feature [bluesteel_profile_caching] to:true
I/LiConfigParser( 9888): Avail updated for feature [bluesteel_profile_easter] to:true
I/DefaultLiHttpClient( 9888): Current retry config is:UseLiExceptionRetry
I/PersistentCookieStore( 9888): Get Persistent Cookie Store
I/PersistentCookieStore( 9888): mInstance == null. init mInstance
I/PersistentCookieStore( 9888): no migration
I/MobileClient( 9888): Mobile server: https://touch.www.linkedin.com
I/WebViewFactory( 9888): Loading com.google.android.webview version 44.0.2403.90 (code 240309000)
I/LibraryLoader( 9888): Time to load native libraries: 1 ms (timestamps 7044-7045)
I/LibraryLoader( 9888): Expected native library version number "",actual native library version number ""
V/WebViewChromiumFactoryProvider( 9888): Binding Chromium to main looper Looper (main, tid 1) {2a29e777}
I/LibraryLoader( 9888): Expected native library version number "",actual native library version number ""
I/chromium( 9888): [INFO:library_loader_hooks.cc(120)] Chromium logging enabled: level = 0, default verbosity = 0
I/BrowserStartupController( 9888): Initializing chromium process, singleProcess=true
W/art     ( 9888): Attempt to remove local handle scope entry from IRT, ignoring
E/SysUtils( 9888): ApplicationContext is null in ApplicationStatus
D/NetworkMonitor/NetworkAgentInfo [WIFI () - 204](  706): isCaptivePortal: ret=204 headers={null=[HTTP/1.1 204 No Content], Content-Length=[0], Date=[Wed, 29 Jul 2015 11:09:35 GMT], Server=[GFE/2.0], X-Android-Received-Millis=[1438168175854], X-Android-Response-Source=[NETWORK 204], X-Android-Sent-Millis=[1438168175684]}
D/NetworkMonitor/NetworkAgentInfo [WIFI () - 204](  706): Don't send network conditions - lacking user consent.
D/NetworkMonitor/NetworkAgentInfo [WIFI () - 204](  706): Validated
D/ConnectivityService(  706): setProvNotificationVisibleIntent: E visible=false networkType=0 extraInfo=null
D/ConnectivityService(  706): Validated NetworkAgentInfo [WIFI () - 204]
D/ConnectivityService(  706): rematching NetworkAgentInfo [WIFI () - 204]
D/ConnectivityService(  706):    accepting network in place of NetworkAgentInfo [MOBILE (HSPA+) - 203]
D/ConnectivityService(  706): notifyType LOSING for NetworkAgentInfo [MOBILE (HSPA+) - 203]
D/ConnectivityService(  706): Switching to new default network: NetworkAgentInfo{ ni{[type: WIFI[], state: CONNECTED/CONNECTED, reason: (unspecified), extra: "WLAN-PUB", roaming: false, failover: false, isAvailable: true, isConnectedToProvisioningNetwork: false]}  network{204}  lp{{InterfaceName: wlan0 LinkAddresses: [fe80::1a3a:2dff:fe2c:d93f/64,192.168.80.157/22,]  Routes: [fe80::/64 -> :: wlan0,192.168.80.0/22 -> 0.0.0.0 wlan0,0.0.0.0/0 -> 192.168.80.1 wlan0,] DnsAddresses: [80.179.52.100,80.179.55.100,] Domains:  MTU: 0 TcpBufferSizes: 524288,1048576,4525824,524288,1048576,4525824}}  nc{[ Transports: WIFI Capabilities: INTERNET&NOT_RESTRICTED&TRUSTED&NOT_VPN LinkUpBandwidth>=1048576Kbps LinkDnBandwidth>=1048576Kbps]}  Score{60}  everValidated{true}  lastValidated{true}  created{true}  explicitlySelected{false} }
D/NetworkMonitor/NetworkAgentInfo [MOBILE (HSPA+) - 203](  706): ValidatedState{ when=-2ms what=532483 target=com.android.internal.util.StateMachine$SmHandler }
D/NetworkMonitor/NetworkAgentInfo [MOBILE (HSPA+) - 203](  706): DefaultState{ when=-2ms what=532483 target=com.android.internal.util.StateMachine$SmHandler }
D/NetworkMonitor/NetworkAgentInfo [MOBILE (HSPA+) - 203](  706): Lingering
D/ConnectivityManager.CallbackHandler(  940): CM callback handler got msg 524291
D/ConnectivityService(  706): Setting tx/rx TCP buffers to 524288,1048576,4525824,524288,1048576,4525824
D/NetworkMonitor/NetworkAgentInfo [WIFI () - 204](  706): ValidatedState{ when=-8ms what=532481 target=com.android.internal.util.StateMachine$SmHandler }
D/NetworkMonitor/NetworkAgentInfo [WIFI () - 204](  706): Validated
D/ConnectivityService(  706): notifyType AVAILABLE for NetworkAgentInfo [WIFI () - 204]
D/ConnectivityManager.CallbackHandler(  940): CM callback handler got msg 524290
D/CSLegacyTypeTracker(  706): Sending disconnected broadcast for type 0 NetworkAgentInfo [MOBILE (HSPA+) - 203] isDefaultNetwork=false
D/ConnectivityService(  706): sendStickyBroadcast: action=android.net.conn.CONNECTIVITY_CHANGE_IMMEDIATE
D/Tethering(  706): MasterInitialState.processMessage what=3
D/ConnectivityService(  706): sendStickyBroadcast: action=android.net.conn.CONNECTIVITY_CHANGE
W/auditd  (  352): type=1325 audit(0.0:4077): table=filter family=2 entries=51
W/iptables( 9922): type=1300 audit(0.0:4077): arch=40000028 syscall=294 per=800000 success=yes exit=0 a0=4 a1=0 a2=40 a3=b8de3ac8 items=0 ppid=264 auid=4294967295 uid=0 gid=0 euid=0 suid=0 fsuid=0 egid=0 sgid=0 fsgid=0 tty=(none) ses=4294967295 exe="/system/bin/iptables" subj=u:r:netd:s0 key=(null)
W/auditd  (  352): type=1320 audit(0.0:4077): 
D/CSLegacyTypeTracker(  706): Sending connected broadcast for type 1 NetworkAgentInfo [WIFI () - 204] isDefaultNetwork=true
D/ConnectivityService(  706): sendStickyBroadcast: action=android.net.conn.CONNECTIVITY_CHANGE_IMMEDIATE
D/ConnectivityService(  706): sendStickyBroadcast: action=android.net.conn.CONNECTIVITY_CHANGE
W/auditd  (  352): type=1325 audit(0.0:4078): table=filter family=10 entries=48
W/ip6tables( 9923): type=1300 audit(0.0:4078): arch=40000028 syscall=294 per=800000 success=yes exit=0 a0=4 a1=29 a2=40 a3=b88f9670 items=0 ppid=264 auid=4294967295 uid=0 gid=0 euid=0 suid=0 fsuid=0 egid=0 sgid=0 fsgid=0 tty=(none) ses=4294967295 exe="/system/bin/ip6tables" subj=u:r:netd:s0 key=(null)
W/auditd  (  352): type=1320 audit(0.0:4078): 
D/Tethering(  706): MasterInitialState.processMessage what=3
W/auditd  (  352): type=1325 audit(0.0:4079): table=filter family=2 entries=50
W/iptables( 9924): type=1300 audit(0.0:4079): arch=40000028 syscall=294 per=800000 success=yes exit=0 a0=4 a1=0 a2=40 a3=b8f8e968 items=0 ppid=264 auid=4294967295 uid=0 gid=0 euid=0 suid=0 fsuid=0 egid=0 sgid=0 fsgid=0 tty=(none) ses=4294967295 exe="/system/bin/iptables" subj=u:r:netd:s0 key=(null)
W/auditd  (  352): type=1320 audit(0.0:4079): 
D/ConnectivityService(  706): Validated NetworkAgentInfo [WIFI () - 204]
W/auditd  (  352): type=1325 audit(0.0:4080): table=filter family=10 entries=47
W/ip6tables( 9925): type=1300 audit(0.0:4080): arch=40000028 syscall=294 per=800000 success=yes exit=0 a0=4 a1=29 a2=40 a3=b7c3e4a0 items=0 ppid=264 auid=4294967295 uid=0 gid=0 euid=0 suid=0 fsuid=0 egid=0 sgid=0 fsgid=0 tty=(none) ses=4294967295 exe="/system/bin/ip6tables" subj=u:r:netd:s0 key=(null)
W/auditd  (  352): type=1320 audit(0.0:4080): 
I/Email   ( 4170): Unregister all idle mailboxes
W/auditd  (  352): type=1325 audit(0.0:4081): table=filter family=2 entries=49
W/iptables( 9926): type=1300 audit(0.0:4081): arch=40000028 syscall=294 per=800000 success=yes exit=0 a0=4 a1=0 a2=40 a3=b81b07c8 items=0 ppid=264 auid=4294967295 uid=0 gid=0 euid=0 suid=0 fsuid=0 egid=0 sgid=0 fsgid=0 tty=(none) ses=4294967295 exe="/system/bin/iptables" subj=u:r:netd:s0 key=(null)
I/NetworkMonitor( 9111): type=WIFI subType= reason=null isConnected=true
D/NetworkChangeNotifierAutoDetect(29968): Network connectivity changed, type is: 2
W/chromium( 9888): [WARNING:resource_bundle.cc(285)] locale_file_path.empty()
E/libEGL  ( 9888): validate_display:255 error 3008 (EGL_BAD_DISPLAY)
E/libEGL  ( 9888): validate_display:255 error 3008 (EGL_BAD_DISPLAY)
I/Adreno-EGL( 9888): <qeglDrvAPI_eglInitialize:410>: EGL 1.4 QUALCOMM build: AU_LINUX_ANDROID_LA.BF.1.1.1.C2.05.00.00.046.002_msm8974_LA.BF.1.1.1.C2__release_AU ()
I/Adreno-EGL( 9888): OpenGL ES Shader Compiler Version: E031.25.03.00
I/Adreno-EGL( 9888): Build Date: 01/06/15 Tue
I/Adreno-EGL( 9888): Local Branch: mybranch6793908
I/Adreno-EGL( 9888): Remote Branch: quic/LA.BF.1.1.1.c2
I/Adreno-EGL( 9888): Local Patches: NONE
I/Adreno-EGL( 9888): Reconstruct Branch: AU_LINUX_ANDROID_LA.BF.1.1.1.C2.05.00.00.046.002 +  NOTHING
W/ActivityManager(  706): Unable to start service Intent { flg=0x4 cmp=com.nuance.swype.dtc/com.nuance.swype.input.IMEApplication (has extras) } U=0: not found
W/art     (  706): Long monitor contention event with owner method=void com.android.server.net.NetworkPolicyManagerService$13.onReceive(android.content.Context, android.content.Intent) from NetworkPolicyManagerService.java:966 waiters=2 for 157ms
W/ActivityManager(  706): Unable to start service Intent { flg=0x4 cmp=com.nuance.swype.dtc/com.nuance.swype.input.IMEApplication (has extras) } U=0: not found
W/AudioManagerAndroid( 9888): Requires BLUETOOTH permission
W/art     ( 9888): Attempt to remove local handle scope entry from IRT, ignoring
W/AwContents( 9888): onDetachedFromWindow called when already detached. Ignoring
I/PersistentCookieStore( 9888): Get Persistent Cookie Store
W/art     ( 9888): Attempt to remove local handle scope entry from IRT, ignoring
I/PersistentCookieStore( 9888): Get Persistent Cookie Store
I/RequestQueue( 9888): Init Network Client
I/RequestQueue( 9888): Network dispatcher has started
D/LI_AUTH_LIB( 9888): in init username=sreinst1@gmail.com
I/PersistentCookieStore( 9888): All cookies cleared
D/com.linkedin.android.liauthlib.NetworkDispatcher( 9888): sending request https://www.linkedin.com/mob/sso/you
D/ACRA    ( 9888): ACRA is enabled for com.linkedin.android, intializing...
D/ACRA    ( 9888): Looking for error files in /data/data/com.linkedin.android/files
W/chromium( 9888): [WARNING:data_reduction_proxy_config.cc(423)] SPDY proxy OFF at startup
W/art     (  706): Long monitor contention event with owner method=void com.android.server.net.NetworkPolicyManagerService$13.onReceive(android.content.Context, android.content.Intent) from NetworkPolicyManagerService.java:966 waiters=3 for 392ms
W/art     (  706): Long monitor contention event with owner method=void com.android.server.net.NetworkPolicyManagerService$13.onReceive(android.content.Context, android.content.Intent) from NetworkPolicyManagerService.java:966 waiters=2 for 224ms
D/ConnectivityService(  706): notifyType IP_CHANGED for NetworkAgentInfo [WIFI () - 204]
D/ConnectivityManager.CallbackHandler(  940): CM callback handler got msg 524295
V/MusicLeanback( 9111): onReceive: Intent { act=android.net.conn.CONNECTIVITY_CHANGE flg=0x4800010 cmp=com.google.android.music/.leanback.notifications.LeanbackRecommendationsService$LeanbackRecommendationReceiver (has extras) }
I/NetworkMonitor( 9111): type=WIFI subType= reason=null isConnected=true
I/ActivityManager(  706): Start proc 10008:com.anydo/u0a81 for broadcast com.anydo/.receiver.NotificationsReviverReciever
I/LiApplication( 9888): Locale found in prefs: 
I/LiApplication( 9888): Updated language/locale to: iw_IL
I/ActivityManager(  706): Killing 5626:android.process.media/u0a7 (adj 15): empty #17
V/ActivityManager(  706): killProcessGroupAsync took 24 ms for PID 5626 on thread 17
I/Fabric  (10008): Initializing Crashlytics 2.2.0.25
I/AnydoApp(10008): Global object graph creation took 7ms
W/GAV4    (10008): Thread[main,5,main]: bool configuration name not recognized:  ga_debug
W/GAV4    (10008): Thread[main,5,main]: int configuration name not recognized:  ga_dispatchPeriod
I/PowerManagerService(  706): Going to sleep due to power button (uid 1000)...
I/ActivityManager(  706): Start proc 10064:android.process.media/u0a7 for broadcast com.android.providers.downloads/.DownloadReceiver
D/com.linkedin.android.liauthlib.NetworkDispatcher( 9888): got response from https://www.linkedin.com/mob/sso/you
V/NotificationService(  706): pkg=com.anydo canInterrupt=false intercept=true
E/SQLiteLog(10064): (283) recovered 112 frames from WAL file /data/data/com.android.providers.media/databases/external.db-wal
D/ConnectivityManager( 9158): getMobileDataEnabled()+ subId=1
D/PhoneInterfaceManager( 1317): [PhoneIntfMgr] getDataEnabled: subId=1 phoneId=0
D/PhoneInterfaceManager( 1317): [PhoneIntfMgr] getDataEnabled: subId=1 retVal=true
D/ConnectivityManager( 9158): getMobileDataEnabled()- subId=1 retVal=true
D/WeatherUpdateService( 8296): Service started, but shouldn't update ... stopping
W/ResourcesManager( 9158): Asset path '/system/framework/com.google.android.media.effects.jar' does not exist or contains no resources.
I/iu.Environment(22177): update connectivity state; isNetworkMetered? false*, isRoaming? false, isBackgroundDataAllowed? true
D/ChimeraCfgMgr(22177): Loading module com.google.android.gms.kids from APK com.google.android.gms
I/iu.UploadsManager(22177): num queued entries: 0
I/iu.UploadsManager(22177): num updated entries: 0
D/ChimeraCfgMgr(22177): Loading module com.google.android.gms.kids from APK com.google.android.gms
I/iu.SyncManager(22177): NEXT; no task
D/Event   ( 9198): No subscripers registered for event class com.unicell.pangoandroid.events.NetworkStateEvent
D/Event   ( 9198): No subscripers registered for event class de.greenrobot.event.NoSubscriberEvent
V/GLSActivity(22740): AuthDelegateWrapperCreated with selected intent: Intent { cmp=com.google.android.gms/.auth.DefaultAuthDelegateService }
V/MusicLeanback( 9111): onReceive: Intent { act=android.net.conn.CONNECTIVITY_CHANGE flg=0x4800010 cmp=com.google.android.music/.leanback.notifications.LeanbackRecommendationsService$LeanbackRecommendationReceiver (has extras) }
I/Kids    (22177): [KidAccountFixer] No accounts found
E/AnyDO   (10008): com.anydo.service.AutoCompleteStatsService> Failed to send auto complete stats to server
E/AnyDO   (10008): java.lang.RuntimeException: Service auto-complete-stats version 1.1 not found in registry, 
E/AnyDO   (10008): [Service{name='state-manager', version='1.0', url='http://sm-prod.pasten.org:8080/anonymous/update/1.0/', status='ON'}, Service{name='search-user', version='1.0', url='http://sm-prod.any.do:8080/anonymous/contact/search', status='ON'}, Service{name='auto-complete-cache', version='1.0', url='http://s3.amazonaws.com/anydo/prod/auto-complete/auto-complete-cache.txt.gz', status='ON'}, Service{name='auto-complete-stats', version='1.0', url='http://ac-stats-prod.appspot.com/auto-complete/stats', status='ON'}, Service{name='get-task-by-id', version='1.0', url='http://sm-prod.pasten.org:8080/anonymous/task/', status='ON'}, Service{name='share-task', version='1.0', url='http://sm-prod.pasten.org:8080/anonymous/task/share', status='ON'}, Service{name='auto-complete', version='1.0', url='http://ac-anydo.elasticbeanstalk.com/auto-complete', status='ON'}, Service{name='auto-complete', version='2.0', url='http://ac-anydo.elasticbeanstalk.com/auto-complete', status='ON'}, Service{name='user-tasks', version='1.0', url='http://sm-prod.pasten.org:8080/anonymous/user/{puid}/tasks', status='ON'}, Service{name='update-shared-user-status', version='1.0', url='http://sm-prod.pasten.org:8080/anonymous/task/update-shared-user-status', status='ON'}, Service{name='share-task-via-email', version='1.0', url='http://sm-prod.pasten.org:8080/anonymous/task/share/{globalTaskId}/via-email/{email}/{recipientName}/{invitedByPUID}', status='ON'}, Service{name='share-task-via-sms', version='1.0', url='http://sm-prod.pasten.org:8080/anonymous/task/share/{globalTaskId}/via-sms/{phone}/{recipientName}/{invitedByPUID}', status='ON'}, Service{name='register-user', version='1.0', url='http://sm-prod.pasten.org:8080/anonymous/user/register', status='ON'}, Service{name='invite-friends', version='1.0', url='http://sm-prod.pasten.org:8080/anonymous/user/{puid}/invite-friends', status='ON'}, Service{name='app_suggestion', version='1.0', url='http://app-sugg-server-prod.herokuapp.com/api/v1/suggest', status='ON'}, Service{name='app_suggestion', version='2.0', url='http://app-sugg-server-prod.herokuapp.com/api/v2/suggest', status='ON'}, Service{name='app_suggestion_staging', version='1.0', url='http://app-sugg-server-staging.herokuapp.com/api/v1/suggest', status='ON'}, Service{name='app_suggestion_staging', version='2.0', url='http://app-sugg-server-staging.herokuapp.com/api/v2/suggest', status='ON'}, Service{name='suggestions-analytics', version='2.0', url='http://app-sugg-analytics-prod.herokuapp.com/analytic', status='ON'}, Service{name='server-config', version='1.0', url='http://sm-prod.any.do/anonymous/server-config', status='ON'}, Service{name='pong', version='1.0', url='http://sm-prod.any.do/pong', status='ON'}, Service{name='error-report', version='1.0', url='http://sm-prod.pasten.org:8080/anonymous/error-report', status='ON'}, Service{name='calendar-stats', version='1.0', url='', status='OFF'}, Service{name='task-search', version='1.0', url='http://afternoon-earth-1266.herokuapp.com/task_search', status='ON'}]
E/AnyDO   (10008): 	at com.anydo.rpc.ServiceRegistry.getServiceUrl(SourceFile:226)
E/AnyDO   (10008): 	at com.anydo.rpc.ServiceRegistry.invokePost(SourceFile:76)
E/AnyDO   (10008): 	at com.anydo.service.AutoCompleteStatsService.process(SourceFile:40)
E/AnyDO   (10008): 	at com.anydo.service.PeriodicIntentService.onHandleIntent(SourceFile:63)
E/AnyDO   (10008): 	at android.app.IntentService$ServiceHandler.handleMessage(IntentService.java:65)
E/AnyDO   (10008): 	at android.os.Handler.dispatchMessage(Handler.java:102)
E/AnyDO   (10008): 	at android.os.Looper.loop(Looper.java:135)
E/AnyDO   (10008): 	at android.os.HandlerThread.run(HandlerThread.java:61)
D/ConnectivityManager( 9158): getMobileDataEnabled()+ subId=1
D/PhoneInterfaceManager( 1317): [PhoneIntfMgr] getDataEnabled: subId=1 phoneId=0
D/PhoneInterfaceManager( 1317): [PhoneIntfMgr] getDataEnabled: subId=1 retVal=true
D/ConnectivityManager( 9158): getMobileDataEnabled()- subId=1 retVal=true
D/WeatherUpdateService( 8296): Service started, but shouldn't update ... stopping
E/AnyDO   (10008): com.anydo.service.AutoCompleteStatsService> Failed to send auto complete stats to server
E/AnyDO   (10008): java.lang.RuntimeException: Service auto-complete-stats version 1.1 not found in registry, 
E/AnyDO   (10008): [Service{name='state-manager', version='1.0', url='http://sm-prod.pasten.org:8080/anonymous/update/1.0/', status='ON'}, Service{name='search-user', version='1.0', url='http://sm-prod.any.do:8080/anonymous/contact/search', status='ON'}, Service{name='auto-complete-cache', version='1.0', url='http://s3.amazonaws.com/anydo/prod/auto-complete/auto-complete-cache.txt.gz', status='ON'}, Service{name='auto-complete-stats', version='1.0', url='http://ac-stats-prod.appspot.com/auto-complete/stats', status='ON'}, Service{name='get-task-by-id', version='1.0', url='http://sm-prod.pasten.org:8080/anonymous/task/', status='ON'}, Service{name='share-task', version='1.0', url='http://sm-prod.pasten.org:8080/anonymous/task/share', status='ON'}, Service{name='auto-complete', version='1.0', url='http://ac-anydo.elasticbeanstalk.com/auto-complete', status='ON'}, Service{name='auto-complete', version='2.0', url='http://ac-anydo.elasticbeanstalk.com/auto-complete', status='ON'}, Service{name='user-tasks', version='1.0', url='http://sm-prod.pasten.org:8080/anonymous/user/{puid}/tasks', status='ON'}, Service{name='update-shared-user-status', version='1.0', url='http://sm-prod.pasten.org:8080/anonymous/task/update-shared-user-status', status='ON'}, Service{name='share-task-via-email', version='1.0', url='http://sm-prod.pasten.org:8080/anonymous/task/share/{globalTaskId}/via-email/{email}/{recipientName}/{invitedByPUID}', status='ON'}, Service{name='share-task-via-sms', version='1.0', url='http://sm-prod.pasten.org:8080/anonymous/task/share/{globalTaskId}/via-sms/{phone}/{recipientName}/{invitedByPUID}', status='ON'}, Service{name='register-user', version='1.0', url='http://sm-prod.pasten.org:8080/anonymous/user/register', status='ON'}, Service{name='invite-friends', version='1.0', url='http://sm-prod.pasten.org:8080/anonymous/user/{puid}/invite-friends', status='ON'}, Service{name='app_suggestion', version='1.0', url='http://app-sugg-server-prod.herokuapp.com/api/v1/suggest', status='ON'}, Service{name='app_suggestion', version='2.0', url='http://app-sugg-server-prod.herokuapp.com/api/v2/suggest', status='ON'}, Service{name='app_suggestion_staging', version='1.0', url='http://app-sugg-server-staging.herokuapp.com/api/v1/suggest', status='ON'}, Service{name='app_suggestion_staging', version='2.0', url='http://app-sugg-server-staging.herokuapp.com/api/v2/suggest', status='ON'}, Service{name='suggestions-analytics', version='2.0', url='http://app-sugg-analytics-prod.herokuapp.com/analytic', status='ON'}, Service{name='server-config', version='1.0', url='http://sm-prod.any.do/anonymous/server-config', status='ON'}, Service{name='pong', version='1.0', url='http://sm-prod.any.do/pong', status='ON'}, Service{name='error-report', version='1.0', url='http://sm-prod.pasten.org:8080/anonymous/error-report', status='ON'}, Service{name='calendar-stats', version='1.0', url='', status='OFF'}, Service{name='task-search', version='1.0', url='http://afternoon-earth-1266.herokuapp.com/task_search', status='ON'}]
E/AnyDO   (10008): 	at com.anydo.rpc.ServiceRegistry.getServiceUrl(SourceFile:226)
E/AnyDO   (10008): 	at com.anydo.rpc.ServiceRegistry.invokePost(SourceFile:76)
E/AnyDO   (10008): 	at com.anydo.service.AutoCompleteStatsService.process(SourceFile:40)
E/AnyDO   (10008): 	at com.anydo.service.PeriodicIntentService.onHandleIntent(SourceFile:63)
E/AnyDO   (10008): 	at android.app.IntentService$ServiceHandler.handleMessage(IntentService.java:65)
E/AnyDO   (10008): 	at android.os.Handler.dispatchMessage(Handler.java:102)
E/AnyDO   (10008): 	at android.os.Looper.loop(Looper.java:135)
E/AnyDO   (10008): 	at android.os.HandlerThread.run(HandlerThread.java:61)
D/ChimeraCfgMgr(22177): Loading module com.google.android.gms.kids from APK com.google.android.gms
I/ActivityManager(  706): Killing 9531:com.google.android.gms.wearable/u0a20 (adj 15): empty #17
D/Event   ( 9198): No subscripers registered for event class com.unicell.pangoandroid.events.NetworkStateEvent
D/Event   ( 9198): No subscripers registered for event class de.greenrobot.event.NoSubscriberEvent
V/ActivityManager(  706): killProcessGroupAsync took 52 ms for PID 9531 on thread 17
V/GLSActivity(22740): AuthDelegateWrapperCreated with selected intent: Intent { cmp=com.google.android.gms/.auth.DefaultAuthDelegateService }
I/Kids    (22177): [KidAccountFixer] No accounts found
W/Icing   (22177): Getting app params failed
D/GCM     (22740): Connected
D/GCM     (22740): Message class com.google.f.a.a.p
D/LightsService(  706): Excessive delay setting light: 128ms
D/LightsService(  706): Excessive delay setting light: 122ms
I/DisplayManagerService(  706): Display device changed: DisplayDeviceInfo{"מסך מובנה": uniqueId="local:0", 720 x 1280, 60.0 fps, supportedRefreshRates [60.0], density 320, 304.799 x 306.716 dpi, appVsyncOff 0, presDeadline 17666667, touch INTERNAL, rotation 0, type BUILT_IN, state OFF, FLAG_DEFAULT_DISPLAY, FLAG_ROTATES_WITH_CONTENT, FLAG_SECURE, FLAG_SUPPORTS_PROTECTED_BUFFERS}
V/ActivityManager(  706): Display changed displayId=0
