D/SurfaceFlinger(  258): Set power mode=2, type=0 flinger=0xb8bc45e0
D/qdhwcomposer(  258): hwc_setPowerMode: Setting mode 2 on display: 0
W/art     (  706): Long monitor contention event with owner method=void com.android.server.power.PowerManagerService$2.onDisplayStateChange(int) from PowerManagerService.java:2215 waiters=1 for 150ms
I/DisplayManagerService(  706): Display device changed: DisplayDeviceInfo{"מסך מובנה": uniqueId="local:0", 720 x 1280, 60.0 fps, supportedRefreshRates [60.0], density 320, 304.799 x 306.716 dpi, appVsyncOff 0, presDeadline 17666667, touch INTERNAL, rotation 0, type BUILT_IN, state ON, FLAG_DEFAULT_DISPLAY, FLAG_ROTATES_WITH_CONTENT, FLAG_SECURE, FLAG_SUPPORTS_PROTECTED_BUFFERS}
V/ActivityManager(  706): Display changed displayId=0
W/art     (  706): Long monitor contention event with owner method=void com.android.server.wm.WindowManagerService$H.handleMessage(android.os.Message) from WindowManagerService.java:8031 waiters=0 for 133ms
I/DisplayPowerController(  706): Unblocked screen on after 207 ms
D/audio_hw_primary(  268): adev_set_parameters: enter: screen_state=on
E/WifiStateMachine(  706): cancelDelayedScan -> 2190
I/art     (  706): Background partial concurrent mark sweep GC freed 29551(2MB) AllocSpace objects, 105(16MB) LOS objects, 30% free, 36MB/52MB, paused 6.538ms total 267.409ms
D/qdhwcomposer(  258): hwc_setPowerMode: Done setting mode 2 on display 0
D/SurfaceControl(  706): Excessive delay in setPowerMode(): 308ms
I/qdhwcomposer(  258): handle_blank_event: dpy:0 panel power state: 1
I/DreamManagerService(  706): Gently waking up from dream.
I/DreamManagerService(  706): Leaving dreamland.
I/DreamController(  706): Stopping dream: name=ComponentInfo{com.android.systemui/com.android.systemui.doze.DozeService}, isTest=false, canDoze=true, userId=0
D/LightsService(  706): Excessive delay setting light: 225ms
I/Babel   (25175): Creating RTCS
D/LightsService(  706): Excessive delay setting light: 64ms
I/Babel   (25175): Destroying RTCS
D/GCM     (22740): Message class com.google.f.a.a.i
D/LightsService(  706): Excessive delay setting light: 65ms
D/LightsService(  706): Excessive delay setting light: 66ms
D/LightsService(  706): Excessive delay setting light: 65ms
D/LightsService(  706): Excessive delay setting light: 65ms
I/chromium(24425): [INFO:CONSOLE(173)] "No Content-Security-Policy meta tag found. Please add one when using the cordova-plugin-whitelist plugin.", source: file:///android_asset/www/plugins/cordova-plugin-console/www/console-via-logger.js (173)
D/PluginManager(24425): exec() call to unknown plugin: Console
D/LightsService(  706): Excessive delay setting light: 67ms
D/LightsService(  706): Excessive delay setting light: 65ms
D/LightsService(  706): Excessive delay setting light: 64ms
D/LightsService(  706): Excessive delay setting light: 66ms
D/LightsService(  706): Excessive delay setting light: 64ms
D/LightsService(  706): Excessive delay setting light: 54ms
D/LightsService(  706): Excessive delay setting light: 65ms
D/LightsService(  706): Excessive delay setting light: 64ms
D/LightsService(  706): Excessive delay setting light: 65ms
D/LightsService(  706): Excessive delay setting light: 66ms
D/LightsService(  706): Excessive delay setting light: 65ms
D/LightsService(  706): Excessive delay setting light: 66ms
D/LightsService(  706): Excessive delay setting light: 132ms
D/LightsService(  706): Excessive delay setting light: 131ms
D/LightsService(  706): Excessive delay setting light: 131ms
D/LightsService(  706): Excessive delay setting light: 131ms
D/LightsService(  706): Excessive delay setting light: 65ms
D/LightsService(  706): Excessive delay setting light: 131ms
D/LightsService(  706): Excessive delay setting light: 65ms
D/LightsService(  706): Excessive delay setting light: 115ms
D/LightsService(  706): Excessive delay setting light: 66ms
D/LightsService(  706): Excessive delay setting light: 132ms
D/LightsService(  706): Excessive delay setting light: 65ms
D/LightsService(  706): Excessive delay setting light: 131ms
D/LightsService(  706): Excessive delay setting light: 165ms
I/PowerManagerService(  706): Going to sleep due to screen timeout (uid 1000)...
D/LightsService(  706): Excessive delay setting light: 64ms
I/Choreographer(  706): Skipped 56 frames!  The application may be doing too much work on its main thread.
D/LightsService(  706): Excessive delay setting light: 83ms
D/SurfaceFlinger(  258): Set power mode=0, type=0 flinger=0xb8bc45e0
I/DisplayManagerService(  706): Display device changed: DisplayDeviceInfo{"מסך מובנה": uniqueId="local:0", 720 x 1280, 60.0 fps, supportedRefreshRates [60.0], density 320, 304.799 x 306.716 dpi, appVsyncOff 0, presDeadline 17666667, touch INTERNAL, rotation 0, type BUILT_IN, state OFF, FLAG_DEFAULT_DISPLAY, FLAG_ROTATES_WITH_CONTENT, FLAG_SECURE, FLAG_SUPPORTS_PROTECTED_BUFFERS}
D/qdhwcomposer(  258): hwc_setPowerMode: Setting mode 0 on display: 0
V/ActivityManager(  706): Display changed displayId=0
I/qdhwcomposer(  258): handle_blank_event: dpy:0 panel power state: 0
D/qdhwcomposer(  258): hwc_setPowerMode: Done setting mode 0 on display 0
D/SurfaceControl(  706): Excessive delay in setPowerMode(): 296ms
D/PowerHAL_H_Ext(  706): cm_power_set_interactive_ext: disabling input devices
I/QCOM PowerHAL(  706): Got set_interactive hint
D/PowerManagerService-JNI(  706): Excessive delay in setInteractive(false) while turning screen off: 69ms
I/DreamManagerService(  706): Entering dreamland.
I/PowerManagerService(  706): Dozing...
I/DreamController(  706): Starting dream: name=ComponentInfo{com.android.systemui/com.android.systemui.doze.DozeService}, isTest=false, canDoze=true, userId=0
D/PhoneStatusBar(  940): disable: < expand ICONS alerts SYSTEM_INFO back HOME RECENT clock SEARCH >
E/TaskManager(  940): refreshTaskManagerView
W/ResourceType(  940): No package identifier when getting value for resource number 0x00000000
W/PackageManager(  940): Failure retrieving resources for com.teslacoilsw.launcher: Resource ID #0x0
W/ResourceType(  940): No package identifier when getting value for resource number 0x00000000
W/PackageManager(  940): Failure retrieving resources for com.whatsapp: Resource ID #0x0
W/ResourceType(  940): No package identifier when getting value for resource number 0x00000000
W/PackageManager(  940): Failure retrieving resources for com.android.browser: Resource ID #0x0
W/ResourceType(  940): No package identifier when getting value for resource number 0x00000000
W/PackageManager(  940): Failure retrieving resources for com.google.android.googlequicksearchbox: Resource ID #0x0
W/ResourceType(  940): No package identifier when getting value for resource number 0x00000000
W/PackageManager(  940): Failure retrieving resources for com.ionicframework.tomertest562758: Resource ID #0x0
W/ResourceType(  940): No package identifier when getting value for resource number 0x00000000
W/PackageManager(  940): Failure retrieving resources for com.ionicframework.medicycle956787: Resource ID #0x0
I/art     (  940): Background partial concurrent mark sweep GC freed 126455(7MB) AllocSpace objects, 51(7MB) LOS objects, 37% free, 26MB/42MB, paused 979us total 123.092ms
D/audio_hw_primary(  268): adev_set_parameters: enter: screen_state=off
E/WifiStateMachine(  706): cancelDelayedScan -> 2193
I/chromium(24425): [INFO:CONSOLE(173)] "No Content-Security-Policy meta tag found. Please add one when using the cordova-plugin-whitelist plugin.", source: file:///android_asset/www/plugins/cordova-plugin-console/www/console-via-logger.js (173)
D/PluginManager(24425): exec() call to unknown plugin: Console
E/WifiStateMachine(  706): WifiStateMachine L2Connected CMD_START_SCAN source -2 2192, 2193 -> obsolete
I/chromium(24425): [INFO:CONSOLE(173)] "No Content-Security-Policy meta tag found. Please add one when using the cordova-plugin-whitelist plugin.", source: file:///android_asset/www/plugins/cordova-plugin-console/www/console-via-logger.js (173)
D/PluginManager(24425): exec() call to unknown plugin: Console
I/chromium(24425): [INFO:CONSOLE(173)] "No Content-Security-Policy meta tag found. Please add one when using the cordova-plugin-whitelist plugin.", source: file:///android_asset/www/plugins/cordova-plugin-console/www/console-via-logger.js (173)
D/PluginManager(24425): exec() call to unknown plugin: Console
I/chromium(24425): [INFO:CONSOLE(173)] "No Content-Security-Policy meta tag found. Please add one when using the cordova-plugin-whitelist plugin.", source: file:///android_asset/www/plugins/cordova-plugin-console/www/console-via-logger.js (173)
D/PluginManager(24425): exec() call to unknown plugin: Console
I/chromium(24425): [INFO:CONSOLE(173)] "No Content-Security-Policy meta tag found. Please add one when using the cordova-plugin-whitelist plugin.", source: file:///android_asset/www/plugins/cordova-plugin-console/www/console-via-logger.js (173)
D/PluginManager(24425): exec() call to unknown plugin: Console
I/chromium(24425): [INFO:CONSOLE(173)] "No Content-Security-Policy meta tag found. Please add one when using the cordova-plugin-whitelist plugin.", source: file:///android_asset/www/plugins/cordova-plugin-console/www/console-via-logger.js (173)
D/PluginManager(24425): exec() call to unknown plugin: Console
I/chromium(24425): [INFO:CONSOLE(173)] "No Content-Security-Policy meta tag found. Please add one when using the cordova-plugin-whitelist plugin.", source: file:///android_asset/www/plugins/cordova-plugin-console/www/console-via-logger.js (173)
D/PluginManager(24425): exec() call to unknown plugin: Console
I/UsageStatsService(  706): User[0] Flushing usage stats to disk
I/chromium(24425): [INFO:CONSOLE(173)] "No Content-Security-Policy meta tag found. Please add one when using the cordova-plugin-whitelist plugin.", source: file:///android_asset/www/plugins/cordova-plugin-console/www/console-via-logger.js (173)
D/PluginManager(24425): exec() call to unknown plugin: Console
I/chromium(24425): [INFO:CONSOLE(173)] "No Content-Security-Policy meta tag found. Please add one when using the cordova-plugin-whitelist plugin.", source: file:///android_asset/www/plugins/cordova-plugin-console/www/console-via-logger.js (173)
D/PluginManager(24425): exec() call to unknown plugin: Console
I/chromium(24425): [INFO:CONSOLE(173)] "No Content-Security-Policy meta tag found. Please add one when using the cordova-plugin-whitelist plugin.", source: file:///android_asset/www/plugins/cordova-plugin-console/www/console-via-logger.js (173)
D/PluginManager(24425): exec() call to unknown plugin: Console
I/chromium(24425): [INFO:CONSOLE(173)] "No Content-Security-Policy meta tag found. Please add one when using the cordova-plugin-whitelist plugin.", source: file:///android_asset/www/plugins/cordova-plugin-console/www/console-via-logger.js (173)
D/PluginManager(24425): exec() call to unknown plugin: Console
I/chromium(24425): [INFO:CONSOLE(173)] "No Content-Security-Policy meta tag found. Please add one when using the cordova-plugin-whitelist plugin.", source: file:///android_asset/www/plugins/cordova-plugin-console/www/console-via-logger.js (173)
D/PluginManager(24425): exec() call to unknown plugin: Console
I/chromium(24425): [INFO:CONSOLE(173)] "No Content-Security-Policy meta tag found. Please add one when using the cordova-plugin-whitelist plugin.", source: file:///android_asset/www/plugins/cordova-plugin-console/www/console-via-logger.js (173)
D/PluginManager(24425): exec() call to unknown plugin: Console
I/ProcessStatsService(  706): Prepared write state in 21ms
E/ActivityThread(16917): Failed to find provider info for com.facebook.orca.notify.MessengerLoggedInUserProvider
I/chromium(24425): [INFO:CONSOLE(173)] "No Content-Security-Policy meta tag found. Please add one when using the cordova-plugin-whitelist plugin.", source: file:///android_asset/www/plugins/cordova-plugin-console/www/console-via-logger.js (173)
D/PluginManager(24425): exec() call to unknown plugin: Console
I/chromium(24425): [INFO:CONSOLE(173)] "No Content-Security-Policy meta tag found. Please add one when using the cordova-plugin-whitelist plugin.", source: file:///android_asset/www/plugins/cordova-plugin-console/www/console-via-logger.js (173)
D/PluginManager(24425): exec() call to unknown plugin: Console
I/chromium(24425): [INFO:CONSOLE(173)] "No Content-Security-Policy meta tag found. Please add one when using the cordova-plugin-whitelist plugin.", source: file:///android_asset/www/plugins/cordova-plugin-console/www/console-via-logger.js (173)
D/PluginManager(24425): exec() call to unknown plugin: Console
I/chromium(24425): [INFO:CONSOLE(173)] "No Content-Security-Policy meta tag found. Please add one when using the cordova-plugin-whitelist plugin.", source: file:///android_asset/www/plugins/cordova-plugin-console/www/console-via-logger.js (173)
D/PluginManager(24425): exec() call to unknown plugin: Console
I/chromium(24425): [INFO:CONSOLE(173)] "No Content-Security-Policy meta tag found. Please add one when using the cordova-plugin-whitelist plugin.", source: file:///android_asset/www/plugins/cordova-plugin-console/www/console-via-logger.js (173)
D/PluginManager(24425): exec() call to unknown plugin: Console
I/chromium(24425): [INFO:CONSOLE(173)] "No Content-Security-Policy meta tag found. Please add one when using the cordova-plugin-whitelist plugin.", source: file:///android_asset/www/plugins/cordova-plugin-console/www/console-via-logger.js (173)
D/PluginManager(24425): exec() call to unknown plugin: Console
I/chromium(24425): [INFO:CONSOLE(173)] "No Content-Security-Policy meta tag found. Please add one when using the cordova-plugin-whitelist plugin.", source: file:///android_asset/www/plugins/cordova-plugin-console/www/console-via-logger.js (173)
D/PluginManager(24425): exec() call to unknown plugin: Console
I/chromium(24425): [INFO:CONSOLE(173)] "No Content-Security-Policy meta tag found. Please add one when using the cordova-plugin-whitelist plugin.", source: file:///android_asset/www/plugins/cordova-plugin-console/www/console-via-logger.js (173)
D/PluginManager(24425): exec() call to unknown plugin: Console
I/chromium(24425): [INFO:CONSOLE(173)] "No Content-Security-Policy meta tag found. Please add one when using the cordova-plugin-whitelist plugin.", source: file:///android_asset/www/plugins/cordova-plugin-console/www/console-via-logger.js (173)
D/PluginManager(24425): exec() call to unknown plugin: Console
I/chromium(24425): [INFO:CONSOLE(173)] "No Content-Security-Policy meta tag found. Please add one when using the cordova-plugin-whitelist plugin.", source: file:///android_asset/www/plugins/cordova-plugin-console/www/console-via-logger.js (173)
D/PluginManager(24425): exec() call to unknown plugin: Console
I/chromium(24425): [INFO:CONSOLE(173)] "No Content-Security-Policy meta tag found. Please add one when using the cordova-plugin-whitelist plugin.", source: file:///android_asset/www/plugins/cordova-plugin-console/www/console-via-logger.js (173)
D/PluginManager(24425): exec() call to unknown plugin: Console
I/chromium(24425): [INFO:CONSOLE(173)] "No Content-Security-Policy meta tag found. Please add one when using the cordova-plugin-whitelist plugin.", source: file:///android_asset/www/plugins/cordova-plugin-console/www/console-via-logger.js (173)
D/PluginManager(24425): exec() call to unknown plugin: Console
I/PowerManagerService(  706): Waking up from dozing (uid 1000)...
V/KeyguardServiceDelegate(  706): onScreenTurnedOn(showListener = com.android.internal.policy.impl.PhoneWindowManager$2@38863cf6)
I/DisplayPowerController(  706): Blocking screen on until initial contents have been drawn.
D/PowerHAL_H_Ext(  706): cm_power_set_interactive_ext: enabling input devices
V/KeyguardServiceDelegate(  706): **** SHOWN CALLED ****
E/ActivityThread(16917): Failed to find provider info for com.facebook.orca.notify.MessengerLoggedInUserProvider
I/QCOM PowerHAL(  706): Got set_interactive hint
D/PowerManagerService-JNI(  706): Excessive delay in setInteractive(true) while turning screen on: 173ms
D/SurfaceFlinger(  258): Set power mode=2, type=0 flinger=0xb8bc45e0
D/qdhwcomposer(  258): hwc_setPowerMode: Setting mode 2 on display: 0
I/DisplayManagerService(  706): Display device changed: DisplayDeviceInfo{"מסך מובנה": uniqueId="local:0", 720 x 1280, 60.0 fps, supportedRefreshRates [60.0], density 320, 304.799 x 306.716 dpi, appVsyncOff 0, presDeadline 17666667, touch INTERNAL, rotation 0, type BUILT_IN, state ON, FLAG_DEFAULT_DISPLAY, FLAG_ROTATES_WITH_CONTENT, FLAG_SECURE, FLAG_SUPPORTS_PROTECTED_BUFFERS}
V/ActivityManager(  706): Display changed displayId=0
I/DisplayPowerController(  706): Unblocked screen on after 211 ms
D/audio_hw_primary(  268): adev_set_parameters: enter: screen_state=on
E/WifiStateMachine(  706): cancelDelayedScan -> 2194
I/qdhwcomposer(  258): handle_blank_event: dpy:0 panel power state: 1
D/qdhwcomposer(  258): hwc_setPowerMode: Done setting mode 2 on display 0
D/SurfaceControl(  706): Excessive delay in setPowerMode(): 328ms
I/DreamManagerService(  706): Gently waking up from dream.
I/DreamManagerService(  706): Leaving dreamland.
I/DreamController(  706): Stopping dream: name=ComponentInfo{com.android.systemui/com.android.systemui.doze.DozeService}, isTest=false, canDoze=true, userId=0
D/LightsService(  706): Excessive delay setting light: 164ms
D/LightsService(  706): Excessive delay setting light: 65ms
D/LightsService(  706): Excessive delay setting light: 63ms
D/LightsService(  706): Excessive delay setting light: 65ms
D/LightsService(  706): Excessive delay setting light: 65ms
D/LightsService(  706): Excessive delay setting light: 65ms
D/LightsService(  706): Excessive delay setting light: 66ms
I/chromium(24425): [INFO:CONSOLE(173)] "No Content-Security-Policy meta tag found. Please add one when using the cordova-plugin-whitelist plugin.", source: file:///android_asset/www/plugins/cordova-plugin-console/www/console-via-logger.js (173)
D/PluginManager(24425): exec() call to unknown plugin: Console
D/LightsService(  706): Excessive delay setting light: 64ms
D/LightsService(  706): Excessive delay setting light: 62ms
D/LightsService(  706): Excessive delay setting light: 67ms
D/LightsService(  706): Excessive delay setting light: 65ms
D/LightsService(  706): Excessive delay setting light: 64ms
D/LightsService(  706): Excessive delay setting light: 132ms
D/LightsService(  706): Excessive delay setting light: 132ms
D/LightsService(  706): Excessive delay setting light: 131ms
D/LightsService(  706): Excessive delay setting light: 131ms
D/LightsService(  706): Excessive delay setting light: 64ms
D/LightsService(  706): Excessive delay setting light: 65ms
D/LightsService(  706): Excessive delay setting light: 67ms
D/LightsService(  706): Excessive delay setting light: 130ms
D/LightsService(  706): Excessive delay setting light: 64ms
D/LightsService(  706): Excessive delay setting light: 133ms
D/LightsService(  706): Excessive delay setting light: 67ms
D/LightsService(  706): Excessive delay setting light: 130ms
D/LightsService(  706): Excessive delay setting light: 67ms
D/LightsService(  706): Excessive delay setting light: 131ms
D/LightsService(  706): Excessive delay setting light: 162ms
D/LightsService(  706): Excessive delay setting light: 65ms
D/LightsService(  706): Excessive delay setting light: 65ms
D/LightsService(  706): Excessive delay setting light: 66ms
D/LightsService(  706): Excessive delay setting light: 163ms
D/LightsService(  706): Excessive delay setting light: 63ms
I/PowerManagerService(  706): Going to sleep due to screen timeout (uid 1000)...
D/LightsService(  706): Excessive delay setting light: 59ms
I/DisplayManagerService(  706): Display device changed: DisplayDeviceInfo{"מסך מובנה": uniqueId="local:0", 720 x 1280, 60.0 fps, supportedRefreshRates [60.0], density 320, 304.799 x 306.716 dpi, appVsyncOff 0, presDeadline 17666667, touch INTERNAL, rotation 0, type BUILT_IN, state OFF, FLAG_DEFAULT_DISPLAY, FLAG_ROTATES_WITH_CONTENT, FLAG_SECURE, FLAG_SUPPORTS_PROTECTED_BUFFERS}
V/ActivityManager(  706): Display changed displayId=0
D/SurfaceFlinger(  258): Set power mode=0, type=0 flinger=0xb8bc45e0
D/qdhwcomposer(  258): hwc_setPowerMode: Setting mode 0 on display: 0
I/qdhwcomposer(  258): handle_blank_event: dpy:0 panel power state: 0
D/qdhwcomposer(  258): hwc_setPowerMode: Done setting mode 0 on display 0
D/SurfaceControl(  706): Excessive delay in setPowerMode(): 290ms
D/PowerHAL_H_Ext(  706): cm_power_set_interactive_ext: disabling input devices
I/QCOM PowerHAL(  706): Got set_interactive hint
D/PowerManagerService-JNI(  706): Excessive delay in setInteractive(false) while turning screen off: 56ms
I/DreamManagerService(  706): Entering dreamland.
I/PowerManagerService(  706): Dozing...
I/DreamController(  706): Starting dream: name=ComponentInfo{com.android.systemui/com.android.systemui.doze.DozeService}, isTest=false, canDoze=true, userId=0
D/PhoneStatusBar(  940): disable: < expand ICONS alerts SYSTEM_INFO back HOME RECENT clock SEARCH >
E/TaskManager(  940): refreshTaskManagerView
W/ResourceType(  940): No package identifier when getting value for resource number 0x00000000
W/PackageManager(  940): Failure retrieving resources for com.teslacoilsw.launcher: Resource ID #0x0
W/ResourcesManager(  940): Asset path '/system/framework/com.google.android.maps.jar' does not exist or contains no resources.
W/ResourceType(  940): No package identifier when getting value for resource number 0x00000000
W/PackageManager(  940): Failure retrieving resources for com.whatsapp: Resource ID #0x0
W/ResourceType(  940): No package identifier when getting value for resource number 0x00000000
W/PackageManager(  940): Failure retrieving resources for com.android.browser: Resource ID #0x0
W/ResourceType(  940): No package identifier when getting value for resource number 0x00000000
W/PackageManager(  940): Failure retrieving resources for com.google.android.googlequicksearchbox: Resource ID #0x0
W/ResourceType(  940): No package identifier when getting value for resource number 0x00000000
W/PackageManager(  940): Failure retrieving resources for com.ionicframework.tomertest562758: Resource ID #0x0
W/ResourceType(  940): No package identifier when getting value for resource number 0x00000000
W/PackageManager(  940): Failure retrieving resources for com.ionicframework.medicycle956787: Resource ID #0x0
D/audio_hw_primary(  268): adev_set_parameters: enter: screen_state=off
E/WifiStateMachine(  706): cancelDelayedScan -> 2197
I/chromium(24425): [INFO:CONSOLE(173)] "No Content-Security-Policy meta tag found. Please add one when using the cordova-plugin-whitelist plugin.", source: file:///android_asset/www/plugins/cordova-plugin-console/www/console-via-logger.js (173)
D/PluginManager(24425): exec() call to unknown plugin: Console
D/lights  (  706): set_light_leds: type=0, color=0x00ffff6000, fM=0, fOnMS=0, fOffMs=0.
D/lights  (  706): write_leds: color=0x00ff6000, delay_on=0, delay_off=0, blink="0x00ff6000 0 0".
I/ValidateNoPeople(  706): skipping global notification
D/ZenLog  (  706): intercepted: -1|android|17040884|null|1000,none
V/NotificationService(  706): pkg=android canInterrupt=false intercept=true
I/ValidateNoPeople(  706): skipping global notification
D/ZenLog  (  706): intercepted: -1|android|17040892|null|1000,none
V/NotificationService(  706): pkg=android canInterrupt=false intercept=true
E/NetworkScheduler.SchedulerReceiver(22740): Invalid parameter app
E/NetworkScheduler.SchedulerReceiver(22740): Invalid package name : Perhaps you didn't include a PendingIntent in the extras?
I/EntropyMixer(  706): Writing entropy...
I/GCoreUlr(22956): Starting service, intent=Intent { act=com.google.android.location.reporting.ACTION_UPDATE_WORLD cmp=com.google.android.gms/com.google.android.location.reporting.service.DispatchingService (has extras) }, extras=Bundle[{receiverAction=android.intent.action.ACTION_POWER_CONNECTED}]
I/GCoreUlr(22956): DispatchingService.onCreate()
I/iu.Environment(22177): update battery state; isPlugged? true*
I/iu.UploadsManager(22177): num queued entries: 0
I/iu.UploadsManager(22177): num updated entries: 0
I/iu.SyncManager(22177): NEXT; no task
I/iu.FingerprintManager(22177): Start processing all media
I/iu.FingerprintManager(22177): Start processing media store URI: content://media/external/images/media
I/GCoreUlr(22956): WorldUpdater received intent Intent { act=com.google.android.location.reporting.ACTION_UPDATE_WORLD cmp=com.google.android.gms/com.google.android.location.reporting.service.DispatchingService (has extras) } with receiverAction android.intent.action.ACTION_POWER_CONNECTED
D/MtpService(10064): updating state; isCurrentUser=true, mMtpLocked=false
I/iu.FingerprintManager(22177): Start processing media store URI: content://media/external/video/media
I/iu.FingerprintManager(22177): Start processing media store URI: content://media/phoneStorage/images/media
I/iu.FingerprintManager(22177): Start processing media store URI: content://media/phoneStorage/video/media
I/iu.FingerprintManager(22177): Finished generating fingerprints; 0.070 seconds
I/iu.FingerprintManager(22177):   numSeen=269 numGenerated=0 numDeleted=0 numFailed=0
W/BackupManagerService(  706): dataChanged but no participant pkg='com.android.providers.settings' uid=10015
D/MtpService(10064): updating state; isCurrentUser=true, mMtpLocked=false
I/GCoreUlr(22956): WorldUpdater:android.intent.action.ACTION_POWER_CONNECTED: Ensuring that reporting is stopped because of reasons: {account#-10#=[InactiveReason{mVersionCode=0, mIdentifier=12, mName='LocationDisabled'}, InactiveReason{mVersionCode=0, mIdentifier=6, mName='ReportingNotEnabled'}]}
I/GCoreUlr(22956): Unbound from all location providers
I/GCoreUlr(22956): DispatchingService.onDestroy()
I/GCoreUlr(22956): Unbound from all location providers
D/MtpService(10064): starting MTP server in MTP mode
I/PowerManagerService(  706): Waking up from dozing (uid 1000)...
V/KeyguardServiceDelegate(  706): onScreenTurnedOn(showListener = com.android.internal.policy.impl.PhoneWindowManager$2@38863cf6)
I/DisplayPowerController(  706): Blocking screen on until initial contents have been drawn.
D/PowerHAL_H_Ext(  706): cm_power_set_interactive_ext: enabling input devices
V/KeyguardServiceDelegate(  706): **** SHOWN CALLED ****
E/ActivityThread(16917): Failed to find provider info for com.facebook.orca.notify.MessengerLoggedInUserProvider
I/QCOM PowerHAL(  706): Got set_interactive hint
D/PowerManagerService-JNI(  706): Excessive delay in setInteractive(true) while turning screen on: 174ms
D/SurfaceFlinger(  258): Set power mode=2, type=0 flinger=0xb8bc45e0
D/qdhwcomposer(  258): hwc_setPowerMode: Setting mode 2 on display: 0
I/DisplayManagerService(  706): Display device changed: DisplayDeviceInfo{"מסך מובנה": uniqueId="local:0", 720 x 1280, 60.0 fps, supportedRefreshRates [60.0], density 320, 304.799 x 306.716 dpi, appVsyncOff 0, presDeadline 17666667, touch INTERNAL, rotation 0, type BUILT_IN, state ON, FLAG_DEFAULT_DISPLAY, FLAG_ROTATES_WITH_CONTENT, FLAG_SECURE, FLAG_SUPPORTS_PROTECTED_BUFFERS}
V/ActivityManager(  706): Display changed displayId=0
I/DisplayPowerController(  706): Unblocked screen on after 205 ms
D/audio_hw_primary(  268): adev_set_parameters: enter: screen_state=on
E/WifiStateMachine(  706): cancelDelayedScan -> 2198
I/qdhwcomposer(  258): handle_blank_event: dpy:0 panel power state: 1
D/qdhwcomposer(  258): hwc_setPowerMode: Done setting mode 2 on display 0
D/SurfaceControl(  706): Excessive delay in setPowerMode(): 317ms
I/DreamManagerService(  706): Gently waking up from dream.
I/DreamManagerService(  706): Leaving dreamland.
I/DreamController(  706): Stopping dream: name=ComponentInfo{com.android.systemui/com.android.systemui.doze.DozeService}, isTest=false, canDoze=true, userId=0
D/LightsService(  706): Excessive delay setting light: 82ms
D/LightsService(  706): Excessive delay setting light: 98ms
D/LightsService(  706): Excessive delay setting light: 82ms
D/LightsService(  706): Excessive delay setting light: 82ms
D/LightsService(  706): Excessive delay setting light: 82ms
D/LightsService(  706): Excessive delay setting light: 82ms
D/PhoneStatusBar(  940): disable: < expand ICONS alerts SYSTEM_INFO back HOME RECENT clock SEARCH >
D/PhoneStatusBar(  940): disable: < expand icons* alerts system_info* back HOME RECENT clock SEARCH >
D/BluetoothAdapter(  940): 486001873: getState() :  mService = null. Returning STATE_OFF
D/BluetoothAdapter(  940): 486001873: getState() :  mService = null. Returning STATE_OFF
I/Timeline( 3173): Timeline: Activity_idle id: android.os.BinderProxy@2b5b84e9 time:51108342
W/InputMethodManagerService(  706): Window already focused, ignoring focus gain of: com.android.internal.view.IInputMethodClient$Stub$Proxy@a89194a attribute=android.view.inputmethod.EditorInfo@1b5080bb, token = android.os.BinderProxy@2b623472
D/PhoneStatusBar(  940): disable: < expand icons alerts system_info back home* recent* clock search* >
I/ActivityManager(  706): Start proc 11544:eu.chainfire.supersu/u0a66 for broadcast eu.chainfire.supersu/.UserPresentReceiver
W/ResourcesManager(11544): Asset path '/system/framework/org.cyanogenmod.hardware.jar' does not exist or contains no resources.
V/UserPresentBroadcastReceiver(22956): Received Intent { act=android.intent.action.USER_PRESENT flg=0x24000010 cmp=com.google.android.gms/.auth.trustagent.UserPresentBroadcastReceiver }.
I/ActivityManager(  706): Start proc 11571:com.linkedin.android/u0a128 for broadcast com.linkedin.android/.appwidget.ResponsiveWidgetService$ActiveUserListener
I/LiConfigParser(11571): Avail updated for feature [bluesteel_profile_background_animation] to:true
I/LiConfigParser(11571): Avail updated for feature [bluesteel_profile_caching] to:true
I/LiConfigParser(11571): Avail updated for feature [bluesteel_profile_easter] to:true
I/DefaultLiHttpClient(11571): Current retry config is:UseLiExceptionRetry
I/PersistentCookieStore(11571): Get Persistent Cookie Store
I/PersistentCookieStore(11571): mInstance == null. init mInstance
I/PersistentCookieStore(11571): no migration
I/MobileClient(11571): Mobile server: https://touch.www.linkedin.com
I/WebViewFactory(11571): Loading com.google.android.webview version 44.0.2403.90 (code 240309000)
I/LibraryLoader(11571): Time to load native libraries: 1 ms (timestamps 8919-8920)
I/LibraryLoader(11571): Expected native library version number "",actual native library version number ""
V/WebViewChromiumFactoryProvider(11571): Binding Chromium to main looper Looper (main, tid 1) {2a29e777}
I/LibraryLoader(11571): Expected native library version number "",actual native library version number ""
I/chromium(11571): [INFO:library_loader_hooks.cc(120)] Chromium logging enabled: level = 0, default verbosity = 0
I/BrowserStartupController(11571): Initializing chromium process, singleProcess=true
W/art     (11571): Attempt to remove local handle scope entry from IRT, ignoring
E/SysUtils(11571): ApplicationContext is null in ApplicationStatus
W/chromium(11571): [WARNING:resource_bundle.cc(285)] locale_file_path.empty()
E/libEGL  (11571): validate_display:255 error 3008 (EGL_BAD_DISPLAY)
E/libEGL  (11571): validate_display:255 error 3008 (EGL_BAD_DISPLAY)
I/Adreno-EGL(11571): <qeglDrvAPI_eglInitialize:410>: EGL 1.4 QUALCOMM build: AU_LINUX_ANDROID_LA.BF.1.1.1.C2.05.00.00.046.002_msm8974_LA.BF.1.1.1.C2__release_AU ()
I/Adreno-EGL(11571): OpenGL ES Shader Compiler Version: E031.25.03.00
I/Adreno-EGL(11571): Build Date: 01/06/15 Tue
I/Adreno-EGL(11571): Local Branch: mybranch6793908
I/Adreno-EGL(11571): Remote Branch: quic/LA.BF.1.1.1.c2
I/Adreno-EGL(11571): Local Patches: NONE
I/Adreno-EGL(11571): Reconstruct Branch: AU_LINUX_ANDROID_LA.BF.1.1.1.C2.05.00.00.046.002 +  NOTHING
W/AudioManagerAndroid(11571): Requires BLUETOOTH permission
W/art     (11571): Attempt to remove local handle scope entry from IRT, ignoring
W/AwContents(11571): onDetachedFromWindow called when already detached. Ignoring
I/PersistentCookieStore(11571): Get Persistent Cookie Store
W/art     (11571): Attempt to remove local handle scope entry from IRT, ignoring
W/chromium(11571): [WARNING:data_reduction_proxy_config.cc(423)] SPDY proxy OFF at startup
I/PersistentCookieStore(11571): Get Persistent Cookie Store
I/RequestQueue(11571): Init Network Client
I/RequestQueue(11571): Network dispatcher has started
D/LI_AUTH_LIB(11571): in init username=sreinst1@gmail.com
I/PersistentCookieStore(11571): All cookies cleared
D/com.linkedin.android.liauthlib.NetworkDispatcher(11571): sending request https://www.linkedin.com/mob/sso/you
D/ACRA    (11571): ACRA is enabled for com.linkedin.android, intializing...
I/ActivityManager(  706): Killing 9158:com.android.mms/u0a10 (adj 15): empty #17
D/ACRA    (11571): Looking for error files in /data/data/com.linkedin.android/files
I/LiApplication(11571): Locale found in prefs: 
I/LiApplication(11571): Updated language/locale to: iw_IL
V/ActivityManager(  706): killProcessGroupAsync took 5 ms for PID 9158 on thread 17
E/WifiStateMachine(  706): WifiStateMachine L2Connected CMD_START_SCAN source -2 2196, 2200 -> obsolete
D/com.linkedin.android.liauthlib.NetworkDispatcher(11571): got response from https://www.linkedin.com/mob/sso/you
I/chromium(24425): [INFO:CONSOLE(173)] "No Content-Security-Policy meta tag found. Please add one when using the cordova-plugin-whitelist plugin.", source: file:///android_asset/www/plugins/cordova-plugin-console/www/console-via-logger.js (173)
D/PluginManager(24425): exec() call to unknown plugin: Console
I/chromium(24425): [INFO:CONSOLE(173)] "No Content-Security-Policy meta tag found. Please add one when using the cordova-plugin-whitelist plugin.", source: file:///android_asset/www/plugins/cordova-plugin-console/www/console-via-logger.js (173)
D/PluginManager(24425): exec() call to unknown plugin: Console
I/GCM     (22740): GCM message com.google.android.talk 0:1438169375007923%5a539273f9fd7ecd:dr:com.google.android.talk:dr:2615154502@google.com:dr:0:1438169375007923%5a539273f9fd7ecd
I/Babel   (25175): Account Redacted-3 is valid for babel:true
I/Babel   (25175): Account Redacted-3 matches participantId: false
I/Babel   (25175): account.getParticipantId(): ParticipantId {chatId: _sms_only_account  gaiaId: _sms_only_account}, participantId:ParticipantId {chatId: null  gaiaId: 115018762375243400774}
I/Babel   (25175): Account Redacted-18 is valid for babel:true
I/Babel   (25175): Account Redacted-18 matches participantId: true
I/Babel   (25175): RTCS will handle all server updates.
I/Babel   (25175): Creating RTCS
I/Babel   (25175): Destroying RTCS
I/GCM     (22740): GCM message com.google.android.talk 0:1438169375329904%5a539273f9fd7ecd:dr:com.google.android.talk:dr:2615154502@google.com:dr:0:1438169375329904%5a539273f9fd7ecd
I/Babel   (25175): Account Redacted-3 is valid for babel:true
I/Babel   (25175): Account Redacted-3 matches participantId: false
I/Babel   (25175): account.getParticipantId(): ParticipantId {chatId: _sms_only_account  gaiaId: _sms_only_account}, participantId:ParticipantId {chatId: null  gaiaId: 115018762375243400774}
I/Babel   (25175): Account Redacted-18 is valid for babel:true
I/Babel   (25175): Account Redacted-18 matches participantId: true
I/Babel   (25175): RTCS will handle all server updates.
I/Babel   (25175): Creating RTCS
I/Babel   (25175): Destroying RTCS
I/GCM     (22740): GCM message com.google.android.talk 0:1438169380141887%5a539273f9fd7ecd:dr:com.google.android.talk:dr:2615154502@google.com:dr:0:1438169380141887%5a539273f9fd7ecd
I/Babel   (25175): Account Redacted-3 is valid for babel:true
I/Babel   (25175): Account Redacted-3 matches participantId: false
I/Babel   (25175): account.getParticipantId(): ParticipantId {chatId: _sms_only_account  gaiaId: _sms_only_account}, participantId:ParticipantId {chatId: null  gaiaId: 115018762375243400774}
I/Babel   (25175): Account Redacted-18 is valid for babel:true
I/Babel   (25175): Account Redacted-18 matches participantId: true
I/Babel   (25175): RTCS will handle all server updates.
I/Babel   (25175): Creating RTCS
I/chromium(24425): [INFO:CONSOLE(173)] "No Content-Security-Policy meta tag found. Please add one when using the cordova-plugin-whitelist plugin.", source: file:///android_asset/www/plugins/cordova-plugin-console/www/console-via-logger.js (173)
D/PluginManager(24425): exec() call to unknown plugin: Console
E/SQLiteLog(25175): (284) automatic index on conversation_participants_view(conversation_id)
I/Babel   (25175): Destroying RTCS
E/SQLiteLog(25175): (284) automatic index on conversation_participants_view(conversation_id)
E/SQLiteLog(25175): (284) automatic index on conversation_participants_view(conversation_id)
I/GCM     (22740): GCM message com.google.android.talk 0:1438169381880259%5a539273f9fd7ecd:dr:com.google.android.talk:dr:2615154502@google.com:dr:0:1438169381880259%5a539273f9fd7ecd
I/Babel   (25175): Account Redacted-3 is valid for babel:true
I/Babel   (25175): Account Redacted-3 matches participantId: false
I/Babel   (25175): account.getParticipantId(): ParticipantId {chatId: _sms_only_account  gaiaId: _sms_only_account}, participantId:ParticipantId {chatId: null  gaiaId: 115018762375243400774}
I/Babel   (25175): Account Redacted-18 is valid for babel:true
I/Babel   (25175): Account Redacted-18 matches participantId: true
I/Babel   (25175): RTCS will handle all server updates.
I/Babel   (25175): Creating RTCS
I/Babel   (25175): Destroying RTCS
D/LightsService(  706): Excessive delay setting light: 63ms
D/LightsService(  706): Excessive delay setting light: 99ms
D/LightsService(  706): Excessive delay setting light: 80ms
D/LightsService(  706): Excessive delay setting light: 80ms
D/LightsService(  706): Excessive delay setting light: 99ms
D/LightsService(  706): Excessive delay setting light: 82ms
D/LightsService(  706): Excessive delay setting light: 82ms
D/LightsService(  706): Excessive delay setting light: 99ms
D/LightsService(  706): Excessive delay setting light: 82ms
D/LightsService(  706): Excessive delay setting light: 98ms
D/LightsService(  706): Excessive delay setting light: 99ms
D/LightsService(  706): Excessive delay setting light: 65ms
I/GCM     (22740): GCM message com.google.android.talk 0:1438169385640071%5a539273f9fd7ecd:dr:com.google.android.talk:dr:2615154502@google.com:dr:0:1438169385640071%5a539273f9fd7ecd
I/Babel   (25175): Account Redacted-3 is valid for babel:true
I/Babel   (25175): Account Redacted-3 matches participantId: false
I/Babel   (25175): account.getParticipantId(): ParticipantId {chatId: _sms_only_account  gaiaId: _sms_only_account}, participantId:ParticipantId {chatId: null  gaiaId: 115018762375243400774}
I/Babel   (25175): Account Redacted-18 is valid for babel:true
I/Babel   (25175): Account Redacted-18 matches participantId: true
I/Babel   (25175): RTCS will handle all server updates.
I/Babel   (25175): Creating RTCS
I/Babel   (25175): Destroying RTCS
I/PowerManagerService(  706): Going to sleep due to screen timeout (uid 1000)...
I/DisplayManagerService(  706): Display device changed: DisplayDeviceInfo{"מסך מובנה": uniqueId="local:0", 720 x 1280, 60.0 fps, supportedRefreshRates [60.0], density 320, 304.799 x 306.716 dpi, appVsyncOff 0, presDeadline 17666667, touch INTERNAL, rotation 0, type BUILT_IN, state OFF, FLAG_DEFAULT_DISPLAY, FLAG_ROTATES_WITH_CONTENT, FLAG_SECURE, FLAG_SUPPORTS_PROTECTED_BUFFERS}
V/ActivityManager(  706): Display changed displayId=0
D/SurfaceFlinger(  258): Set power mode=0, type=0 flinger=0xb8bc45e0
D/qdhwcomposer(  258): hwc_setPowerMode: Setting mode 0 on display: 0
I/qdhwcomposer(  258): handle_blank_event: dpy:0 panel power state: 0
D/qdhwcomposer(  258): hwc_setPowerMode: Done setting mode 0 on display 0
D/SurfaceControl(  706): Excessive delay in setPowerMode(): 291ms
D/PowerHAL_H_Ext(  706): cm_power_set_interactive_ext: disabling input devices
I/QCOM PowerHAL(  706): Got set_interactive hint
D/PowerManagerService-JNI(  706): Excessive delay in setInteractive(false) while turning screen off: 59ms
I/DreamManagerService(  706): Entering dreamland.
I/PowerManagerService(  706): Dozing...
I/DreamController(  706): Starting dream: name=ComponentInfo{com.android.systemui/com.android.systemui.doze.DozeService}, isTest=false, canDoze=true, userId=0
I/chromium(24425): [INFO:CONSOLE(173)] "No Content-Security-Policy meta tag found. Please add one when using the cordova-plugin-whitelist plugin.", source: file:///android_asset/www/plugins/cordova-plugin-console/www/console-via-logger.js (173)
D/PluginManager(24425): exec() call to unknown plugin: Console
D/audio_hw_primary(  268): adev_set_parameters: enter: screen_state=off
E/WifiStateMachine(  706): cancelDelayedScan -> 2202
D/PhoneStatusBar(  940): disable: < expand ICONS* alerts SYSTEM_INFO* back home recent clock search >
E/TaskManager(  940): refreshTaskManagerView
W/ResourceType(  940): No package identifier when getting value for resource number 0x00000000
W/PackageManager(  940): Failure retrieving resources for com.teslacoilsw.launcher: Resource ID #0x0
W/ResourceType(  940): No package identifier when getting value for resource number 0x00000000
W/PackageManager(  940): Failure retrieving resources for com.whatsapp: Resource ID #0x0
W/ResourceType(  940): No package identifier when getting value for resource number 0x00000000
W/PackageManager(  940): Failure retrieving resources for com.android.browser: Resource ID #0x0
W/ResourceType(  940): No package identifier when getting value for resource number 0x00000000
W/PackageManager(  940): Failure retrieving resources for com.google.android.googlequicksearchbox: Resource ID #0x0
W/ResourceType(  940): No package identifier when getting value for resource number 0x00000000
W/PackageManager(  940): Failure retrieving resources for com.ionicframework.tomertest562758: Resource ID #0x0
W/ResourceType(  940): No package identifier when getting value for resource number 0x00000000
W/PackageManager(  940): Failure retrieving resources for com.ionicframework.medicycle956787: Resource ID #0x0
W/Settings(  940): Setting airplane_mode_on has moved from android.provider.Settings.System to android.provider.Settings.Global, returning read-only value.
W/Settings(  940): Setting airplane_mode_on has moved from android.provider.Settings.System to android.provider.Settings.Global, returning read-only value.
D/BluetoothAdapter(  940): 486001873: getState() :  mService = null. Returning STATE_OFF
D/BluetoothAdapter(  940): 486001873: getState() :  mService = null. Returning STATE_OFF
D/BluetoothAdapter(  940): 486001873: getState() :  mService = null. Returning STATE_OFF
D/BluetoothAdapter(  940): 486001873: getState() :  mService = null. Returning STATE_OFF
D/BluetoothAdapter(  940): 486001873: getState() :  mService = null. Returning STATE_OFF
D/BluetoothAdapter(  940): 486001873: getState() :  mService = null. Returning STATE_OFF
D/PhoneStatusBar(  940): disable: < expand ICONS alerts SYSTEM_INFO back HOME* RECENT* clock SEARCH* >
E/WifiStateMachine(  706): WifiStateMachine L2Connected CMD_START_SCAN source -2 2201, 2202 -> obsolete
I/chromium(24425): [INFO:CONSOLE(173)] "No Content-Security-Policy meta tag found. Please add one when using the cordova-plugin-whitelist plugin.", source: file:///android_asset/www/plugins/cordova-plugin-console/www/console-via-logger.js (173)
D/PluginManager(24425): exec() call to unknown plugin: Console
I/chromium(24425): [INFO:CONSOLE(173)] "No Content-Security-Policy meta tag found. Please add one when using the cordova-plugin-whitelist plugin.", source: file:///android_asset/www/plugins/cordova-plugin-console/www/console-via-logger.js (173)
D/PluginManager(24425): exec() call to unknown plugin: Console
I/chromium(24425): [INFO:CONSOLE(173)] "No Content-Security-Policy meta tag found. Please add one when using the cordova-plugin-whitelist plugin.", source: file:///android_asset/www/plugins/cordova-plugin-console/www/console-via-logger.js (173)
D/PluginManager(24425): exec() call to unknown plugin: Console
I/GCM     (22740): GCM message com.google.android.talk 0:1438169422593750%5a539273f9fd7ecd:dr:com.google.android.talk:dr:2615154502@google.com:dr:0:1438169422593750%5a539273f9fd7ecd
I/Babel   (25175): Account Redacted-3 is valid for babel:true
I/Babel   (25175): Account Redacted-3 matches participantId: false
I/Babel   (25175): account.getParticipantId(): ParticipantId {chatId: _sms_only_account  gaiaId: _sms_only_account}, participantId:ParticipantId {chatId: null  gaiaId: 115018762375243400774}
I/Babel   (25175): Account Redacted-18 is valid for babel:true
I/Babel   (25175): Account Redacted-18 matches participantId: true
I/Babel   (25175): RTCS will handle all server updates.
I/Babel   (25175): Creating RTCS
I/Babel   (25175): Destroying RTCS
I/GCM     (22740): GCM message com.google.android.talk 0:1438169424270842%5a539273f9fd7ecd:dr:com.google.android.talk:dr:2615154502@google.com:dr:0:1438169424270842%5a539273f9fd7ecd
I/Babel   (25175): Account Redacted-3 is valid for babel:true
I/Babel   (25175): Account Redacted-3 matches participantId: false
I/Babel   (25175): account.getParticipantId(): ParticipantId {chatId: _sms_only_account  gaiaId: _sms_only_account}, participantId:ParticipantId {chatId: null  gaiaId: 115018762375243400774}
I/Babel   (25175): Account Redacted-18 is valid for babel:true
I/Babel   (25175): Account Redacted-18 matches participantId: true
I/Babel   (25175): RTCS will handle all server updates.
I/Babel   (25175): Creating RTCS
I/Babel   (25175): Destroying RTCS
I/GCM     (22740): GCM message com.google.android.talk 0:1438169429275905%5a539273f9fd7ecd:dr:com.google.android.talk:dr:2615154502@google.com:dr:0:1438169429275905%5a539273f9fd7ecd
I/Babel   (25175): Account Redacted-3 is valid for babel:true
I/Babel   (25175): Account Redacted-3 matches participantId: false
I/Babel   (25175): account.getParticipantId(): ParticipantId {chatId: _sms_only_account  gaiaId: _sms_only_account}, participantId:ParticipantId {chatId: null  gaiaId: 115018762375243400774}
I/Babel   (25175): Account Redacted-18 is valid for babel:true
I/Babel   (25175): Account Redacted-18 matches participantId: true
I/Babel   (25175): RTCS will handle all server updates.
I/Babel   (25175): Creating RTCS
I/Babel   (25175): Destroying RTCS
I/chromium(24425): [INFO:CONSOLE(173)] "No Content-Security-Policy meta tag found. Please add one when using the cordova-plugin-whitelist plugin.", source: file:///android_asset/www/plugins/cordova-plugin-console/www/console-via-logger.js (173)
D/PluginManager(24425): exec() call to unknown plugin: Console
I/GCM     (22740): GCM message com.google.android.talk 0:1438169436177378%5a539273f9fd7ecd:dr:com.google.android.talk:dr:2615154502@google.com:dr:0:1438169436177378%5a539273f9fd7ecd
I/Babel   (25175): Account Redacted-3 is valid for babel:true
I/Babel   (25175): Account Redacted-3 matches participantId: false
I/Babel   (25175): account.getParticipantId(): ParticipantId {chatId: _sms_only_account  gaiaId: _sms_only_account}, participantId:ParticipantId {chatId: null  gaiaId: 115018762375243400774}
I/Babel   (25175): Account Redacted-18 is valid for babel:true
I/Babel   (25175): Account Redacted-18 matches participantId: true
I/Babel   (25175): RTCS will handle all server updates.
I/Babel   (25175): Creating RTCS
I/Babel   (25175): Destroying RTCS
I/GCM     (22740): GCM message com.google.android.talk 0:1438169439434441%5a539273f9fd7ecd:dr:com.google.android.talk:dr:2615154502@google.com:dr:0:1438169439434441%5a539273f9fd7ecd
I/Babel   (25175): Account Redacted-3 is valid for babel:true
I/Babel   (25175): Account Redacted-3 matches participantId: false
I/Babel   (25175): account.getParticipantId(): ParticipantId {chatId: _sms_only_account  gaiaId: _sms_only_account}, participantId:ParticipantId {chatId: null  gaiaId: 115018762375243400774}
I/Babel   (25175): Account Redacted-18 is valid for babel:true
I/Babel   (25175): Account Redacted-18 matches participantId: true
I/Babel   (25175): RTCS will handle all server updates.
I/Babel   (25175): Creating RTCS
I/Babel   (25175): Destroying RTCS
I/chromium(24425): [INFO:CONSOLE(173)] "No Content-Security-Policy meta tag found. Please add one when using the cordova-plugin-whitelist plugin.", source: file:///android_asset/www/plugins/cordova-plugin-console/www/console-via-logger.js (173)
D/PluginManager(24425): exec() call to unknown plugin: Console
I/GCM     (22740): GCM message com.google.android.talk 0:1438169444512435%5a539273f9fd7ecd:dr:com.google.android.talk:dr:2615154502@google.com:dr:0:1438169444512435%5a539273f9fd7ecd
I/Babel   (25175): Account Redacted-3 is valid for babel:true
I/Babel   (25175): Account Redacted-3 matches participantId: false
I/Babel   (25175): account.getParticipantId(): ParticipantId {chatId: _sms_only_account  gaiaId: _sms_only_account}, participantId:ParticipantId {chatId: null  gaiaId: 115018762375243400774}
I/Babel   (25175): Account Redacted-18 is valid for babel:true
I/Babel   (25175): Account Redacted-18 matches participantId: true
I/Babel   (25175): RTCS will handle all server updates.
I/Babel   (25175): Creating RTCS
I/Babel   (25175): Destroying RTCS
I/GCM     (22740): GCM message com.google.android.talk 0:1438169449286583%5a539273f9fd7ecd:dr:com.google.android.talk:dr:2615154502@google.com:dr:0:1438169449286583%5a539273f9fd7ecd
